GAS LISTING /tmp/ccWRMmC6.s 			page 1


   1              		.file	"_new.cpp"
   2              		.option pic
   3              		.option norelax
   4              		.text
   5              	.Ltext0:
   6              		.align	2
   7              		.globl	_Znwm
   9              	_Znwm:
  10              	.LFB39:
  11              		.file 1 "src/_new.cpp"
   1:src/_new.cpp  **** #include "../lib/mem.h"
   2:src/_new.cpp  **** #include "../h/syscall_cpp.hpp"
   3:src/_new.cpp  **** #include "../h/memory.hpp"
   4:src/_new.cpp  **** 
   5:src/_new.cpp  **** 
   6:src/_new.cpp  **** 
   7:src/_new.cpp  **** void *operator new(uint64 n) {
  12              		.loc 1 7 30
  13              		.cfi_startproc
  14              	.LVL0:
  15 0000 130101FF 		addi	sp,sp,-16
  16              		.cfi_def_cfa_offset 16
  17 0004 23341100 		sd	ra,8(sp)
  18 0008 23308100 		sd	s0,0(sp)
  19              		.cfi_offset 1, -8
  20              		.cfi_offset 8, -16
  21 000c 13040101 		addi	s0,sp,16
  22              		.cfi_def_cfa 8, 0
   8:src/_new.cpp  ****     //return __mem_alloc(n);
   9:src/_new.cpp  ****     return mem_alloc(n);
  23              		.loc 1 9 5
  24              		.loc 1 9 21 is_stmt 0
  25 0010 97000000 		call	_Z9mem_allocm@plt
  25      E7800000 
  26              	.LVL1:
  10:src/_new.cpp  **** }
  27              		.loc 1 10 1
  28 0018 83308100 		ld	ra,8(sp)
  29              		.cfi_restore 1
  30 001c 03340100 		ld	s0,0(sp)
  31              		.cfi_restore 8
  32              		.cfi_def_cfa 2, 16
  33 0020 13010101 		addi	sp,sp,16
  34              		.cfi_def_cfa_offset 0
  35 0024 67800000 		jr	ra
  36              		.cfi_endproc
  37              	.LFE39:
  39              		.align	2
  40              		.globl	_Znam
  42              	_Znam:
  43              	.LFB40:
  11:src/_new.cpp  **** 
  12:src/_new.cpp  **** void *operator new[](uint64 n) {
  44              		.loc 1 12 32 is_stmt 1
  45              		.cfi_startproc
  46              	.LVL2:
  47 0028 130101FF 		addi	sp,sp,-16
GAS LISTING /tmp/ccWRMmC6.s 			page 2


  48              		.cfi_def_cfa_offset 16
  49 002c 23341100 		sd	ra,8(sp)
  50 0030 23308100 		sd	s0,0(sp)
  51              		.cfi_offset 1, -8
  52              		.cfi_offset 8, -16
  53 0034 13040101 		addi	s0,sp,16
  54              		.cfi_def_cfa 8, 0
  13:src/_new.cpp  ****     //return __mem_alloc(n);
  14:src/_new.cpp  ****     return mem_alloc(n);
  55              		.loc 1 14 5
  56              		.loc 1 14 21 is_stmt 0
  57 0038 97000000 		call	_Z9mem_allocm@plt
  57      E7800000 
  58              	.LVL3:
  15:src/_new.cpp  **** }
  59              		.loc 1 15 1
  60 0040 83308100 		ld	ra,8(sp)
  61              		.cfi_restore 1
  62 0044 03340100 		ld	s0,0(sp)
  63              		.cfi_restore 8
  64              		.cfi_def_cfa 2, 16
  65 0048 13010101 		addi	sp,sp,16
  66              		.cfi_def_cfa_offset 0
  67 004c 67800000 		jr	ra
  68              		.cfi_endproc
  69              	.LFE40:
  71              		.align	2
  72              		.globl	_ZdlPv
  74              	_ZdlPv:
  75              	.LFB41:
  16:src/_new.cpp  **** 
  17:src/_new.cpp  **** void operator delete(void *p) noexcept {
  76              		.loc 1 17 40 is_stmt 1
  77              		.cfi_startproc
  78              		.cfi_personality 0x9b,DW.ref.__gxx_personality_v0
  79              		.cfi_lsda 0x1b,.LLSDA41
  80              	.LVL4:
  81 0050 130101FF 		addi	sp,sp,-16
  82              		.cfi_def_cfa_offset 16
  83 0054 23341100 		sd	ra,8(sp)
  84 0058 23308100 		sd	s0,0(sp)
  85              		.cfi_offset 1, -8
  86              		.cfi_offset 8, -16
  87 005c 13040101 		addi	s0,sp,16
  88              		.cfi_def_cfa 8, 0
  18:src/_new.cpp  ****     //__mem_free(p);
  19:src/_new.cpp  ****     mem_free(p);
  89              		.loc 1 19 5
  90              		.loc 1 19 13 is_stmt 0
  91 0060 97000000 		call	_Z8mem_freePv@plt
  91      E7800000 
  92              	.LVL5:
  20:src/_new.cpp  **** }
  93              		.loc 1 20 1
  94 0068 83308100 		ld	ra,8(sp)
  95              		.cfi_restore 1
  96 006c 03340100 		ld	s0,0(sp)
GAS LISTING /tmp/ccWRMmC6.s 			page 3


  97              		.cfi_restore 8
  98              		.cfi_def_cfa 2, 16
  99 0070 13010101 		addi	sp,sp,16
 100              		.cfi_def_cfa_offset 0
 101 0074 67800000 		jr	ra
 102              		.cfi_endproc
 103              	.LFE41:
 104              		.globl	__gxx_personality_v0
 105              		.section	.gcc_except_table,"a",@progbits
 106              	.LLSDA41:
 107 0000 FF       		.byte	0xff
 108 0001 FF       		.byte	0xff
 109 0002 03       		.byte	0x3
 110 0003 00       		.byte	0
 111              		.text
 113              		.align	2
 114              		.globl	_ZdaPv
 116              	_ZdaPv:
 117              	.LFB42:
  21:src/_new.cpp  **** 
  22:src/_new.cpp  **** void operator delete[](void *p) noexcept {
 118              		.loc 1 22 42 is_stmt 1
 119              		.cfi_startproc
 120              		.cfi_personality 0x9b,DW.ref.__gxx_personality_v0
 121              		.cfi_lsda 0x1b,.LLSDA42
 122              	.LVL6:
 123 0078 130101FF 		addi	sp,sp,-16
 124              		.cfi_def_cfa_offset 16
 125 007c 23341100 		sd	ra,8(sp)
 126 0080 23308100 		sd	s0,0(sp)
 127              		.cfi_offset 1, -8
 128              		.cfi_offset 8, -16
 129 0084 13040101 		addi	s0,sp,16
 130              		.cfi_def_cfa 8, 0
  23:src/_new.cpp  ****     //__mem_free(p);
  24:src/_new.cpp  ****     mem_free(p);
 131              		.loc 1 24 5
 132              		.loc 1 24 13 is_stmt 0
 133 0088 97000000 		call	_Z8mem_freePv@plt
 133      E7800000 
 134              	.LVL7:
  25:src/_new.cpp  **** }...
 135              		.loc 1 25 1
 136 0090 83308100 		ld	ra,8(sp)
 137              		.cfi_restore 1
 138 0094 03340100 		ld	s0,0(sp)
 139              		.cfi_restore 8
 140              		.cfi_def_cfa 2, 16
 141 0098 13010101 		addi	sp,sp,16
 142              		.cfi_def_cfa_offset 0
 143 009c 67800000 		jr	ra
 144              		.cfi_endproc
 145              	.LFE42:
 146              		.section	.gcc_except_table
 147              	.LLSDA42:
 148 0004 FF       		.byte	0xff
 149 0005 FF       		.byte	0xff
GAS LISTING /tmp/ccWRMmC6.s 			page 4


 150 0006 03       		.byte	0x3
 151 0007 00       		.byte	0
 152              		.text
 154              	.Letext0:
 155              		.file 2 "src/../lib/hw.h"
 156              		.file 3 "src/../h/../h/TCB.hpp"
 157              		.file 4 "src/../h/../h/syscall_c.hpp"
 858              		.align	3
 861              	DW.ref.__gxx_personality_v0:
 862 0000 00000000 		.dword	__gxx_personality_v0
 862      00000000 
 863              		.ident	"GCC: (Ubuntu 9.4.0-1ubuntu1~20.04) 9.4.0"
 864              		.section	.note.GNU-stack,"",@progbits
GAS LISTING /tmp/ccWRMmC6.s 			page 5


DEFINED SYMBOLS
                            *ABS*:0000000000000000 _new.cpp
     /tmp/ccWRMmC6.s:9      .text:0000000000000000 _Znwm
     /tmp/ccWRMmC6.s:13     .text:0000000000000000 .L0 
     /tmp/ccWRMmC6.s:15     .text:0000000000000000 .L0 
     /tmp/ccWRMmC6.s:16     .text:0000000000000004 .L0 
     /tmp/ccWRMmC6.s:19     .text:000000000000000c .L0 
     /tmp/ccWRMmC6.s:20     .text:000000000000000c .L0 
     /tmp/ccWRMmC6.s:22     .text:0000000000000010 .L0 
     /tmp/ccWRMmC6.s:24     .text:0000000000000010 .L0 
     /tmp/ccWRMmC6.s:25     .text:0000000000000010 .L0 
     /tmp/ccWRMmC6.s:28     .text:0000000000000018 .L0 
     /tmp/ccWRMmC6.s:29     .text:000000000000001c .L0 
     /tmp/ccWRMmC6.s:31     .text:0000000000000020 .L0 
     /tmp/ccWRMmC6.s:32     .text:0000000000000020 .L0 
     /tmp/ccWRMmC6.s:34     .text:0000000000000024 .L0 
     /tmp/ccWRMmC6.s:36     .text:0000000000000028 .L0 
     /tmp/ccWRMmC6.s:42     .text:0000000000000028 _Znam
     /tmp/ccWRMmC6.s:45     .text:0000000000000028 .L0 
     /tmp/ccWRMmC6.s:47     .text:0000000000000028 .L0 
     /tmp/ccWRMmC6.s:48     .text:000000000000002c .L0 
     /tmp/ccWRMmC6.s:51     .text:0000000000000034 .L0 
     /tmp/ccWRMmC6.s:52     .text:0000000000000034 .L0 
     /tmp/ccWRMmC6.s:54     .text:0000000000000038 .L0 
     /tmp/ccWRMmC6.s:56     .text:0000000000000038 .L0 
     /tmp/ccWRMmC6.s:57     .text:0000000000000038 .L0 
     /tmp/ccWRMmC6.s:60     .text:0000000000000040 .L0 
     /tmp/ccWRMmC6.s:61     .text:0000000000000044 .L0 
     /tmp/ccWRMmC6.s:63     .text:0000000000000048 .L0 
     /tmp/ccWRMmC6.s:64     .text:0000000000000048 .L0 
     /tmp/ccWRMmC6.s:66     .text:000000000000004c .L0 
     /tmp/ccWRMmC6.s:68     .text:0000000000000050 .L0 
     /tmp/ccWRMmC6.s:74     .text:0000000000000050 _ZdlPv
     /tmp/ccWRMmC6.s:77     .text:0000000000000050 .L0 
     /tmp/ccWRMmC6.s:861    .data.rel.local.DW.ref.__gxx_personality_v0:0000000000000000 DW.ref.__gxx_personality_v0
     /tmp/ccWRMmC6.s:81     .text:0000000000000050 .L0 
     /tmp/ccWRMmC6.s:82     .text:0000000000000054 .L0 
     /tmp/ccWRMmC6.s:85     .text:000000000000005c .L0 
     /tmp/ccWRMmC6.s:86     .text:000000000000005c .L0 
     /tmp/ccWRMmC6.s:88     .text:0000000000000060 .L0 
     /tmp/ccWRMmC6.s:90     .text:0000000000000060 .L0 
     /tmp/ccWRMmC6.s:91     .text:0000000000000060 .L0 
     /tmp/ccWRMmC6.s:94     .text:0000000000000068 .L0 
     /tmp/ccWRMmC6.s:95     .text:000000000000006c .L0 
     /tmp/ccWRMmC6.s:97     .text:0000000000000070 .L0 
     /tmp/ccWRMmC6.s:98     .text:0000000000000070 .L0 
     /tmp/ccWRMmC6.s:100    .text:0000000000000074 .L0 
     /tmp/ccWRMmC6.s:102    .text:0000000000000078 .L0 
     /tmp/ccWRMmC6.s:116    .text:0000000000000078 _ZdaPv
     /tmp/ccWRMmC6.s:119    .text:0000000000000078 .L0 
     /tmp/ccWRMmC6.s:123    .text:0000000000000078 .L0 
     /tmp/ccWRMmC6.s:124    .text:000000000000007c .L0 
     /tmp/ccWRMmC6.s:127    .text:0000000000000084 .L0 
     /tmp/ccWRMmC6.s:128    .text:0000000000000084 .L0 
     /tmp/ccWRMmC6.s:130    .text:0000000000000088 .L0 
     /tmp/ccWRMmC6.s:132    .text:0000000000000088 .L0 
     /tmp/ccWRMmC6.s:133    .text:0000000000000088 .L0 
GAS LISTING /tmp/ccWRMmC6.s 			page 6


     /tmp/ccWRMmC6.s:136    .text:0000000000000090 .L0 
     /tmp/ccWRMmC6.s:137    .text:0000000000000094 .L0 
     /tmp/ccWRMmC6.s:139    .text:0000000000000098 .L0 
     /tmp/ccWRMmC6.s:140    .text:0000000000000098 .L0 
     /tmp/ccWRMmC6.s:142    .text:000000000000009c .L0 
     /tmp/ccWRMmC6.s:144    .text:00000000000000a0 .L0 
     /tmp/ccWRMmC6.s:158    .text:00000000000000a0 .L0 
     /tmp/ccWRMmC6.s:446    .debug_abbrev:0000000000000000 .Ldebug_abbrev0
     /tmp/ccWRMmC6.s:845    .debug_str:000000000000019e .LASF32
     /tmp/ccWRMmC6.s:849    .debug_str:0000000000000271 .LASF33
     /tmp/ccWRMmC6.s:793    .debug_str:0000000000000033 .LASF34
     /tmp/ccWRMmC6.s:5      .text:0000000000000000 .Ltext0
     /tmp/ccWRMmC6.s:154    .text:00000000000000a0 .Letext0
     /tmp/ccWRMmC6.s:783    .debug_line:0000000000000000 .Ldebug_line0
     /tmp/ccWRMmC6.s:819    .debug_str:00000000000000ec .LASF0
     /tmp/ccWRMmC6.s:821    .debug_str:00000000000000f9 .LASF1
     /tmp/ccWRMmC6.s:815    .debug_str:00000000000000cb .LASF2
     /tmp/ccWRMmC6.s:809    .debug_str:00000000000000b7 .LASF4
     /tmp/ccWRMmC6.s:837    .debug_str:000000000000015f .LASF3
     /tmp/ccWRMmC6.s:787    .debug_str:0000000000000010 .LASF5
     /tmp/ccWRMmC6.s:823    .debug_str:000000000000010c .LASF6
     /tmp/ccWRMmC6.s:817    .debug_str:00000000000000d9 .LASF7
     /tmp/ccWRMmC6.s:851    .debug_str:000000000000027e .LASF8
     /tmp/ccWRMmC6.s:807    .debug_str:00000000000000a9 .LASF9
     /tmp/ccWRMmC6.s:829    .debug_str:000000000000012a .LASF10
     /tmp/ccWRMmC6.s:847    .debug_str:0000000000000262 .LASF11
     /tmp/ccWRMmC6.s:789    .debug_str:0000000000000017 .LASF12
     /tmp/ccWRMmC6.s:785    .debug_str:0000000000000000 .LASF13
     /tmp/ccWRMmC6.s:791    .debug_str:0000000000000027 .LASF14
     /tmp/ccWRMmC6.s:833    .debug_str:0000000000000142 .LASF15
     /tmp/ccWRMmC6.s:799    .debug_str:0000000000000070 .LASF16
     /tmp/ccWRMmC6.s:795    .debug_str:0000000000000054 .LASF17
     /tmp/ccWRMmC6.s:801    .debug_str:0000000000000086 .LASF18
     /tmp/ccWRMmC6.s:825    .debug_str:000000000000011f .LASF19
     /tmp/ccWRMmC6.s:843    .debug_str:000000000000018b .LASF20
     /tmp/ccWRMmC6.s:835    .debug_str:0000000000000158 .LASF22
     /tmp/ccWRMmC6.s:117    .text:0000000000000078 .LFB42
     /tmp/ccWRMmC6.s:145    .text:00000000000000a0 .LFE42
     /tmp/ccWRMmC6.s:714    .debug_loc:0000000000000000 .LLST3
     /tmp/ccWRMmC6.s:134    .text:0000000000000090 .LVL7
     /tmp/ccWRMmC6.s:841    .debug_str:000000000000017b .LASF21
     /tmp/ccWRMmC6.s:813    .debug_str:00000000000000c4 .LASF23
     /tmp/ccWRMmC6.s:75     .text:0000000000000050 .LFB41
     /tmp/ccWRMmC6.s:103    .text:0000000000000078 .LFE41
     /tmp/ccWRMmC6.s:728    .debug_loc:0000000000000039 .LLST2
     /tmp/ccWRMmC6.s:92     .text:0000000000000068 .LVL5
     /tmp/ccWRMmC6.s:805    .debug_str:0000000000000099 .LASF24
     /tmp/ccWRMmC6.s:827    .debug_str:0000000000000124 .LASF26
     /tmp/ccWRMmC6.s:43     .text:0000000000000028 .LFB40
     /tmp/ccWRMmC6.s:69     .text:0000000000000050 .LFE40
     /tmp/ccWRMmC6.s:742    .debug_loc:0000000000000072 .LLST1
     /tmp/ccWRMmC6.s:58     .text:0000000000000040 .LVL3
     /tmp/ccWRMmC6.s:853    .debug_str:000000000000028e .LASF25
     /tmp/ccWRMmC6.s:811    .debug_str:00000000000000be .LASF27
     /tmp/ccWRMmC6.s:10     .text:0000000000000000 .LFB39
     /tmp/ccWRMmC6.s:37     .text:0000000000000028 .LFE39
     /tmp/ccWRMmC6.s:756    .debug_loc:00000000000000ab .LLST0
GAS LISTING /tmp/ccWRMmC6.s 			page 7


     /tmp/ccWRMmC6.s:26     .text:0000000000000018 .LVL1
     /tmp/ccWRMmC6.s:803    .debug_str:000000000000008b .LASF28
     /tmp/ccWRMmC6.s:831    .debug_str:0000000000000139 .LASF30
     /tmp/ccWRMmC6.s:797    .debug_str:0000000000000062 .LASF29
     /tmp/ccWRMmC6.s:839    .debug_str:0000000000000171 .LASF31
     /tmp/ccWRMmC6.s:122    .text:0000000000000078 .LVL6
     /tmp/ccWRMmC6.s:80     .text:0000000000000050 .LVL4
     /tmp/ccWRMmC6.s:46     .text:0000000000000028 .LVL2
     /tmp/ccWRMmC6.s:14     .text:0000000000000000 .LVL0
     /tmp/ccWRMmC6.s:159    .debug_info:0000000000000000 .Ldebug_info0
     /tmp/ccWRMmC6.s:106    .gcc_except_table:0000000000000000 .LLSDA41
     /tmp/ccWRMmC6.s:147    .gcc_except_table:0000000000000004 .LLSDA42

UNDEFINED SYMBOLS
_Z9mem_allocm
_Z8mem_freePv
__gxx_personality_v0
