GAS LISTING /tmp/ccv4QTo8.s 			page 1


   1              		.file	"buffer.cpp"
   2              		.option pic
   3              		.option norelax
   4              		.text
   5              	.Ltext0:
   6              		.align	2
   7              		.globl	_ZN5BuffyC2Ei
   9              	_ZN5BuffyC2Ei:
  10              	.LFB34:
  11              		.file 1 "src/buffer.cpp"
   1:src/buffer.cpp **** #include "../h/buffer.hpp"
   2:src/buffer.cpp **** 
   3:src/buffer.cpp **** Buffy::Buffy(int _cap) : cap(_cap + 1), head(0), tail(0) {
  12              		.loc 1 3 1
  13              		.cfi_startproc
  14              	.LVL0:
  15 0000 130101FE 		addi	sp,sp,-32
  16              		.cfi_def_cfa_offset 32
  17 0004 233C1100 		sd	ra,24(sp)
  18 0008 23388100 		sd	s0,16(sp)
  19 000c 23349100 		sd	s1,8(sp)
  20 0010 23302101 		sd	s2,0(sp)
  21              		.cfi_offset 1, -8
  22              		.cfi_offset 8, -16
  23              		.cfi_offset 9, -24
  24              		.cfi_offset 18, -32
  25 0014 13040102 		addi	s0,sp,32
  26              		.cfi_def_cfa 8, 0
  27 0018 93040500 		mv	s1,a0
  28 001c 13890500 		mv	s2,a1
  29              	.LBB31:
  30              		.loc 1 3 35 is_stmt 0
  31 0020 9B871500 		addiw	a5,a1,1
  32 0024 1B850700 		sext.w	a0,a5
  33              	.LVL1:
  34              		.loc 1 3 56
  35 0028 23A0F400 		sw	a5,0(s1)
  36 002c 23A80400 		sw	zero,16(s1)
  37 0030 23AA0400 		sw	zero,20(s1)
   4:src/buffer.cpp ****     buffer = (int *)__mem_alloc(sizeof(int) * cap);
  38              		.loc 1 4 5 is_stmt 1
  39              		.loc 1 4 32 is_stmt 0
  40 0034 13152500 		slli	a0,a0,2
  41 0038 97000000 		call	__mem_alloc@plt
  41      E7800000 
  42              	.LVL2:
  43              		.loc 1 4 12
  44 0040 23B4A400 		sd	a0,8(s1)
   5:src/buffer.cpp ****     itemAvailable = new sem(0);
  45              		.loc 1 5 5 is_stmt 1
  46              		.loc 1 5 30 is_stmt 0
  47 0044 13058002 		li	a0,40
  48 0048 97000000 		call	_Znwm@plt
  48      E7800000 
  49              	.LVL3:
  50              	.LBB32:
  51              	.LBB33:
GAS LISTING /tmp/ccv4QTo8.s 			page 2


  52              		.file 2 "src/../h/semaphore.hpp"
   1:src/../h/semaphore.hpp **** #ifndef OS_PROJECT_BASE_SEMAPHORE_HPP
   2:src/../h/semaphore.hpp **** #define OS_PROJECT_BASE_SEMAPHORE_HPP
   3:src/../h/semaphore.hpp **** 
   4:src/../h/semaphore.hpp **** #include "syscall_c.hpp"
   5:src/../h/semaphore.hpp **** #include "list.hpp"
   6:src/../h/semaphore.hpp **** #include "TCB.hpp"
   7:src/../h/semaphore.hpp **** #include "../lib/mem.h"
   8:src/../h/semaphore.hpp **** 
   9:src/../h/semaphore.hpp **** class sem {
  10:src/../h/semaphore.hpp **** public:
  11:src/../h/semaphore.hpp ****     explicit sem(unsigned init = 1) : value(init), closed(false), counter(0){myHandle = this;}
  53              		.loc 2 11 76
  54 0050 23240500 		sw	zero,8(a0)
  55 0054 23060500 		sb	zero,12(a0)
  56 0058 23280500 		sw	zero,16(a0)
  57              	.LVL4:
  58              	.LBB34:
  59              	.LBB35:
  60              		.file 3 "src/../h/list.hpp"
   1:src/../h/list.hpp **** #ifndef OS_PROJECT_BASE_LIST_HPP
   2:src/../h/list.hpp **** #define OS_PROJECT_BASE_LIST_HPP
   3:src/../h/list.hpp **** 
   4:src/../h/list.hpp **** template<typename T>
   5:src/../h/list.hpp **** class List {
   6:src/../h/list.hpp **** public:
   7:src/../h/list.hpp ****     struct Elem {
   8:src/../h/list.hpp ****         T *data;
   9:src/../h/list.hpp ****         Elem *next;
  10:src/../h/list.hpp **** 
  11:src/../h/list.hpp ****         Elem(T *data, Elem *next) : data(data), next(next) {}
  12:src/../h/list.hpp ****     };
  13:src/../h/list.hpp **** 
  14:src/../h/list.hpp ****     List(): head(0), tail(0) {}
  61              		.loc 3 14 28
  62 005c 233C0500 		sd	zero,24(a0)
  63 0060 23300502 		sd	zero,32(a0)
  64              	.LVL5:
  65              	.LBE35:
  66              	.LBE34:
  67              		.loc 2 11 78 is_stmt 1
  68              		.loc 2 11 87 is_stmt 0
  69 0064 2330A500 		sd	a0,0(a0)
  70              	.LVL6:
  71              	.LBE33:
  72              	.LBE32:
  73              		.loc 1 5 19
  74 0068 23B0A402 		sd	a0,32(s1)
   6:src/buffer.cpp ****     spaceAvailable = new sem(_cap);
  75              		.loc 1 6 5 is_stmt 1
  76              		.loc 1 6 34 is_stmt 0
  77 006c 13058002 		li	a0,40
  78 0070 97000000 		call	_Znwm@plt
  78      E7800000 
  79              	.LVL7:
  80              	.LBB36:
  81              	.LBB37:
GAS LISTING /tmp/ccv4QTo8.s 			page 3


  82              		.loc 2 11 76
  83 0078 23242501 		sw	s2,8(a0)
  84 007c 23060500 		sb	zero,12(a0)
  85 0080 23280500 		sw	zero,16(a0)
  86              	.LVL8:
  87              	.LBB38:
  88              	.LBB39:
  89              		.loc 3 14 28
  90 0084 233C0500 		sd	zero,24(a0)
  91 0088 23300502 		sd	zero,32(a0)
  92              	.LVL9:
  93              	.LBE39:
  94              	.LBE38:
  95              		.loc 2 11 78 is_stmt 1
  96              		.loc 2 11 87 is_stmt 0
  97 008c 2330A500 		sd	a0,0(a0)
  98              	.LVL10:
  99              	.LBE37:
 100              	.LBE36:
 101              		.loc 1 6 20
 102 0090 23BCA400 		sd	a0,24(s1)
   7:src/buffer.cpp ****     mutexHead = new sem(1);
 103              		.loc 1 7 5 is_stmt 1
 104              		.loc 1 7 26 is_stmt 0
 105 0094 13058002 		li	a0,40
 106 0098 97000000 		call	_Znwm@plt
 106      E7800000 
 107              	.LVL11:
 108              	.LBB40:
 109              	.LBB41:
 110              		.loc 2 11 76
 111 00a0 13091000 		li	s2,1
 112 00a4 23242501 		sw	s2,8(a0)
 113 00a8 23060500 		sb	zero,12(a0)
 114 00ac 23280500 		sw	zero,16(a0)
 115              	.LVL12:
 116              	.LBB42:
 117              	.LBB43:
 118              		.loc 3 14 28
 119 00b0 233C0500 		sd	zero,24(a0)
 120 00b4 23300502 		sd	zero,32(a0)
 121              	.LVL13:
 122              	.LBE43:
 123              	.LBE42:
 124              		.loc 2 11 78 is_stmt 1
 125              		.loc 2 11 87 is_stmt 0
 126 00b8 2330A500 		sd	a0,0(a0)
 127              	.LVL14:
 128              	.LBE41:
 129              	.LBE40:
 130              		.loc 1 7 15
 131 00bc 23B4A402 		sd	a0,40(s1)
   8:src/buffer.cpp ****     mutexTail = new sem(1);
 132              		.loc 1 8 5 is_stmt 1
 133              		.loc 1 8 26 is_stmt 0
 134 00c0 13058002 		li	a0,40
 135 00c4 97000000 		call	_Znwm@plt
GAS LISTING /tmp/ccv4QTo8.s 			page 4


 135      E7800000 
 136              	.LVL15:
 137              	.LBB44:
 138              	.LBB45:
 139              		.loc 2 11 76
 140 00cc 23242501 		sw	s2,8(a0)
 141 00d0 23060500 		sb	zero,12(a0)
 142 00d4 23280500 		sw	zero,16(a0)
 143              	.LVL16:
 144              	.LBB46:
 145              	.LBB47:
 146              		.loc 3 14 28
 147 00d8 233C0500 		sd	zero,24(a0)
 148 00dc 23300502 		sd	zero,32(a0)
 149              	.LVL17:
 150              	.LBE47:
 151              	.LBE46:
 152              		.loc 2 11 78 is_stmt 1
 153              		.loc 2 11 87 is_stmt 0
 154 00e0 2330A500 		sd	a0,0(a0)
 155              	.LVL18:
 156              	.LBE45:
 157              	.LBE44:
 158              		.loc 1 8 15
 159 00e4 23B8A402 		sd	a0,48(s1)
 160              	.LBE31:
   9:src/buffer.cpp **** }
 161              		.loc 1 9 1
 162 00e8 83308101 		ld	ra,24(sp)
 163              		.cfi_restore 1
 164 00ec 03340101 		ld	s0,16(sp)
 165              		.cfi_restore 8
 166              		.cfi_def_cfa 2, 32
 167 00f0 83348100 		ld	s1,8(sp)
 168              		.cfi_restore 9
 169              	.LVL19:
 170 00f4 03390100 		ld	s2,0(sp)
 171              		.cfi_restore 18
 172 00f8 13010102 		addi	sp,sp,32
 173              		.cfi_def_cfa_offset 0
 174 00fc 67800000 		jr	ra
 175              		.cfi_endproc
 176              	.LFE34:
 178              		.globl	_ZN5BuffyC1Ei
 179              		.set	_ZN5BuffyC1Ei,_ZN5BuffyC2Ei
 180              		.align	2
 181              		.globl	_ZN5Buffy3putEi
 183              	_ZN5Buffy3putEi:
 184              	.LFB36:
  10:src/buffer.cpp **** 
  11:src/buffer.cpp **** //Buffy::~Buffy() {
  12:src/buffer.cpp **** //    while (getCnt() > 0) {
  13:src/buffer.cpp **** //        char ch = buffer[head];
  14:src/buffer.cpp **** //        putc(ch);
  15:src/buffer.cpp **** //        head = (head + 1) % cap;
  16:src/buffer.cpp **** //    }
  17:src/buffer.cpp **** //    mem_free(buffer);
GAS LISTING /tmp/ccv4QTo8.s 			page 5


  18:src/buffer.cpp **** //    sem_close(itemAvailable);
  19:src/buffer.cpp **** //    sem_close(spaceAvailable);
  20:src/buffer.cpp **** //    sem_close(mutexTail);
  21:src/buffer.cpp **** //    sem_close(mutexHead);
  22:src/buffer.cpp **** //}
  23:src/buffer.cpp **** 
  24:src/buffer.cpp **** void Buffy::put(int val) {
 185              		.loc 1 24 26 is_stmt 1
 186              		.cfi_startproc
 187              	.LVL20:
 188 0100 130101FE 		addi	sp,sp,-32
 189              		.cfi_def_cfa_offset 32
 190 0104 233C1100 		sd	ra,24(sp)
 191 0108 23388100 		sd	s0,16(sp)
 192 010c 23349100 		sd	s1,8(sp)
 193 0110 23302101 		sd	s2,0(sp)
 194              		.cfi_offset 1, -8
 195              		.cfi_offset 8, -16
 196              		.cfi_offset 9, -24
 197              		.cfi_offset 18, -32
 198 0114 13040102 		addi	s0,sp,32
 199              		.cfi_def_cfa 8, 0
 200 0118 93040500 		mv	s1,a0
 201 011c 13890500 		mv	s2,a1
  25:src/buffer.cpp ****     spaceAvailable->wait();
 202              		.loc 1 25 5
 203              		.loc 1 25 25 is_stmt 0
 204 0120 03358501 		ld	a0,24(a0)
 205              	.LVL21:
 206 0124 97000000 		call	_ZN3sem4waitEv@plt
 206      E7800000 
 207              	.LVL22:
  26:src/buffer.cpp **** 
  27:src/buffer.cpp ****     mutexTail->wait();
 208              		.loc 1 27 5 is_stmt 1
 209              		.loc 1 27 20 is_stmt 0
 210 012c 03B50403 		ld	a0,48(s1)
 211 0130 97000000 		call	_ZN3sem4waitEv@plt
 211      E7800000 
 212              	.LVL23:
  28:src/buffer.cpp ****     buffer[tail] = val;
 213              		.loc 1 28 5 is_stmt 1
 214 0138 83B78400 		ld	a5,8(s1)
 215              		.loc 1 28 12 is_stmt 0
 216 013c 03A74401 		lw	a4,20(s1)
 217              		.loc 1 28 16
 218 0140 13172700 		slli	a4,a4,2
 219 0144 B387E700 		add	a5,a5,a4
 220              		.loc 1 28 18
 221 0148 23A02701 		sw	s2,0(a5)
  29:src/buffer.cpp ****     tail = (tail + 1) % cap;
 222              		.loc 1 29 5 is_stmt 1
 223              		.loc 1 29 13 is_stmt 0
 224 014c 83A74401 		lw	a5,20(s1)
 225              		.loc 1 29 18
 226 0150 9B871700 		addiw	a5,a5,1
 227              		.loc 1 29 25
GAS LISTING /tmp/ccv4QTo8.s 			page 6


 228 0154 03A70400 		lw	a4,0(s1)
 229              		.loc 1 29 23
 230 0158 BBE7E702 		remw	a5,a5,a4
 231              		.loc 1 29 10
 232 015c 23AAF400 		sw	a5,20(s1)
  30:src/buffer.cpp ****     mutexTail->signal(false);
 233              		.loc 1 30 5 is_stmt 1
 234              		.loc 1 30 22 is_stmt 0
 235 0160 93050000 		li	a1,0
 236 0164 03B50403 		ld	a0,48(s1)
 237 0168 97000000 		call	_ZN3sem6signalEb@plt
 237      E7800000 
 238              	.LVL24:
  31:src/buffer.cpp **** 
  32:src/buffer.cpp ****     itemAvailable->signal(false);
 239              		.loc 1 32 5 is_stmt 1
 240              		.loc 1 32 26 is_stmt 0
 241 0170 93050000 		li	a1,0
 242 0174 03B50402 		ld	a0,32(s1)
 243 0178 97000000 		call	_ZN3sem6signalEb@plt
 243      E7800000 
 244              	.LVL25:
  33:src/buffer.cpp **** 
  34:src/buffer.cpp **** }
 245              		.loc 1 34 1
 246 0180 83308101 		ld	ra,24(sp)
 247              		.cfi_restore 1
 248 0184 03340101 		ld	s0,16(sp)
 249              		.cfi_restore 8
 250              		.cfi_def_cfa 2, 32
 251 0188 83348100 		ld	s1,8(sp)
 252              		.cfi_restore 9
 253              	.LVL26:
 254 018c 03390100 		ld	s2,0(sp)
 255              		.cfi_restore 18
 256 0190 13010102 		addi	sp,sp,32
 257              		.cfi_def_cfa_offset 0
 258 0194 67800000 		jr	ra
 259              		.cfi_endproc
 260              	.LFE36:
 262              		.align	2
 263              		.globl	_ZN5Buffy3getEv
 265              	_ZN5Buffy3getEv:
 266              	.LFB37:
  35:src/buffer.cpp **** 
  36:src/buffer.cpp **** int Buffy::get() {
 267              		.loc 1 36 18 is_stmt 1
 268              		.cfi_startproc
 269              	.LVL27:
 270 0198 130101FE 		addi	sp,sp,-32
 271              		.cfi_def_cfa_offset 32
 272 019c 233C1100 		sd	ra,24(sp)
 273 01a0 23388100 		sd	s0,16(sp)
 274 01a4 23349100 		sd	s1,8(sp)
 275 01a8 23302101 		sd	s2,0(sp)
 276              		.cfi_offset 1, -8
 277              		.cfi_offset 8, -16
GAS LISTING /tmp/ccv4QTo8.s 			page 7


 278              		.cfi_offset 9, -24
 279              		.cfi_offset 18, -32
 280 01ac 13040102 		addi	s0,sp,32
 281              		.cfi_def_cfa 8, 0
 282 01b0 93040500 		mv	s1,a0
  37:src/buffer.cpp ****     itemAvailable->wait();
 283              		.loc 1 37 5
 284              		.loc 1 37 24 is_stmt 0
 285 01b4 03350502 		ld	a0,32(a0)
 286              	.LVL28:
 287 01b8 97000000 		call	_ZN3sem4waitEv@plt
 287      E7800000 
 288              	.LVL29:
  38:src/buffer.cpp **** 
  39:src/buffer.cpp ****     mutexHead->wait();
 289              		.loc 1 39 5 is_stmt 1
 290              		.loc 1 39 20 is_stmt 0
 291 01c0 03B58402 		ld	a0,40(s1)
 292 01c4 97000000 		call	_ZN3sem4waitEv@plt
 292      E7800000 
 293              	.LVL30:
  40:src/buffer.cpp **** 
  41:src/buffer.cpp ****     int ret = buffer[head];
 294              		.loc 1 41 5 is_stmt 1
 295              		.loc 1 41 15 is_stmt 0
 296 01cc 03B78400 		ld	a4,8(s1)
 297              		.loc 1 41 22
 298 01d0 83A70401 		lw	a5,16(s1)
 299              		.loc 1 41 26
 300 01d4 93962700 		slli	a3,a5,2
 301 01d8 3307D700 		add	a4,a4,a3
 302              		.loc 1 41 9
 303 01dc 03290700 		lw	s2,0(a4)
 304              	.LVL31:
  42:src/buffer.cpp ****     head = (head + 1) % cap;
 305              		.loc 1 42 5 is_stmt 1
 306              		.loc 1 42 18 is_stmt 0
 307 01e0 9B871700 		addiw	a5,a5,1
 308              		.loc 1 42 25
 309 01e4 03A70400 		lw	a4,0(s1)
 310              		.loc 1 42 23
 311 01e8 BBE7E702 		remw	a5,a5,a4
 312              		.loc 1 42 10
 313 01ec 23A8F400 		sw	a5,16(s1)
  43:src/buffer.cpp ****     mutexHead->signal(false);
 314              		.loc 1 43 5 is_stmt 1
 315              		.loc 1 43 22 is_stmt 0
 316 01f0 93050000 		li	a1,0
 317 01f4 03B58402 		ld	a0,40(s1)
 318 01f8 97000000 		call	_ZN3sem6signalEb@plt
 318      E7800000 
 319              	.LVL32:
  44:src/buffer.cpp ****     spaceAvailable->signal(false);
 320              		.loc 1 44 5 is_stmt 1
 321              		.loc 1 44 27 is_stmt 0
 322 0200 93050000 		li	a1,0
 323 0204 03B58401 		ld	a0,24(s1)
GAS LISTING /tmp/ccv4QTo8.s 			page 8


 324 0208 97000000 		call	_ZN3sem6signalEb@plt
 324      E7800000 
 325              	.LVL33:
  45:src/buffer.cpp **** 
  46:src/buffer.cpp ****     return ret;
 326              		.loc 1 46 5 is_stmt 1
  47:src/buffer.cpp **** }
 327              		.loc 1 47 1 is_stmt 0
 328 0210 13050900 		mv	a0,s2
 329 0214 83308101 		ld	ra,24(sp)
 330              		.cfi_restore 1
 331 0218 03340101 		ld	s0,16(sp)
 332              		.cfi_restore 8
 333              		.cfi_def_cfa 2, 32
 334 021c 83348100 		ld	s1,8(sp)
 335              		.cfi_restore 9
 336              	.LVL34:
 337 0220 03390100 		ld	s2,0(sp)
 338              		.cfi_restore 18
 339              	.LVL35:
 340 0224 13010102 		addi	sp,sp,32
 341              		.cfi_def_cfa_offset 0
 342 0228 67800000 		jr	ra
 343              		.cfi_endproc
 344              	.LFE37:
 346              		.align	2
 347              		.globl	_ZN5Buffy6getCntEv
 349              	_ZN5Buffy6getCntEv:
 350              	.LFB38:
  48:src/buffer.cpp **** 
  49:src/buffer.cpp **** int Buffy::getCnt() {
 351              		.loc 1 49 21 is_stmt 1
 352              		.cfi_startproc
 353              	.LVL36:
 354 022c 130101FE 		addi	sp,sp,-32
 355              		.cfi_def_cfa_offset 32
 356 0230 233C1100 		sd	ra,24(sp)
 357 0234 23388100 		sd	s0,16(sp)
 358 0238 23349100 		sd	s1,8(sp)
 359 023c 23302101 		sd	s2,0(sp)
 360              		.cfi_offset 1, -8
 361              		.cfi_offset 8, -16
 362              		.cfi_offset 9, -24
 363              		.cfi_offset 18, -32
 364 0240 13040102 		addi	s0,sp,32
 365              		.cfi_def_cfa 8, 0
 366 0244 93040500 		mv	s1,a0
  50:src/buffer.cpp ****     int ret;
 367              		.loc 1 50 5
  51:src/buffer.cpp **** 
  52:src/buffer.cpp ****     mutexHead->wait();
 368              		.loc 1 52 5
 369              		.loc 1 52 20 is_stmt 0
 370 0248 03358502 		ld	a0,40(a0)
 371              	.LVL37:
 372 024c 97000000 		call	_ZN3sem4waitEv@plt
 372      E7800000 
GAS LISTING /tmp/ccv4QTo8.s 			page 9


 373              	.LVL38:
  53:src/buffer.cpp ****     mutexTail->wait();
 374              		.loc 1 53 5 is_stmt 1
 375              		.loc 1 53 20 is_stmt 0
 376 0254 03B50403 		ld	a0,48(s1)
 377 0258 97000000 		call	_ZN3sem4waitEv@plt
 377      E7800000 
 378              	.LVL39:
  54:src/buffer.cpp **** 
  55:src/buffer.cpp ****     if (tail >= head) {
 379              		.loc 1 55 5 is_stmt 1
 380              		.loc 1 55 9 is_stmt 0
 381 0260 83A74401 		lw	a5,20(s1)
 382              		.loc 1 55 17
 383 0264 03A90401 		lw	s2,16(s1)
 384              		.loc 1 55 5
 385 0268 63C22705 		blt	a5,s2,.L8
  56:src/buffer.cpp ****         ret = tail - head;
 386              		.loc 1 56 9 is_stmt 1
 387              		.loc 1 56 13 is_stmt 0
 388 026c 3B892741 		subw	s2,a5,s2
 389              	.LVL40:
 390              	.L9:
  57:src/buffer.cpp ****     } else {
  58:src/buffer.cpp ****         ret = cap - head + tail;
  59:src/buffer.cpp ****     }
  60:src/buffer.cpp **** 
  61:src/buffer.cpp ****     mutexTail->signal(true);
 391              		.loc 1 61 5 is_stmt 1
 392              		.loc 1 61 22 is_stmt 0
 393 0270 93051000 		li	a1,1
 394 0274 03B50403 		ld	a0,48(s1)
 395 0278 97000000 		call	_ZN3sem6signalEb@plt
 395      E7800000 
 396              	.LVL41:
  62:src/buffer.cpp ****     mutexHead->signal(true);
 397              		.loc 1 62 5 is_stmt 1
 398              		.loc 1 62 22 is_stmt 0
 399 0280 93051000 		li	a1,1
 400 0284 03B58402 		ld	a0,40(s1)
 401 0288 97000000 		call	_ZN3sem6signalEb@plt
 401      E7800000 
 402              	.LVL42:
  63:src/buffer.cpp **** 
  64:src/buffer.cpp ****     return ret;
 403              		.loc 1 64 5 is_stmt 1
  65:src/buffer.cpp **** }
 404              		.loc 1 65 1 is_stmt 0
 405 0290 13050900 		mv	a0,s2
 406 0294 83308101 		ld	ra,24(sp)
 407              		.cfi_remember_state
 408              		.cfi_restore 1
 409 0298 03340101 		ld	s0,16(sp)
 410              		.cfi_restore 8
 411              		.cfi_def_cfa 2, 32
 412 029c 83348100 		ld	s1,8(sp)
 413              		.cfi_restore 9
GAS LISTING /tmp/ccv4QTo8.s 			page 10


 414              	.LVL43:
 415 02a0 03390100 		ld	s2,0(sp)
 416              		.cfi_restore 18
 417              	.LVL44:
 418 02a4 13010102 		addi	sp,sp,32
 419              		.cfi_def_cfa_offset 0
 420 02a8 67800000 		jr	ra
 421              	.LVL45:
 422              	.L8:
 423              		.cfi_restore_state
  58:src/buffer.cpp ****     }
 424              		.loc 1 58 9 is_stmt 1
  58:src/buffer.cpp ****     }
 425              		.loc 1 58 15 is_stmt 0
 426 02ac 03A70400 		lw	a4,0(s1)
  58:src/buffer.cpp ****     }
 427              		.loc 1 58 19
 428 02b0 3B092741 		subw	s2,a4,s2
  58:src/buffer.cpp ****     }
 429              		.loc 1 58 13
 430 02b4 3B09F900 		addw	s2,s2,a5
 431 02b8 6FF09FFB 		j	.L9
 432              		.cfi_endproc
 433              	.LFE38:
 435              	.Letext0:
 436              		.file 4 "src/../h/../lib/hw.h"
 437              		.file 5 "src/../h/TCB.hpp"
 438              		.file 6 "src/../h/syscall_c.hpp"
 439              		.file 7 "src/../h/buffer.hpp"
 440              		.file 8 "src/../h/../lib/mem.h"
GAS LISTING /tmp/ccv4QTo8.s 			page 11


DEFINED SYMBOLS
                            *ABS*:0000000000000000 buffer.cpp
     /tmp/ccv4QTo8.s:9      .text:0000000000000000 _ZN5BuffyC2Ei
     /tmp/ccv4QTo8.s:13     .text:0000000000000000 .L0 
     /tmp/ccv4QTo8.s:15     .text:0000000000000000 .L0 
     /tmp/ccv4QTo8.s:16     .text:0000000000000004 .L0 
     /tmp/ccv4QTo8.s:21     .text:0000000000000014 .L0 
     /tmp/ccv4QTo8.s:22     .text:0000000000000014 .L0 
     /tmp/ccv4QTo8.s:23     .text:0000000000000014 .L0 
     /tmp/ccv4QTo8.s:24     .text:0000000000000014 .L0 
     /tmp/ccv4QTo8.s:26     .text:0000000000000018 .L0 
     /tmp/ccv4QTo8.s:31     .text:0000000000000020 .L0 
     /tmp/ccv4QTo8.s:35     .text:0000000000000028 .L0 
     /tmp/ccv4QTo8.s:39     .text:0000000000000034 .L0 
     /tmp/ccv4QTo8.s:40     .text:0000000000000034 .L0 
     /tmp/ccv4QTo8.s:44     .text:0000000000000040 .L0 
     /tmp/ccv4QTo8.s:46     .text:0000000000000044 .L0 
     /tmp/ccv4QTo8.s:47     .text:0000000000000044 .L0 
     /tmp/ccv4QTo8.s:54     .text:0000000000000050 .L0 
     /tmp/ccv4QTo8.s:62     .text:000000000000005c .L0 
     /tmp/ccv4QTo8.s:68     .text:0000000000000064 .L0 
     /tmp/ccv4QTo8.s:69     .text:0000000000000064 .L0 
     /tmp/ccv4QTo8.s:74     .text:0000000000000068 .L0 
     /tmp/ccv4QTo8.s:76     .text:000000000000006c .L0 
     /tmp/ccv4QTo8.s:77     .text:000000000000006c .L0 
     /tmp/ccv4QTo8.s:83     .text:0000000000000078 .L0 
     /tmp/ccv4QTo8.s:90     .text:0000000000000084 .L0 
     /tmp/ccv4QTo8.s:96     .text:000000000000008c .L0 
     /tmp/ccv4QTo8.s:97     .text:000000000000008c .L0 
     /tmp/ccv4QTo8.s:102    .text:0000000000000090 .L0 
     /tmp/ccv4QTo8.s:104    .text:0000000000000094 .L0 
     /tmp/ccv4QTo8.s:105    .text:0000000000000094 .L0 
     /tmp/ccv4QTo8.s:111    .text:00000000000000a0 .L0 
     /tmp/ccv4QTo8.s:119    .text:00000000000000b0 .L0 
     /tmp/ccv4QTo8.s:125    .text:00000000000000b8 .L0 
     /tmp/ccv4QTo8.s:126    .text:00000000000000b8 .L0 
     /tmp/ccv4QTo8.s:131    .text:00000000000000bc .L0 
     /tmp/ccv4QTo8.s:133    .text:00000000000000c0 .L0 
     /tmp/ccv4QTo8.s:134    .text:00000000000000c0 .L0 
     /tmp/ccv4QTo8.s:140    .text:00000000000000cc .L0 
     /tmp/ccv4QTo8.s:147    .text:00000000000000d8 .L0 
     /tmp/ccv4QTo8.s:153    .text:00000000000000e0 .L0 
     /tmp/ccv4QTo8.s:154    .text:00000000000000e0 .L0 
     /tmp/ccv4QTo8.s:159    .text:00000000000000e4 .L0 
     /tmp/ccv4QTo8.s:162    .text:00000000000000e8 .L0 
     /tmp/ccv4QTo8.s:163    .text:00000000000000ec .L0 
     /tmp/ccv4QTo8.s:165    .text:00000000000000f0 .L0 
     /tmp/ccv4QTo8.s:166    .text:00000000000000f0 .L0 
     /tmp/ccv4QTo8.s:168    .text:00000000000000f4 .L0 
     /tmp/ccv4QTo8.s:171    .text:00000000000000f8 .L0 
     /tmp/ccv4QTo8.s:173    .text:00000000000000fc .L0 
     /tmp/ccv4QTo8.s:175    .text:0000000000000100 .L0 
     /tmp/ccv4QTo8.s:9      .text:0000000000000000 _ZN5BuffyC1Ei
     /tmp/ccv4QTo8.s:183    .text:0000000000000100 _ZN5Buffy3putEi
     /tmp/ccv4QTo8.s:186    .text:0000000000000100 .L0 
     /tmp/ccv4QTo8.s:188    .text:0000000000000100 .L0 
     /tmp/ccv4QTo8.s:189    .text:0000000000000104 .L0 
GAS LISTING /tmp/ccv4QTo8.s 			page 12


     /tmp/ccv4QTo8.s:194    .text:0000000000000114 .L0 
     /tmp/ccv4QTo8.s:195    .text:0000000000000114 .L0 
     /tmp/ccv4QTo8.s:196    .text:0000000000000114 .L0 
     /tmp/ccv4QTo8.s:197    .text:0000000000000114 .L0 
     /tmp/ccv4QTo8.s:199    .text:0000000000000118 .L0 
     /tmp/ccv4QTo8.s:203    .text:0000000000000120 .L0 
     /tmp/ccv4QTo8.s:204    .text:0000000000000120 .L0 
     /tmp/ccv4QTo8.s:209    .text:000000000000012c .L0 
     /tmp/ccv4QTo8.s:210    .text:000000000000012c .L0 
     /tmp/ccv4QTo8.s:214    .text:0000000000000138 .L0 
     /tmp/ccv4QTo8.s:216    .text:000000000000013c .L0 
     /tmp/ccv4QTo8.s:218    .text:0000000000000140 .L0 
     /tmp/ccv4QTo8.s:221    .text:0000000000000148 .L0 
     /tmp/ccv4QTo8.s:223    .text:000000000000014c .L0 
     /tmp/ccv4QTo8.s:224    .text:000000000000014c .L0 
     /tmp/ccv4QTo8.s:226    .text:0000000000000150 .L0 
     /tmp/ccv4QTo8.s:228    .text:0000000000000154 .L0 
     /tmp/ccv4QTo8.s:230    .text:0000000000000158 .L0 
     /tmp/ccv4QTo8.s:232    .text:000000000000015c .L0 
     /tmp/ccv4QTo8.s:234    .text:0000000000000160 .L0 
     /tmp/ccv4QTo8.s:235    .text:0000000000000160 .L0 
     /tmp/ccv4QTo8.s:240    .text:0000000000000170 .L0 
     /tmp/ccv4QTo8.s:241    .text:0000000000000170 .L0 
     /tmp/ccv4QTo8.s:246    .text:0000000000000180 .L0 
     /tmp/ccv4QTo8.s:247    .text:0000000000000184 .L0 
     /tmp/ccv4QTo8.s:249    .text:0000000000000188 .L0 
     /tmp/ccv4QTo8.s:250    .text:0000000000000188 .L0 
     /tmp/ccv4QTo8.s:252    .text:000000000000018c .L0 
     /tmp/ccv4QTo8.s:255    .text:0000000000000190 .L0 
     /tmp/ccv4QTo8.s:257    .text:0000000000000194 .L0 
     /tmp/ccv4QTo8.s:259    .text:0000000000000198 .L0 
     /tmp/ccv4QTo8.s:265    .text:0000000000000198 _ZN5Buffy3getEv
     /tmp/ccv4QTo8.s:268    .text:0000000000000198 .L0 
     /tmp/ccv4QTo8.s:270    .text:0000000000000198 .L0 
     /tmp/ccv4QTo8.s:271    .text:000000000000019c .L0 
     /tmp/ccv4QTo8.s:276    .text:00000000000001ac .L0 
     /tmp/ccv4QTo8.s:277    .text:00000000000001ac .L0 
     /tmp/ccv4QTo8.s:278    .text:00000000000001ac .L0 
     /tmp/ccv4QTo8.s:279    .text:00000000000001ac .L0 
     /tmp/ccv4QTo8.s:281    .text:00000000000001b0 .L0 
     /tmp/ccv4QTo8.s:284    .text:00000000000001b4 .L0 
     /tmp/ccv4QTo8.s:285    .text:00000000000001b4 .L0 
     /tmp/ccv4QTo8.s:290    .text:00000000000001c0 .L0 
     /tmp/ccv4QTo8.s:291    .text:00000000000001c0 .L0 
     /tmp/ccv4QTo8.s:295    .text:00000000000001cc .L0 
     /tmp/ccv4QTo8.s:296    .text:00000000000001cc .L0 
     /tmp/ccv4QTo8.s:298    .text:00000000000001d0 .L0 
     /tmp/ccv4QTo8.s:300    .text:00000000000001d4 .L0 
     /tmp/ccv4QTo8.s:303    .text:00000000000001dc .L0 
     /tmp/ccv4QTo8.s:306    .text:00000000000001e0 .L0 
     /tmp/ccv4QTo8.s:307    .text:00000000000001e0 .L0 
     /tmp/ccv4QTo8.s:309    .text:00000000000001e4 .L0 
     /tmp/ccv4QTo8.s:311    .text:00000000000001e8 .L0 
     /tmp/ccv4QTo8.s:313    .text:00000000000001ec .L0 
     /tmp/ccv4QTo8.s:315    .text:00000000000001f0 .L0 
     /tmp/ccv4QTo8.s:316    .text:00000000000001f0 .L0 
     /tmp/ccv4QTo8.s:321    .text:0000000000000200 .L0 
GAS LISTING /tmp/ccv4QTo8.s 			page 13


     /tmp/ccv4QTo8.s:322    .text:0000000000000200 .L0 
     /tmp/ccv4QTo8.s:327    .text:0000000000000210 .L0 
     /tmp/ccv4QTo8.s:328    .text:0000000000000210 .L0 
     /tmp/ccv4QTo8.s:330    .text:0000000000000218 .L0 
     /tmp/ccv4QTo8.s:332    .text:000000000000021c .L0 
     /tmp/ccv4QTo8.s:333    .text:000000000000021c .L0 
     /tmp/ccv4QTo8.s:335    .text:0000000000000220 .L0 
     /tmp/ccv4QTo8.s:338    .text:0000000000000224 .L0 
     /tmp/ccv4QTo8.s:341    .text:0000000000000228 .L0 
     /tmp/ccv4QTo8.s:343    .text:000000000000022c .L0 
     /tmp/ccv4QTo8.s:349    .text:000000000000022c _ZN5Buffy6getCntEv
     /tmp/ccv4QTo8.s:352    .text:000000000000022c .L0 
     /tmp/ccv4QTo8.s:354    .text:000000000000022c .L0 
     /tmp/ccv4QTo8.s:355    .text:0000000000000230 .L0 
     /tmp/ccv4QTo8.s:360    .text:0000000000000240 .L0 
     /tmp/ccv4QTo8.s:361    .text:0000000000000240 .L0 
     /tmp/ccv4QTo8.s:362    .text:0000000000000240 .L0 
     /tmp/ccv4QTo8.s:363    .text:0000000000000240 .L0 
     /tmp/ccv4QTo8.s:365    .text:0000000000000244 .L0 
     /tmp/ccv4QTo8.s:368    .text:0000000000000248 .L0 
     /tmp/ccv4QTo8.s:369    .text:0000000000000248 .L0 
     /tmp/ccv4QTo8.s:370    .text:0000000000000248 .L0 
     /tmp/ccv4QTo8.s:375    .text:0000000000000254 .L0 
     /tmp/ccv4QTo8.s:376    .text:0000000000000254 .L0 
     /tmp/ccv4QTo8.s:380    .text:0000000000000260 .L0 
     /tmp/ccv4QTo8.s:381    .text:0000000000000260 .L0 
     /tmp/ccv4QTo8.s:383    .text:0000000000000264 .L0 
     /tmp/ccv4QTo8.s:385    .text:0000000000000268 .L0 
     /tmp/ccv4QTo8.s:387    .text:000000000000026c .L0 
     /tmp/ccv4QTo8.s:388    .text:000000000000026c .L0 
     /tmp/ccv4QTo8.s:392    .text:0000000000000270 .L0 
     /tmp/ccv4QTo8.s:393    .text:0000000000000270 .L0 
     /tmp/ccv4QTo8.s:398    .text:0000000000000280 .L0 
     /tmp/ccv4QTo8.s:399    .text:0000000000000280 .L0 
     /tmp/ccv4QTo8.s:404    .text:0000000000000290 .L0 
     /tmp/ccv4QTo8.s:405    .text:0000000000000290 .L0 
     /tmp/ccv4QTo8.s:407    .text:0000000000000298 .L0 
     /tmp/ccv4QTo8.s:408    .text:0000000000000298 .L0 
     /tmp/ccv4QTo8.s:410    .text:000000000000029c .L0 
     /tmp/ccv4QTo8.s:411    .text:000000000000029c .L0 
     /tmp/ccv4QTo8.s:413    .text:00000000000002a0 .L0 
     /tmp/ccv4QTo8.s:416    .text:00000000000002a4 .L0 
     /tmp/ccv4QTo8.s:419    .text:00000000000002a8 .L0 
     /tmp/ccv4QTo8.s:423    .text:00000000000002ac .L0 
     /tmp/ccv4QTo8.s:425    .text:00000000000002ac .L0 
     /tmp/ccv4QTo8.s:426    .text:00000000000002ac .L0 
     /tmp/ccv4QTo8.s:428    .text:00000000000002b0 .L0 
     /tmp/ccv4QTo8.s:430    .text:00000000000002b4 .L0 
     /tmp/ccv4QTo8.s:432    .text:00000000000002bc .L0 
     /tmp/ccv4QTo8.s:441    .text:00000000000002bc .L0 
     /tmp/ccv4QTo8.s:422    .text:00000000000002ac .L8
     /tmp/ccv4QTo8.s:390    .text:0000000000000270 .L9
     /tmp/ccv4QTo8.s:1918   .debug_abbrev:0000000000000000 .Ldebug_abbrev0
     /tmp/ccv4QTo8.s:3428   .debug_str:00000000000006c3 .LASF127
     /tmp/ccv4QTo8.s:3232   .debug_str:0000000000000147 .LASF128
     /tmp/ccv4QTo8.s:3234   .debug_str:0000000000000156 .LASF129
     /tmp/ccv4QTo8.s:5      .text:0000000000000000 .Ltext0
GAS LISTING /tmp/ccv4QTo8.s 			page 14


     /tmp/ccv4QTo8.s:435    .text:00000000000002bc .Letext0
     /tmp/ccv4QTo8.s:3184   .debug_line:0000000000000000 .Ldebug_line0
     /tmp/ccv4QTo8.s:3356   .debug_str:00000000000004db .LASF0
     /tmp/ccv4QTo8.s:3374   .debug_str:0000000000000555 .LASF1
     /tmp/ccv4QTo8.s:3334   .debug_str:000000000000045a .LASF2
     /tmp/ccv4QTo8.s:3300   .debug_str:0000000000000364 .LASF4
     /tmp/ccv4QTo8.s:3412   .debug_str:000000000000065d .LASF3
     /tmp/ccv4QTo8.s:3218   .debug_str:00000000000000f3 .LASF5
     /tmp/ccv4QTo8.s:3254   .debug_str:00000000000001de .LASF6
     /tmp/ccv4QTo8.s:3376   .debug_str:0000000000000568 .LASF7
     /tmp/ccv4QTo8.s:3354   .debug_str:00000000000004c8 .LASF8
     /tmp/ccv4QTo8.s:3444   .debug_str:00000000000007e6 .LASF9
     /tmp/ccv4QTo8.s:3284   .debug_str:00000000000002cd .LASF10
     /tmp/ccv4QTo8.s:3388   .debug_str:00000000000005ba .LASF11
     /tmp/ccv4QTo8.s:3432   .debug_str:0000000000000793 .LASF12
     /tmp/ccv4QTo8.s:3222   .debug_str:0000000000000102 .LASF13
     /tmp/ccv4QTo8.s:3194   .debug_str:000000000000004b .LASF14
     /tmp/ccv4QTo8.s:3230   .debug_str:000000000000013b .LASF15
     /tmp/ccv4QTo8.s:3404   .debug_str:0000000000000629 .LASF16
     /tmp/ccv4QTo8.s:3246   .debug_str:00000000000001b2 .LASF17
     /tmp/ccv4QTo8.s:3200   .debug_str:000000000000006b .LASF130
     /tmp/ccv4QTo8.s:3264   .debug_str:0000000000000243 .LASF22
     /tmp/ccv4QTo8.s:3396   .debug_str:00000000000005fa .LASF24
     /tmp/ccv4QTo8.s:3378   .debug_str:000000000000057b .LASF18
     /tmp/ccv4QTo8.s:3282   .debug_str:00000000000002b6 .LASF20
     /tmp/ccv4QTo8.s:3198   .debug_str:0000000000000061 .LASF19
     /tmp/ccv4QTo8.s:3316   .debug_str:00000000000003c1 .LASF21
     /tmp/ccv4QTo8.s:3336   .debug_str:0000000000000468 .LASF23
     /tmp/ccv4QTo8.s:3294   .debug_str:0000000000000320 .LASF25
     /tmp/ccv4QTo8.s:3302   .debug_str:000000000000036b .LASF26
     /tmp/ccv4QTo8.s:3436   .debug_str:00000000000007a7 .LASF27
     /tmp/ccv4QTo8.s:3326   .debug_str:0000000000000429 .LASF28
     /tmp/ccv4QTo8.s:3216   .debug_str:00000000000000da .LASF29
     /tmp/ccv4QTo8.s:3280   .debug_str:00000000000002ad .LASF30
     /tmp/ccv4QTo8.s:3202   .debug_str:0000000000000073 .LASF31
     /tmp/ccv4QTo8.s:3362   .debug_str:00000000000004fd .LASF32
     /tmp/ccv4QTo8.s:3438   .debug_str:00000000000007bd .LASF33
     /tmp/ccv4QTo8.s:3278   .debug_str:00000000000002a1 .LASF34
     /tmp/ccv4QTo8.s:3188   .debug_str:0000000000000008 .LASF35
     /tmp/ccv4QTo8.s:3310   .debug_str:0000000000000390 .LASF36
     /tmp/ccv4QTo8.s:3372   .debug_str:0000000000000535 .LASF37
     /tmp/ccv4QTo8.s:3398   .debug_str:0000000000000606 .LASF39
     /tmp/ccv4QTo8.s:3322   .debug_str:00000000000003eb .LASF38
     /tmp/ccv4QTo8.s:3240   .debug_str:0000000000000198 .LASF40
     /tmp/ccv4QTo8.s:3228   .debug_str:0000000000000128 .LASF41
     /tmp/ccv4QTo8.s:3324   .debug_str:0000000000000407 .LASF42
     /tmp/ccv4QTo8.s:3406   .debug_str:000000000000063f .LASF43
     /tmp/ccv4QTo8.s:3346   .debug_str:0000000000000495 .LASF45
     /tmp/ccv4QTo8.s:3270   .debug_str:0000000000000254 .LASF131
     /tmp/ccv4QTo8.s:3242   .debug_str:00000000000001a0 .LASF59
     /tmp/ccv4QTo8.s:3360   .debug_str:00000000000004f4 .LASF44
     /tmp/ccv4QTo8.s:3274   .debug_str:000000000000027e .LASF46
     /tmp/ccv4QTo8.s:3308   .debug_str:0000000000000384 .LASF47
     /tmp/ccv4QTo8.s:3384   .debug_str:000000000000059f .LASF48
     /tmp/ccv4QTo8.s:3256   .debug_str:00000000000001e5 .LASF49
     /tmp/ccv4QTo8.s:3380   .debug_str:0000000000000586 .LASF50
     /tmp/ccv4QTo8.s:3306   .debug_str:000000000000037f .LASF51
GAS LISTING /tmp/ccv4QTo8.s 			page 15


     /tmp/ccv4QTo8.s:3370   .debug_str:000000000000052b .LASF52
     /tmp/ccv4QTo8.s:3464   .debug_str:0000000000000874 .LASF53
     /tmp/ccv4QTo8.s:3366   .debug_str:0000000000000511 .LASF54
     /tmp/ccv4QTo8.s:3304   .debug_str:0000000000000376 .LASF55
     /tmp/ccv4QTo8.s:3186   .debug_str:0000000000000000 .LASF56
     /tmp/ccv4QTo8.s:3468   .debug_str:0000000000000886 .LASF57
     /tmp/ccv4QTo8.s:3206   .debug_str:000000000000008c .LASF58
     /tmp/ccv4QTo8.s:3328   .debug_str:0000000000000436 .LASF132
     /tmp/ccv4QTo8.s:3290   .debug_str:00000000000002fc .LASF133
     /tmp/ccv4QTo8.s:3414   .debug_str:000000000000066f .LASF60
     /tmp/ccv4QTo8.s:3452   .debug_str:0000000000000822 .LASF134
     /tmp/ccv4QTo8.s:3296   .debug_str:0000000000000337 .LASF135
     /tmp/ccv4QTo8.s:3318   .debug_str:00000000000003d6 .LASF61
     /tmp/ccv4QTo8.s:3292   .debug_str:0000000000000315 .LASF62
     /tmp/ccv4QTo8.s:3268   .debug_str:000000000000024e .LASF63
     /tmp/ccv4QTo8.s:3358   .debug_str:00000000000004e8 .LASF118
     /tmp/ccv4QTo8.s:3456   .debug_str:0000000000000838 .LASF64
     /tmp/ccv4QTo8.s:3466   .debug_str:000000000000087a .LASF65
     /tmp/ccv4QTo8.s:3224   .debug_str:0000000000000112 .LASF66
     /tmp/ccv4QTo8.s:3258   .debug_str:00000000000001fb .LASF67
     /tmp/ccv4QTo8.s:3382   .debug_str:0000000000000598 .LASF68
     /tmp/ccv4QTo8.s:3226   .debug_str:0000000000000117 .LASF69
     /tmp/ccv4QTo8.s:3394   .debug_str:00000000000005f0 .LASF70
     /tmp/ccv4QTo8.s:3446   .debug_str:00000000000007f6 .LASF71
     /tmp/ccv4QTo8.s:3454   .debug_str:0000000000000830 .LASF72
     /tmp/ccv4QTo8.s:3368   .debug_str:0000000000000519 .LASF73
     /tmp/ccv4QTo8.s:3450   .debug_str:000000000000081c .LASF74
     /tmp/ccv4QTo8.s:3276   .debug_str:0000000000000291 .LASF75
     /tmp/ccv4QTo8.s:3266   .debug_str:0000000000000248 .LASF76
     /tmp/ccv4QTo8.s:3210   .debug_str:00000000000000b2 .LASF77
     /tmp/ccv4QTo8.s:3220   .debug_str:00000000000000fa .LASF78
     /tmp/ccv4QTo8.s:3448   .debug_str:000000000000080a .LASF79
     /tmp/ccv4QTo8.s:3352   .debug_str:00000000000004bf .LASF80
     /tmp/ccv4QTo8.s:3248   .debug_str:00000000000001c8 .LASF81
     /tmp/ccv4QTo8.s:3332   .debug_str:0000000000000453 .LASF82
     /tmp/ccv4QTo8.s:3338   .debug_str:0000000000000474 .LASF83
     /tmp/ccv4QTo8.s:3320   .debug_str:00000000000003e1 .LASF84
     /tmp/ccv4QTo8.s:3298   .debug_str:000000000000035f .LASF85
     /tmp/ccv4QTo8.s:3422   .debug_str:0000000000000699 .LASF86
     /tmp/ccv4QTo8.s:3400   .debug_str:000000000000060b .LASF87
     /tmp/ccv4QTo8.s:3348   .debug_str:00000000000004a5 .LASF136
     /tmp/ccv4QTo8.s:3288   .debug_str:00000000000002e5 .LASF137
     /tmp/ccv4QTo8.s:3426   .debug_str:00000000000006ba .LASF88
     /tmp/ccv4QTo8.s:3262   .debug_str:0000000000000226 .LASF89
     /tmp/ccv4QTo8.s:3340   .debug_str:000000000000047c .LASF90
     /tmp/ccv4QTo8.s:3260   .debug_str:000000000000020a .LASF91
     /tmp/ccv4QTo8.s:3430   .debug_str:0000000000000787 .LASF92
     /tmp/ccv4QTo8.s:3192   .debug_str:000000000000002d .LASF93
     /tmp/ccv4QTo8.s:3286   .debug_str:00000000000002db .LASF94
     /tmp/ccv4QTo8.s:3312   .debug_str:000000000000039d .LASF95
     /tmp/ccv4QTo8.s:3434   .debug_str:00000000000007a2 .LASF138
     /tmp/ccv4QTo8.s:3350   .debug_str:00000000000004af .LASF96
     /tmp/ccv4QTo8.s:3272   .debug_str:000000000000025c .LASF97
     /tmp/ccv4QTo8.s:3252   .debug_str:00000000000001d3 .LASF98
     /tmp/ccv4QTo8.s:3208   .debug_str:0000000000000095 .LASF99
     /tmp/ccv4QTo8.s:3314   .debug_str:00000000000003b8 .LASF100
     /tmp/ccv4QTo8.s:3462   .debug_str:000000000000085a .LASF101
GAS LISTING /tmp/ccv4QTo8.s 			page 16


     /tmp/ccv4QTo8.s:3416   .debug_str:0000000000000680 .LASF102
     /tmp/ccv4QTo8.s:3390   .debug_str:00000000000005c9 .LASF103
     /tmp/ccv4QTo8.s:3244   .debug_str:00000000000001ad .LASF104
     /tmp/ccv4QTo8.s:3342   .debug_str:0000000000000484 .LASF105
     /tmp/ccv4QTo8.s:3238   .debug_str:000000000000018a .LASF106
     /tmp/ccv4QTo8.s:3204   .debug_str:0000000000000087 .LASF107
     /tmp/ccv4QTo8.s:3420   .debug_str:0000000000000693 .LASF108
     /tmp/ccv4QTo8.s:3402   .debug_str:0000000000000622 .LASF109
     /tmp/ccv4QTo8.s:3330   .debug_str:0000000000000444 .LASF110
     /tmp/ccv4QTo8.s:3190   .debug_str:000000000000001f .LASF111
     /tmp/ccv4QTo8.s:3212   .debug_str:00000000000000c2 .LASF112
     /tmp/ccv4QTo8.s:3364   .debug_str:0000000000000507 .LASF113
     /tmp/ccv4QTo8.s:3214   .debug_str:00000000000000cc .LASF114
     /tmp/ccv4QTo8.s:3440   .debug_str:00000000000007d1 .LASF115
     /tmp/ccv4QTo8.s:3442   .debug_str:00000000000007d8 .LASF116
     /tmp/ccv4QTo8.s:3386   .debug_str:00000000000005aa .LASF117
     /tmp/ccv4QTo8.s:3460   .debug_str:000000000000084a .LASF119
     /tmp/ccv4QTo8.s:3470   .debug_str:000000000000088c .LASF120
     /tmp/ccv4QTo8.s:3236   .debug_str:0000000000000177 .LASF121
     /tmp/ccv4QTo8.s:3392   .debug_str:00000000000005eb .LASF122
     /tmp/ccv4QTo8.s:3408   .debug_str:0000000000000645 .LASF125
     /tmp/ccv4QTo8.s:350    .text:000000000000022c .LFB38
     /tmp/ccv4QTo8.s:433    .text:00000000000002bc .LFE38
     /tmp/ccv4QTo8.s:2954   .debug_loc:0000000000000000 .LLST18
     /tmp/ccv4QTo8.s:2976   .debug_loc:000000000000005f .LLST19
     /tmp/ccv4QTo8.s:373    .text:0000000000000254 .LVL38
     /tmp/ccv4QTo8.s:378    .text:0000000000000260 .LVL39
     /tmp/ccv4QTo8.s:396    .text:0000000000000280 .LVL41
     /tmp/ccv4QTo8.s:402    .text:0000000000000290 .LVL42
     /tmp/ccv4QTo8.s:266    .text:0000000000000198 .LFB37
     /tmp/ccv4QTo8.s:344    .text:000000000000022c .LFE37
     /tmp/ccv4QTo8.s:2983   .debug_loc:0000000000000082 .LLST16
     /tmp/ccv4QTo8.s:3001   .debug_loc:00000000000000ce .LLST17
     /tmp/ccv4QTo8.s:288    .text:00000000000001c0 .LVL29
     /tmp/ccv4QTo8.s:293    .text:00000000000001cc .LVL30
     /tmp/ccv4QTo8.s:319    .text:0000000000000200 .LVL32
     /tmp/ccv4QTo8.s:325    .text:0000000000000210 .LVL33
     /tmp/ccv4QTo8.s:184    .text:0000000000000100 .LFB36
     /tmp/ccv4QTo8.s:260    .text:0000000000000198 .LFE36
     /tmp/ccv4QTo8.s:3012   .debug_loc:0000000000000104 .LLST14
     /tmp/ccv4QTo8.s:3030   .debug_loc:0000000000000150 .LLST15
     /tmp/ccv4QTo8.s:207    .text:000000000000012c .LVL22
     /tmp/ccv4QTo8.s:212    .text:0000000000000138 .LVL23
     /tmp/ccv4QTo8.s:238    .text:0000000000000170 .LVL24
     /tmp/ccv4QTo8.s:244    .text:0000000000000180 .LVL25
     /tmp/ccv4QTo8.s:3250   .debug_str:00000000000001ce .LASF123
     /tmp/ccv4QTo8.s:3424   .debug_str:00000000000006ac .LASF139
     /tmp/ccv4QTo8.s:10     .text:0000000000000000 .LFB34
     /tmp/ccv4QTo8.s:176    .text:0000000000000100 .LFE34
     /tmp/ccv4QTo8.s:3044   .debug_loc:0000000000000189 .LLST0
     /tmp/ccv4QTo8.s:3062   .debug_loc:00000000000001d5 .LLST1
     /tmp/ccv4QTo8.s:50     .text:0000000000000050 .LBB32
     /tmp/ccv4QTo8.s:72     .text:0000000000000068 .LBE32
     /tmp/ccv4QTo8.s:3076   .debug_loc:000000000000020e .LLST2
     /tmp/ccv4QTo8.s:3084   .debug_loc:0000000000000232 .LLST3
     /tmp/ccv4QTo8.s:58     .text:000000000000005c .LBB34
     /tmp/ccv4QTo8.s:66     .text:0000000000000064 .LBE34
GAS LISTING /tmp/ccv4QTo8.s 			page 17


     /tmp/ccv4QTo8.s:3091   .debug_loc:0000000000000255 .LLST4
     /tmp/ccv4QTo8.s:80     .text:0000000000000078 .LBB36
     /tmp/ccv4QTo8.s:100    .text:0000000000000090 .LBE36
     /tmp/ccv4QTo8.s:3100   .debug_loc:000000000000027a .LLST5
     /tmp/ccv4QTo8.s:3107   .debug_loc:000000000000029d .LLST6
     /tmp/ccv4QTo8.s:87     .text:0000000000000084 .LBB38
     /tmp/ccv4QTo8.s:94     .text:000000000000008c .LBE38
     /tmp/ccv4QTo8.s:3114   .debug_loc:00000000000002c0 .LLST7
     /tmp/ccv4QTo8.s:108    .text:00000000000000a0 .LBB40
     /tmp/ccv4QTo8.s:129    .text:00000000000000bc .LBE40
     /tmp/ccv4QTo8.s:3123   .debug_loc:00000000000002e5 .LLST8
     /tmp/ccv4QTo8.s:3131   .debug_loc:0000000000000309 .LLST9
     /tmp/ccv4QTo8.s:116    .text:00000000000000b0 .LBB42
     /tmp/ccv4QTo8.s:123    .text:00000000000000b8 .LBE42
     /tmp/ccv4QTo8.s:3138   .debug_loc:000000000000032c .LLST10
     /tmp/ccv4QTo8.s:137    .text:00000000000000cc .LBB44
     /tmp/ccv4QTo8.s:157    .text:00000000000000e4 .LBE44
     /tmp/ccv4QTo8.s:3147   .debug_loc:0000000000000351 .LLST11
     /tmp/ccv4QTo8.s:3155   .debug_loc:0000000000000375 .LLST12
     /tmp/ccv4QTo8.s:144    .text:00000000000000d8 .LBB46
     /tmp/ccv4QTo8.s:151    .text:00000000000000e0 .LBE46
     /tmp/ccv4QTo8.s:3162   .debug_loc:0000000000000398 .LLST13
     /tmp/ccv4QTo8.s:42     .text:0000000000000040 .LVL2
     /tmp/ccv4QTo8.s:49     .text:0000000000000050 .LVL3
     /tmp/ccv4QTo8.s:79     .text:0000000000000078 .LVL7
     /tmp/ccv4QTo8.s:107    .text:00000000000000a0 .LVL11
     /tmp/ccv4QTo8.s:136    .text:00000000000000cc .LVL15
     /tmp/ccv4QTo8.s:3410   .debug_str:0000000000000658 .LASF124
     /tmp/ccv4QTo8.s:3418   .debug_str:0000000000000687 .LASF126
     /tmp/ccv4QTo8.s:3344   .debug_str:0000000000000489 .LASF140
     /tmp/ccv4QTo8.s:3196   .debug_str:000000000000005b .LASF141
     /tmp/ccv4QTo8.s:3458   .debug_str:000000000000083d .LASF142
     /tmp/ccv4QTo8.s:353    .text:000000000000022c .LVL36
     /tmp/ccv4QTo8.s:371    .text:000000000000024c .LVL37
     /tmp/ccv4QTo8.s:414    .text:00000000000002a0 .LVL43
     /tmp/ccv4QTo8.s:421    .text:00000000000002ac .LVL45
     /tmp/ccv4QTo8.s:389    .text:0000000000000270 .LVL40
     /tmp/ccv4QTo8.s:417    .text:00000000000002a4 .LVL44
     /tmp/ccv4QTo8.s:269    .text:0000000000000198 .LVL27
     /tmp/ccv4QTo8.s:286    .text:00000000000001b8 .LVL28
     /tmp/ccv4QTo8.s:336    .text:0000000000000220 .LVL34
     /tmp/ccv4QTo8.s:304    .text:00000000000001e0 .LVL31
     /tmp/ccv4QTo8.s:339    .text:0000000000000224 .LVL35
     /tmp/ccv4QTo8.s:187    .text:0000000000000100 .LVL20
     /tmp/ccv4QTo8.s:205    .text:0000000000000124 .LVL21
     /tmp/ccv4QTo8.s:253    .text:000000000000018c .LVL26
     /tmp/ccv4QTo8.s:14     .text:0000000000000000 .LVL0
     /tmp/ccv4QTo8.s:33     .text:0000000000000028 .LVL1
     /tmp/ccv4QTo8.s:169    .text:00000000000000f4 .LVL19
     /tmp/ccv4QTo8.s:70     .text:0000000000000068 .LVL6
     /tmp/ccv4QTo8.s:57     .text:000000000000005c .LVL4
     /tmp/ccv4QTo8.s:64     .text:0000000000000064 .LVL5
     /tmp/ccv4QTo8.s:98     .text:0000000000000090 .LVL10
     /tmp/ccv4QTo8.s:86     .text:0000000000000084 .LVL8
     /tmp/ccv4QTo8.s:92     .text:000000000000008c .LVL9
     /tmp/ccv4QTo8.s:127    .text:00000000000000bc .LVL14
     /tmp/ccv4QTo8.s:115    .text:00000000000000b0 .LVL12
GAS LISTING /tmp/ccv4QTo8.s 			page 18


     /tmp/ccv4QTo8.s:121    .text:00000000000000b8 .LVL13
     /tmp/ccv4QTo8.s:155    .text:00000000000000e4 .LVL18
     /tmp/ccv4QTo8.s:143    .text:00000000000000d8 .LVL16
     /tmp/ccv4QTo8.s:149    .text:00000000000000e0 .LVL17
     /tmp/ccv4QTo8.s:442    .debug_info:0000000000000000 .Ldebug_info0

UNDEFINED SYMBOLS
__mem_alloc
_Znwm
_ZN3sem4waitEv
_ZN3sem6signalEb
