GAS LISTING /tmp/cc2VyJIW.s 			page 1


   1              		.file	"memory.cpp"
   2              		.option pic
   3              		.option norelax
   4              		.text
   5              	.Ltext0:
   6              		.align	2
   7              		.globl	_ZN6Memory4initEv
   9              	_ZN6Memory4initEv:
  10              	.LFB3:
  11              		.file 1 "src/memory.cpp"
   1:src/memory.cpp **** #include "../h/memory.hpp"
   2:src/memory.cpp **** 
   3:src/memory.cpp **** size_t Memory::numOfBlocks = 0;
   4:src/memory.cpp **** int* Memory::memMap = 0;
   5:src/memory.cpp **** void* Memory::startHeap = 0;
   6:src/memory.cpp **** 
   7:src/memory.cpp **** void Memory::init() {
  12              		.loc 1 7 21
  13              		.cfi_startproc
  14 0000 130101FF 		addi	sp,sp,-16
  15              		.cfi_def_cfa_offset 16
  16 0004 23348100 		sd	s0,8(sp)
  17              		.cfi_offset 8, -8
  18 0008 13040101 		addi	s0,sp,16
  19              		.cfi_def_cfa 8, 0
   8:src/memory.cpp ****     numOfBlocks = ((uint64)HEAP_END_ADDR - (uint64)HEAP_START_ADDR) / (MEM_BLOCK_SIZE + sizeof(int)
  20              		.loc 1 8 5
  21              		.loc 1 8 42 is_stmt 0
  22 000c 97070000 		la	a5,HEAP_START_ADDR
  22      83B70700 
  23 0014 83B60700 		ld	a3,0(a5)
  24 0018 97070000 		la	a5,HEAP_END_ADDR
  24      83B70700 
  25 0020 83B70700 		ld	a5,0(a5)
  26 0024 B387D740 		sub	a5,a5,a3
  27              		.loc 1 8 69
  28 0028 13074004 		li	a4,68
  29 002c B3D7E702 		divu	a5,a5,a4
  30              		.loc 1 8 102
  31 0030 9387F7FF 		addi	a5,a5,-1
  32              		.loc 1 8 17
  33 0034 17060000 		lla	a2,.LANCHOR0
  33      13060600 
  34 003c 2330F600 		sd	a5,0(a2)
   9:src/memory.cpp ****     memMap = (int*) HEAP_START_ADDR;
  35              		.loc 1 9 5 is_stmt 1
  36              		.loc 1 9 12 is_stmt 0
  37 0040 2334D600 		sd	a3,8(a2)
  10:src/memory.cpp ****     startHeap = (char*) HEAP_START_ADDR + numOfBlocks * sizeof(int);
  38              		.loc 1 10 5 is_stmt 1
  39              		.loc 1 10 55 is_stmt 0
  40 0044 13972700 		slli	a4,a5,2
  41              		.loc 1 10 41
  42 0048 3387E600 		add	a4,a3,a4
  11:src/memory.cpp ****     startHeap = (char*) startHeap + (MEM_BLOCK_SIZE - (uint64) startHeap % MEM_BLOCK_SIZE); //porav
  43              		.loc 1 11 5 is_stmt 1
  44              		.loc 1 11 74 is_stmt 0
GAS LISTING /tmp/cc2VyJIW.s 			page 2


  45 004c 1375F703 		andi	a0,a4,63
  46              		.loc 1 11 53
  47 0050 93050004 		li	a1,64
  48 0054 B385A540 		sub	a1,a1,a0
  49              		.loc 1 11 35
  50 0058 3307B700 		add	a4,a4,a1
  51              		.loc 1 11 15
  52 005c 2338E600 		sd	a4,16(a2)
  12:src/memory.cpp ****     memMap[0] = numOfBlocks;
  53              		.loc 1 12 5 is_stmt 1
  54              		.loc 1 12 15 is_stmt 0
  55 0060 23A0F600 		sw	a5,0(a3)
  13:src/memory.cpp ****     for(size_t i = 1; i < numOfBlocks; i++) {
  56              		.loc 1 13 5 is_stmt 1
  57              	.LVL0:
  58              	.LBB2:
  59              		.loc 1 13 16 is_stmt 0
  60 0064 93071000 		li	a5,1
  61              	.LVL1:
  62              	.L3:
  63              		.loc 1 13 25 is_stmt 1 discriminator 3
  64 0068 17070000 		ld	a4,.LANCHOR0
  64      03370700 
  65 0070 63F0E702 		bleu	a4,a5,.L1
  14:src/memory.cpp ****         memMap[i] = 0;
  66              		.loc 1 14 9 discriminator 2
  67              		.loc 1 14 17 is_stmt 0 discriminator 2
  68 0074 93962700 		slli	a3,a5,2
  69 0078 17070000 		ld	a4,.LANCHOR0+8
  69      03370700 
  70 0080 3307D700 		add	a4,a4,a3
  71              		.loc 1 14 19 discriminator 2
  72 0084 23200700 		sw	zero,0(a4)
  13:src/memory.cpp ****     for(size_t i = 1; i < numOfBlocks; i++) {
  73              		.loc 1 13 5 is_stmt 1 discriminator 2
  74 0088 93871700 		addi	a5,a5,1
  75              	.LVL2:
  76 008c 6FF0DFFD 		j	.L3
  77              	.L1:
  78              	.LBE2:
  15:src/memory.cpp ****     }
  16:src/memory.cpp **** }
  79              		.loc 1 16 1 is_stmt 0
  80 0090 03348100 		ld	s0,8(sp)
  81              		.cfi_restore 8
  82              		.cfi_def_cfa 2, 16
  83 0094 13010101 		addi	sp,sp,16
  84              		.cfi_def_cfa_offset 0
  85 0098 67800000 		jr	ra
  86              		.cfi_endproc
  87              	.LFE3:
  89              		.align	2
  90              		.globl	_ZN6Memory9mem_allocEm
  92              	_ZN6Memory9mem_allocEm:
  93              	.LFB4:
  17:src/memory.cpp **** 
  18:src/memory.cpp **** void* Memory::mem_alloc (size_t size) {
GAS LISTING /tmp/cc2VyJIW.s 			page 3


  94              		.loc 1 18 39 is_stmt 1
  95              		.cfi_startproc
  96              	.LVL3:
  97 009c 130101FF 		addi	sp,sp,-16
  98              		.cfi_def_cfa_offset 16
  99 00a0 23348100 		sd	s0,8(sp)
 100              		.cfi_offset 8, -8
 101 00a4 13040101 		addi	s0,sp,16
 102              		.cfi_def_cfa 8, 0
  19:src/memory.cpp ****     size = size / MEM_BLOCK_SIZE + ((size % MEM_BLOCK_SIZE != 0) ? 1 : 0);
 103              		.loc 1 19 5
 104              		.loc 1 19 17 is_stmt 0
 105 00a8 93576500 		srli	a5,a0,6
 106              		.loc 1 19 43
 107 00ac 1375F503 		andi	a0,a0,63
 108              	.LVL4:
 109              		.loc 1 19 66
 110 00b0 63040500 		beqz	a0,.L6
 111 00b4 13051000 		li	a0,1
 112              	.L6:
 113              		.loc 1 19 10 discriminator 4
 114 00b8 3385A700 		add	a0,a5,a0
 115              	.LVL5:
  20:src/memory.cpp ****     if (size<=0 || size>numOfBlocks) return nullptr; // Exception
 116              		.loc 1 20 5 is_stmt 1 discriminator 4
 117 00bc 630E0506 		beqz	a0,.L11
 118              		.loc 1 20 24 is_stmt 0 discriminator 2
 119 00c0 17080000 		ld	a6,.LANCHOR0
 119      03380800 
 120              		.loc 1 20 17 discriminator 2
 121 00c8 636CA806 		bltu	a6,a0,.L12
 122              	.LBB3:
  21:src/memory.cpp ****     for (size_t i=0; i<numOfBlocks; i++)
 123              		.loc 1 21 17
 124 00cc 93070000 		li	a5,0
 125              	.L10:
 126              	.LVL6:
 127              		.loc 1 21 23 is_stmt 1 discriminator 1
 128 00d0 63FC0707 		bleu	a6,a5,.L13
  22:src/memory.cpp ****         if (memMap[i]>= (int) size) {
 129              		.loc 1 22 9
 130              		.loc 1 22 21 is_stmt 0
 131 00d4 97060000 		ld	a3,.LANCHOR0+8
 131      83B60600 
 132 00dc 13962700 		slli	a2,a5,2
 133 00e0 3387C600 		add	a4,a3,a2
 134 00e4 03270700 		lw	a4,0(a4)
 135              		.loc 1 22 22
 136 00e8 9B050500 		sext.w	a1,a0
 137              		.loc 1 22 9
 138 00ec 6356B700 		bge	a4,a1,.L15
  21:src/memory.cpp ****     for (size_t i=0; i<numOfBlocks; i++)
 139              		.loc 1 21 5 is_stmt 1 discriminator 2
 140 00f0 93871700 		addi	a5,a5,1
 141              	.LVL7:
 142 00f4 6FF0DFFD 		j	.L10
 143              	.L15:
GAS LISTING /tmp/cc2VyJIW.s 			page 4


  23:src/memory.cpp ****             if (memMap[i]>(int) size) memMap[i+size] = memMap[i]-size;
 144              		.loc 1 23 13
 145 00f8 63DCE500 		ble	a4,a1,.L9
 146              		.loc 1 23 39 discriminator 1
 147              		.loc 1 23 47 is_stmt 0 discriminator 1
 148 00fc B385A700 		add	a1,a5,a0
 149              		.loc 1 23 52 discriminator 1
 150 0100 93952500 		slli	a1,a1,2
 151 0104 B386B600 		add	a3,a3,a1
 152              		.loc 1 23 65 discriminator 1
 153 0108 3B07A740 		subw	a4,a4,a0
 154              		.loc 1 23 54 discriminator 1
 155 010c 23A0E600 		sw	a4,0(a3)
 156              	.L9:
  24:src/memory.cpp ****             memMap[i] = -size;
 157              		.loc 1 24 13 is_stmt 1
 158              		.loc 1 24 21 is_stmt 0
 159 0110 97060000 		lla	a3,.LANCHOR0
 159      93860600 
 160 0118 03B78600 		ld	a4,8(a3)
 161 011c 3306C700 		add	a2,a4,a2
 162              		.loc 1 24 23
 163 0120 3B05A040 		negw	a0,a0
 164              	.LVL8:
 165 0124 2320A600 		sw	a0,0(a2)
  25:src/memory.cpp ****             return ((char*)startHeap + i * MEM_BLOCK_SIZE); //x = startheap + i * memblocksize
 166              		.loc 1 25 13 is_stmt 1
 167              		.loc 1 25 38 is_stmt 0
 168 0128 03B50601 		ld	a0,16(a3)
 169              		.loc 1 25 42
 170 012c 93976700 		slli	a5,a5,6
 171              	.LVL9:
 172              		.loc 1 25 58
 173 0130 3305F500 		add	a0,a0,a5
 174 0134 6F008001 		j	.L5
 175              	.LVL10:
 176              	.L11:
 177              	.LBE3:
  20:src/memory.cpp ****     for (size_t i=0; i<numOfBlocks; i++)
 178              		.loc 1 20 45
 179 0138 13050000 		li	a0,0
 180              	.LVL11:
 181 013c 6F000001 		j	.L5
 182              	.LVL12:
 183              	.L12:
 184 0140 13050000 		li	a0,0
 185              	.LVL13:
 186 0144 6F008000 		j	.L5
 187              	.LVL14:
 188              	.L13:
  26:src/memory.cpp ****                                                             //i = x - startheap)/memblocksize
  27:src/memory.cpp ****         };
  28:src/memory.cpp ****     return nullptr; // No free mem
 189              		.loc 1 28 12
 190 0148 13050000 		li	a0,0
 191              	.LVL15:
 192              	.L5:
GAS LISTING /tmp/cc2VyJIW.s 			page 5


  29:src/memory.cpp **** }
 193              		.loc 1 29 1
 194 014c 03348100 		ld	s0,8(sp)
 195              		.cfi_restore 8
 196              		.cfi_def_cfa 2, 16
 197 0150 13010101 		addi	sp,sp,16
 198              		.cfi_def_cfa_offset 0
 199 0154 67800000 		jr	ra
 200              		.cfi_endproc
 201              	.LFE4:
 203              		.align	2
 204              		.globl	_ZN6Memory18mem_get_free_spaceEv
 206              	_ZN6Memory18mem_get_free_spaceEv:
 207              	.LFB5:
  30:src/memory.cpp **** 
  31:src/memory.cpp **** size_t Memory::mem_get_free_space() {
 208              		.loc 1 31 37 is_stmt 1
 209              		.cfi_startproc
 210 0158 130101FF 		addi	sp,sp,-16
 211              		.cfi_def_cfa_offset 16
 212 015c 23348100 		sd	s0,8(sp)
 213              		.cfi_offset 8, -8
 214 0160 13040101 		addi	s0,sp,16
 215              		.cfi_def_cfa 8, 0
  32:src/memory.cpp ****     size_t freeSpace = 0;
 216              		.loc 1 32 5
 217              	.LVL16:
  33:src/memory.cpp ****     for (size_t i=0; i<numOfBlocks; i++)
 218              		.loc 1 33 5
 219              	.LBB4:
 220              		.loc 1 33 17 is_stmt 0
 221 0164 93070000 		li	a5,0
 222              	.LBE4:
  32:src/memory.cpp ****     size_t freeSpace = 0;
 223              		.loc 1 32 12
 224 0168 13050000 		li	a0,0
 225 016c 6F008000 		j	.L19
 226              	.LVL17:
 227              	.L18:
 228              	.LBB5:
 229              		.loc 1 33 5 is_stmt 1 discriminator 2
 230 0170 93871700 		addi	a5,a5,1
 231              	.LVL18:
 232              	.L19:
 233              		.loc 1 33 23 discriminator 1
 234 0174 17070000 		ld	a4,.LANCHOR0
 234      03370700 
 235 017c 63F2E702 		bleu	a4,a5,.L17
  34:src/memory.cpp ****         if(memMap[i] > 0)
 236              		.loc 1 34 9
 237              		.loc 1 34 20 is_stmt 0
 238 0180 13972700 		slli	a4,a5,2
 239 0184 97060000 		ld	a3,.LANCHOR0+8
 239      83B60600 
 240 018c 3387E600 		add	a4,a3,a4
 241 0190 03270700 		lw	a4,0(a4)
 242              		.loc 1 34 9
GAS LISTING /tmp/cc2VyJIW.s 			page 6


 243 0194 E35EE0FC 		blez	a4,.L18
  35:src/memory.cpp ****             freeSpace += (size_t) memMap[i];
 244              		.loc 1 35 13 is_stmt 1
 245              		.loc 1 35 23 is_stmt 0
 246 0198 3305E500 		add	a0,a0,a4
 247              	.LVL19:
 248 019c 6FF05FFD 		j	.L18
 249              	.L17:
 250              	.LBE5:
  36:src/memory.cpp **** 
  37:src/memory.cpp ****     freeSpace *= MEM_BLOCK_SIZE;
 251              		.loc 1 37 5 is_stmt 1
 252              	.LVL20:
  38:src/memory.cpp ****     return freeSpace;
 253              		.loc 1 38 5
  39:src/memory.cpp **** }
 254              		.loc 1 39 1 is_stmt 0
 255 01a0 13156500 		slli	a0,a0,6
 256              	.LVL21:
 257 01a4 03348100 		ld	s0,8(sp)
 258              		.cfi_restore 8
 259              		.cfi_def_cfa 2, 16
 260 01a8 13010101 		addi	sp,sp,16
 261              		.cfi_def_cfa_offset 0
 262 01ac 67800000 		jr	ra
 263              		.cfi_endproc
 264              	.LFE5:
 266              		.align	2
 267              		.globl	_ZN6Memory26mem_get_largest_free_blockEv
 269              	_ZN6Memory26mem_get_largest_free_blockEv:
 270              	.LFB6:
  40:src/memory.cpp **** 
  41:src/memory.cpp **** size_t Memory::mem_get_largest_free_block() {
 271              		.loc 1 41 45 is_stmt 1
 272              		.cfi_startproc
 273 01b0 130101FF 		addi	sp,sp,-16
 274              		.cfi_def_cfa_offset 16
 275 01b4 23348100 		sd	s0,8(sp)
 276              		.cfi_offset 8, -8
 277 01b8 13040101 		addi	s0,sp,16
 278              		.cfi_def_cfa 8, 0
  42:src/memory.cpp ****     size_t largestBlock = 0;
 279              		.loc 1 42 5
 280              	.LVL22:
  43:src/memory.cpp **** 
  44:src/memory.cpp ****     for (size_t i=0; i<numOfBlocks; i++)
 281              		.loc 1 44 5
 282              	.LBB6:
 283              		.loc 1 44 17 is_stmt 0
 284 01bc 93070000 		li	a5,0
 285              	.LBE6:
  42:src/memory.cpp ****     size_t largestBlock = 0;
 286              		.loc 1 42 12
 287 01c0 13050000 		li	a0,0
 288 01c4 6F008000 		j	.L24
 289              	.LVL23:
 290              	.L23:
GAS LISTING /tmp/cc2VyJIW.s 			page 7


 291              	.LBB7:
 292              		.loc 1 44 5 is_stmt 1 discriminator 2
 293 01c8 93871700 		addi	a5,a5,1
 294              	.LVL24:
 295              	.L24:
 296              		.loc 1 44 23 discriminator 1
 297 01cc 17070000 		ld	a4,.LANCHOR0
 297      03370700 
 298 01d4 63F2E702 		bleu	a4,a5,.L22
  45:src/memory.cpp ****         if((size_t) memMap[i] > largestBlock)
 299              		.loc 1 45 9
 300              		.loc 1 45 29 is_stmt 0
 301 01d8 13972700 		slli	a4,a5,2
 302 01dc 97060000 		ld	a3,.LANCHOR0+8
 302      83B60600 
 303 01e4 3387E600 		add	a4,a3,a4
 304 01e8 03270700 		lw	a4,0(a4)
 305              		.loc 1 45 9
 306 01ec E37EE5FC 		bleu	a4,a0,.L23
  46:src/memory.cpp ****             largestBlock = (size_t) memMap[i];
 307              		.loc 1 46 26
 308 01f0 13050700 		mv	a0,a4
 309              	.LVL25:
 310 01f4 6FF05FFD 		j	.L23
 311              	.LVL26:
 312              	.L22:
 313              	.LBE7:
  47:src/memory.cpp **** 
  48:src/memory.cpp ****     largestBlock *= MEM_BLOCK_SIZE;
 314              		.loc 1 48 5 is_stmt 1
  49:src/memory.cpp ****     return largestBlock;
 315              		.loc 1 49 5
  50:src/memory.cpp **** }
 316              		.loc 1 50 1 is_stmt 0
 317 01f8 13156500 		slli	a0,a0,6
 318              	.LVL27:
 319 01fc 03348100 		ld	s0,8(sp)
 320              		.cfi_restore 8
 321              		.cfi_def_cfa 2, 16
 322 0200 13010101 		addi	sp,sp,16
 323              		.cfi_def_cfa_offset 0
 324 0204 67800000 		jr	ra
 325              		.cfi_endproc
 326              	.LFE6:
 328              		.align	2
 329              		.globl	_ZN6Memory8mem_freeEPv
 331              	_ZN6Memory8mem_freeEPv:
 332              	.LFB7:
  51:src/memory.cpp **** 
  52:src/memory.cpp **** int Memory::mem_free(void *ptr) {
 333              		.loc 1 52 33 is_stmt 1
 334              		.cfi_startproc
 335              	.LVL28:
 336 0208 130101FF 		addi	sp,sp,-16
 337              		.cfi_def_cfa_offset 16
 338 020c 23348100 		sd	s0,8(sp)
 339              		.cfi_offset 8, -8
GAS LISTING /tmp/cc2VyJIW.s 			page 8


 340 0210 13040101 		addi	s0,sp,16
 341              		.cfi_def_cfa 8, 0
  53:src/memory.cpp ****     if(ptr < startHeap || ptr > HEAP_END_ADDR) return -1; //free na memoriju van opsega GRESKA
 342              		.loc 1 53 5
 343              		.loc 1 53 12 is_stmt 0
 344 0214 17070000 		ld	a4,.LANCHOR0+16
 344      03370700 
 345              		.loc 1 53 5
 346 021c 6360E50E 		bgtu	a4,a0,.L31
 347              		.loc 1 53 31 discriminator 2
 348 0220 97070000 		la	a5,HEAP_END_ADDR
 348      83B70700 
 349 0228 83B70700 		ld	a5,0(a5)
 350              		.loc 1 53 24 discriminator 2
 351 022c 63ECA70C 		bltu	a5,a0,.L32
  54:src/memory.cpp ****     if((uint64) ptr % MEM_BLOCK_SIZE != 0 ) return -2; //free na NEPORAVNAT pokazivac (sredinu mem 
 352              		.loc 1 54 5 is_stmt 1
 353              		.loc 1 54 21 is_stmt 0
 354 0230 9377F503 		andi	a5,a0,63
 355              		.loc 1 54 5
 356 0234 639C070C 		bnez	a5,.L33
  55:src/memory.cpp **** 
  56:src/memory.cpp ****     int entry = ((uint64) ptr - (uint64)startHeap) / MEM_BLOCK_SIZE;
 357              		.loc 1 56 5 is_stmt 1
 358              		.loc 1 56 31 is_stmt 0
 359 0238 3307E540 		sub	a4,a0,a4
 360              		.loc 1 56 52
 361 023c 13576700 		srli	a4,a4,6
 362              		.loc 1 56 9
 363 0240 1B070700 		sext.w	a4,a4
 364              	.LVL29:
  57:src/memory.cpp ****     if(memMap[entry] >= 0) return -3; //free na nealociranu memoriju GRESKA
 365              		.loc 1 57 5 is_stmt 1
 366              		.loc 1 57 20 is_stmt 0
 367 0244 13152700 		slli	a0,a4,2
 368              	.LVL30:
 369 0248 97070000 		ld	a5,.LANCHOR0+8
 369      83B70700 
 370 0250 B387A700 		add	a5,a5,a0
 371 0254 83A60700 		lw	a3,0(a5)
 372              		.loc 1 57 5
 373 0258 63DE060A 		bgez	a3,.L34
  58:src/memory.cpp **** 
  59:src/memory.cpp ****     memMap[entry] = -memMap[entry];
 374              		.loc 1 59 5 is_stmt 1
 375              		.loc 1 59 21 is_stmt 0
 376 025c BB06D040 		negw	a3,a3
 377              		.loc 1 59 19
 378 0260 23A0D700 		sw	a3,0(a5)
  60:src/memory.cpp ****     //right join
  61:src/memory.cpp ****     if(memMap[entry + memMap[entry]] > 0) {
 379              		.loc 1 61 5 is_stmt 1
 380              	.LBB8:
 381              		.loc 1 61 36 is_stmt 0
 382 0264 97070000 		ld	a5,.LANCHOR0+8
 382      83B70700 
 383              		.loc 1 61 35
GAS LISTING /tmp/cc2VyJIW.s 			page 9


 384 026c B385A700 		add	a1,a5,a0
 385 0270 03A60500 		lw	a2,0(a1)
 386              		.loc 1 61 21
 387 0274 BB06E600 		addw	a3,a2,a4
 388              		.loc 1 61 36
 389 0278 93962600 		slli	a3,a3,2
 390 027c B387D700 		add	a5,a5,a3
 391 0280 83A70700 		lw	a5,0(a5)
 392              		.loc 1 61 5
 393 0284 635EF000 		blez	a5,.L29
 394              	.LBB9:
  62:src/memory.cpp ****         int pomeraj = entry + memMap[entry];
 395              		.loc 1 62 9 is_stmt 1
 396              	.LVL31:
  63:src/memory.cpp ****         memMap[entry] += memMap[pomeraj];
 397              		.loc 1 63 9
 398              		.loc 1 63 23 is_stmt 0
 399 0288 3B06F600 		addw	a2,a2,a5
 400              	.LVL32:
 401 028c 23A0C500 		sw	a2,0(a1)
 402              	.LVL33:
  64:src/memory.cpp ****         memMap[pomeraj] = 0;
 403              		.loc 1 64 9 is_stmt 1
 404              		.loc 1 64 23 is_stmt 0
 405 0290 97070000 		ld	a5,.LANCHOR0+8
 405      83B70700 
 406 0298 B386D700 		add	a3,a5,a3
 407              		.loc 1 64 25
 408 029c 23A00600 		sw	zero,0(a3)
 409              	.L29:
 410              	.LBE9:
 411              	.LBE8:
  65:src/memory.cpp ****     }
  66:src/memory.cpp **** 
  67:src/memory.cpp ****     //left join
  68:src/memory.cpp ****     int i = 0;
 412              		.loc 1 68 5 is_stmt 1
 413              	.LVL34:
 414              		.loc 1 68 9 is_stmt 0
 415 02a0 93050000 		li	a1,0
 416              	.LVL35:
 417              	.L30:
  69:src/memory.cpp ****     while(memMap[entry + --i] == 0);
 418              		.loc 1 69 5 is_stmt 1
 419              		.loc 1 69 31
 420              		.loc 1 69 29 is_stmt 0
 421 02a4 17060000 		ld	a2,.LANCHOR0+8
 421      03360600 
 422              		.loc 1 69 31
 423 02ac 9B87F5FF 		addiw	a5,a1,-1
 424 02b0 9B850700 		sext.w	a1,a5
 425              	.LVL36:
 426              		.loc 1 69 24
 427 02b4 BB87E700 		addw	a5,a5,a4
 428              	.LVL37:
 429              		.loc 1 69 29
 430 02b8 93972700 		slli	a5,a5,2
GAS LISTING /tmp/cc2VyJIW.s 			page 10


 431 02bc B307F600 		add	a5,a2,a5
 432 02c0 83A60700 		lw	a3,0(a5)
 433              		.loc 1 69 31
 434 02c4 E38006FE 		beqz	a3,.L30
  70:src/memory.cpp ****     if(memMap[entry + i] > 0) {
 435              		.loc 1 70 5 is_stmt 1
 436              	.LBB10:
 437 02c8 635AD004 		blez	a3,.L35
 438              	.LBB11:
  71:src/memory.cpp ****         int pomeraj = entry + i;
 439              		.loc 1 71 9
 440              	.LVL38:
  72:src/memory.cpp ****         memMap[pomeraj] += memMap[entry];
 441              		.loc 1 72 9
 442              		.loc 1 72 40 is_stmt 0
 443 02cc 3306A600 		add	a2,a2,a0
 444 02d0 03270600 		lw	a4,0(a2)
 445              	.LVL39:
 446              		.loc 1 72 25
 447 02d4 BB86E600 		addw	a3,a3,a4
 448 02d8 23A0D700 		sw	a3,0(a5)
  73:src/memory.cpp ****         memMap[entry] = 0;
 449              		.loc 1 73 9 is_stmt 1
 450              		.loc 1 73 21 is_stmt 0
 451 02dc 97070000 		ld	a5,.LANCHOR0+8
 451      83B70700 
 452 02e4 3385A700 		add	a0,a5,a0
 453              		.loc 1 73 23
 454 02e8 23200500 		sw	zero,0(a0)
 455              	.LBE11:
 456              	.LBE10:
  74:src/memory.cpp ****     }
  75:src/memory.cpp **** 
  76:src/memory.cpp ****     return 0;
 457              		.loc 1 76 12
 458 02ec 13050000 		li	a0,0
 459              	.LVL40:
 460              	.L28:
  77:src/memory.cpp **** }
 461              		.loc 1 77 1
 462 02f0 03348100 		ld	s0,8(sp)
 463              		.cfi_remember_state
 464              		.cfi_restore 8
 465              		.cfi_def_cfa 2, 16
 466 02f4 13010101 		addi	sp,sp,16
 467              		.cfi_def_cfa_offset 0
 468 02f8 67800000 		jr	ra
 469              	.LVL41:
 470              	.L31:
 471              		.cfi_restore_state
  53:src/memory.cpp ****     if((uint64) ptr % MEM_BLOCK_SIZE != 0 ) return -2; //free na NEPORAVNAT pokazivac (sredinu mem 
 472              		.loc 1 53 56
 473 02fc 1305F0FF 		li	a0,-1
 474              	.LVL42:
 475 0300 6FF01FFF 		j	.L28
 476              	.LVL43:
 477              	.L32:
GAS LISTING /tmp/cc2VyJIW.s 			page 11


 478 0304 1305F0FF 		li	a0,-1
 479              	.LVL44:
 480 0308 6FF09FFE 		j	.L28
 481              	.LVL45:
 482              	.L33:
  54:src/memory.cpp **** 
 483              		.loc 1 54 53
 484 030c 1305E0FF 		li	a0,-2
 485              	.LVL46:
 486 0310 6FF01FFE 		j	.L28
 487              	.LVL47:
 488              	.L34:
  57:src/memory.cpp **** 
 489              		.loc 1 57 36
 490 0314 1305D0FF 		li	a0,-3
 491 0318 6FF09FFD 		j	.L28
 492              	.LVL48:
 493              	.L35:
  76:src/memory.cpp **** }
 494              		.loc 1 76 12
 495 031c 13050000 		li	a0,0
 496 0320 6FF01FFD 		j	.L28
 497              		.cfi_endproc
 498              	.LFE7:
 500              		.globl	_ZN6Memory9startHeapE
 501              		.globl	_ZN6Memory6memMapE
 502              		.globl	_ZN6Memory11numOfBlocksE
 503              		.bss
 504              		.align	3
 505              		.set	.LANCHOR0,. + 0
 508              	_ZN6Memory11numOfBlocksE:
 509 0000 00000000 		.zero	8
 509      00000000 
 512              	_ZN6Memory6memMapE:
 513 0008 00000000 		.zero	8
 513      00000000 
 516              	_ZN6Memory9startHeapE:
 517 0010 00000000 		.zero	8
 517      00000000 
 518              		.text
 519              	.Letext0:
 520              		.file 2 "src/../h/../lib/hw.h"
 521              		.file 3 "src/../h/memory.hpp"
GAS LISTING /tmp/cc2VyJIW.s 			page 12


DEFINED SYMBOLS
                            *ABS*:0000000000000000 memory.cpp
     /tmp/cc2VyJIW.s:9      .text:0000000000000000 _ZN6Memory4initEv
     /tmp/cc2VyJIW.s:13     .text:0000000000000000 .L0 
     /tmp/cc2VyJIW.s:14     .text:0000000000000000 .L0 
     /tmp/cc2VyJIW.s:15     .text:0000000000000004 .L0 
     /tmp/cc2VyJIW.s:17     .text:0000000000000008 .L0 
     /tmp/cc2VyJIW.s:19     .text:000000000000000c .L0 
     /tmp/cc2VyJIW.s:21     .text:000000000000000c .L0 
     /tmp/cc2VyJIW.s:22     .text:000000000000000c .L0 
     /tmp/cc2VyJIW.s:28     .text:0000000000000028 .L0 
     /tmp/cc2VyJIW.s:31     .text:0000000000000030 .L0 
     /tmp/cc2VyJIW.s:33     .text:0000000000000034 .L0 
     /tmp/cc2VyJIW.s:36     .text:0000000000000040 .L0 
     /tmp/cc2VyJIW.s:37     .text:0000000000000040 .L0 
     /tmp/cc2VyJIW.s:39     .text:0000000000000044 .L0 
     /tmp/cc2VyJIW.s:40     .text:0000000000000044 .L0 
     /tmp/cc2VyJIW.s:42     .text:0000000000000048 .L0 
     /tmp/cc2VyJIW.s:44     .text:000000000000004c .L0 
     /tmp/cc2VyJIW.s:45     .text:000000000000004c .L0 
     /tmp/cc2VyJIW.s:47     .text:0000000000000050 .L0 
     /tmp/cc2VyJIW.s:50     .text:0000000000000058 .L0 
     /tmp/cc2VyJIW.s:52     .text:000000000000005c .L0 
     /tmp/cc2VyJIW.s:54     .text:0000000000000060 .L0 
     /tmp/cc2VyJIW.s:55     .text:0000000000000060 .L0 
     /tmp/cc2VyJIW.s:59     .text:0000000000000064 .L0 
     /tmp/cc2VyJIW.s:60     .text:0000000000000064 .L0 
     /tmp/cc2VyJIW.s:64     .text:0000000000000068 .L0 
     /tmp/cc2VyJIW.s:67     .text:0000000000000074 .L0 
     /tmp/cc2VyJIW.s:68     .text:0000000000000074 .L0 
     /tmp/cc2VyJIW.s:72     .text:0000000000000084 .L0 
     /tmp/cc2VyJIW.s:74     .text:0000000000000088 .L0 
     /tmp/cc2VyJIW.s:80     .text:0000000000000090 .L0 
     /tmp/cc2VyJIW.s:81     .text:0000000000000094 .L0 
     /tmp/cc2VyJIW.s:82     .text:0000000000000094 .L0 
     /tmp/cc2VyJIW.s:84     .text:0000000000000098 .L0 
     /tmp/cc2VyJIW.s:86     .text:000000000000009c .L0 
     /tmp/cc2VyJIW.s:92     .text:000000000000009c _ZN6Memory9mem_allocEm
     /tmp/cc2VyJIW.s:95     .text:000000000000009c .L0 
     /tmp/cc2VyJIW.s:97     .text:000000000000009c .L0 
     /tmp/cc2VyJIW.s:98     .text:00000000000000a0 .L0 
     /tmp/cc2VyJIW.s:100    .text:00000000000000a4 .L0 
     /tmp/cc2VyJIW.s:102    .text:00000000000000a8 .L0 
     /tmp/cc2VyJIW.s:104    .text:00000000000000a8 .L0 
     /tmp/cc2VyJIW.s:105    .text:00000000000000a8 .L0 
     /tmp/cc2VyJIW.s:107    .text:00000000000000ac .L0 
     /tmp/cc2VyJIW.s:110    .text:00000000000000b0 .L0 
     /tmp/cc2VyJIW.s:114    .text:00000000000000b8 .L0 
     /tmp/cc2VyJIW.s:117    .text:00000000000000bc .L0 
     /tmp/cc2VyJIW.s:119    .text:00000000000000c0 .L0 
     /tmp/cc2VyJIW.s:121    .text:00000000000000c8 .L0 
     /tmp/cc2VyJIW.s:124    .text:00000000000000cc .L0 
     /tmp/cc2VyJIW.s:128    .text:00000000000000d0 .L0 
     /tmp/cc2VyJIW.s:130    .text:00000000000000d4 .L0 
     /tmp/cc2VyJIW.s:131    .text:00000000000000d4 .L0 
     /tmp/cc2VyJIW.s:136    .text:00000000000000e8 .L0 
     /tmp/cc2VyJIW.s:138    .text:00000000000000ec .L0 
GAS LISTING /tmp/cc2VyJIW.s 			page 13


     /tmp/cc2VyJIW.s:140    .text:00000000000000f0 .L0 
     /tmp/cc2VyJIW.s:145    .text:00000000000000f8 .L0 
     /tmp/cc2VyJIW.s:147    .text:00000000000000fc .L0 
     /tmp/cc2VyJIW.s:148    .text:00000000000000fc .L0 
     /tmp/cc2VyJIW.s:150    .text:0000000000000100 .L0 
     /tmp/cc2VyJIW.s:153    .text:0000000000000108 .L0 
     /tmp/cc2VyJIW.s:155    .text:000000000000010c .L0 
     /tmp/cc2VyJIW.s:158    .text:0000000000000110 .L0 
     /tmp/cc2VyJIW.s:159    .text:0000000000000110 .L0 
     /tmp/cc2VyJIW.s:163    .text:0000000000000120 .L0 
     /tmp/cc2VyJIW.s:167    .text:0000000000000128 .L0 
     /tmp/cc2VyJIW.s:168    .text:0000000000000128 .L0 
     /tmp/cc2VyJIW.s:170    .text:000000000000012c .L0 
     /tmp/cc2VyJIW.s:173    .text:0000000000000130 .L0 
     /tmp/cc2VyJIW.s:179    .text:0000000000000138 .L0 
     /tmp/cc2VyJIW.s:190    .text:0000000000000148 .L0 
     /tmp/cc2VyJIW.s:194    .text:000000000000014c .L0 
     /tmp/cc2VyJIW.s:195    .text:0000000000000150 .L0 
     /tmp/cc2VyJIW.s:196    .text:0000000000000150 .L0 
     /tmp/cc2VyJIW.s:198    .text:0000000000000154 .L0 
     /tmp/cc2VyJIW.s:200    .text:0000000000000158 .L0 
     /tmp/cc2VyJIW.s:206    .text:0000000000000158 _ZN6Memory18mem_get_free_spaceEv
     /tmp/cc2VyJIW.s:209    .text:0000000000000158 .L0 
     /tmp/cc2VyJIW.s:210    .text:0000000000000158 .L0 
     /tmp/cc2VyJIW.s:211    .text:000000000000015c .L0 
     /tmp/cc2VyJIW.s:213    .text:0000000000000160 .L0 
     /tmp/cc2VyJIW.s:215    .text:0000000000000164 .L0 
     /tmp/cc2VyJIW.s:218    .text:0000000000000164 .L0 
     /tmp/cc2VyJIW.s:220    .text:0000000000000164 .L0 
     /tmp/cc2VyJIW.s:221    .text:0000000000000164 .L0 
     /tmp/cc2VyJIW.s:224    .text:0000000000000168 .L0 
     /tmp/cc2VyJIW.s:230    .text:0000000000000170 .L0 
     /tmp/cc2VyJIW.s:234    .text:0000000000000174 .L0 
     /tmp/cc2VyJIW.s:237    .text:0000000000000180 .L0 
     /tmp/cc2VyJIW.s:238    .text:0000000000000180 .L0 
     /tmp/cc2VyJIW.s:243    .text:0000000000000194 .L0 
     /tmp/cc2VyJIW.s:245    .text:0000000000000198 .L0 
     /tmp/cc2VyJIW.s:246    .text:0000000000000198 .L0 
     /tmp/cc2VyJIW.s:253    .text:00000000000001a0 .L0 
     /tmp/cc2VyJIW.s:254    .text:00000000000001a0 .L0 
     /tmp/cc2VyJIW.s:255    .text:00000000000001a0 .L0 
     /tmp/cc2VyJIW.s:258    .text:00000000000001a8 .L0 
     /tmp/cc2VyJIW.s:259    .text:00000000000001a8 .L0 
     /tmp/cc2VyJIW.s:261    .text:00000000000001ac .L0 
     /tmp/cc2VyJIW.s:263    .text:00000000000001b0 .L0 
     /tmp/cc2VyJIW.s:269    .text:00000000000001b0 _ZN6Memory26mem_get_largest_free_blockEv
     /tmp/cc2VyJIW.s:272    .text:00000000000001b0 .L0 
     /tmp/cc2VyJIW.s:273    .text:00000000000001b0 .L0 
     /tmp/cc2VyJIW.s:274    .text:00000000000001b4 .L0 
     /tmp/cc2VyJIW.s:276    .text:00000000000001b8 .L0 
     /tmp/cc2VyJIW.s:278    .text:00000000000001bc .L0 
     /tmp/cc2VyJIW.s:281    .text:00000000000001bc .L0 
     /tmp/cc2VyJIW.s:283    .text:00000000000001bc .L0 
     /tmp/cc2VyJIW.s:284    .text:00000000000001bc .L0 
     /tmp/cc2VyJIW.s:287    .text:00000000000001c0 .L0 
     /tmp/cc2VyJIW.s:293    .text:00000000000001c8 .L0 
     /tmp/cc2VyJIW.s:297    .text:00000000000001cc .L0 
GAS LISTING /tmp/cc2VyJIW.s 			page 14


     /tmp/cc2VyJIW.s:300    .text:00000000000001d8 .L0 
     /tmp/cc2VyJIW.s:301    .text:00000000000001d8 .L0 
     /tmp/cc2VyJIW.s:306    .text:00000000000001ec .L0 
     /tmp/cc2VyJIW.s:308    .text:00000000000001f0 .L0 
     /tmp/cc2VyJIW.s:315    .text:00000000000001f8 .L0 
     /tmp/cc2VyJIW.s:316    .text:00000000000001f8 .L0 
     /tmp/cc2VyJIW.s:317    .text:00000000000001f8 .L0 
     /tmp/cc2VyJIW.s:320    .text:0000000000000200 .L0 
     /tmp/cc2VyJIW.s:321    .text:0000000000000200 .L0 
     /tmp/cc2VyJIW.s:323    .text:0000000000000204 .L0 
     /tmp/cc2VyJIW.s:325    .text:0000000000000208 .L0 
     /tmp/cc2VyJIW.s:331    .text:0000000000000208 _ZN6Memory8mem_freeEPv
     /tmp/cc2VyJIW.s:334    .text:0000000000000208 .L0 
     /tmp/cc2VyJIW.s:336    .text:0000000000000208 .L0 
     /tmp/cc2VyJIW.s:337    .text:000000000000020c .L0 
     /tmp/cc2VyJIW.s:339    .text:0000000000000210 .L0 
     /tmp/cc2VyJIW.s:341    .text:0000000000000214 .L0 
     /tmp/cc2VyJIW.s:343    .text:0000000000000214 .L0 
     /tmp/cc2VyJIW.s:344    .text:0000000000000214 .L0 
     /tmp/cc2VyJIW.s:346    .text:000000000000021c .L0 
     /tmp/cc2VyJIW.s:348    .text:0000000000000220 .L0 
     /tmp/cc2VyJIW.s:351    .text:000000000000022c .L0 
     /tmp/cc2VyJIW.s:353    .text:0000000000000230 .L0 
     /tmp/cc2VyJIW.s:354    .text:0000000000000230 .L0 
     /tmp/cc2VyJIW.s:356    .text:0000000000000234 .L0 
     /tmp/cc2VyJIW.s:358    .text:0000000000000238 .L0 
     /tmp/cc2VyJIW.s:359    .text:0000000000000238 .L0 
     /tmp/cc2VyJIW.s:361    .text:000000000000023c .L0 
     /tmp/cc2VyJIW.s:363    .text:0000000000000240 .L0 
     /tmp/cc2VyJIW.s:366    .text:0000000000000244 .L0 
     /tmp/cc2VyJIW.s:367    .text:0000000000000244 .L0 
     /tmp/cc2VyJIW.s:373    .text:0000000000000258 .L0 
     /tmp/cc2VyJIW.s:375    .text:000000000000025c .L0 
     /tmp/cc2VyJIW.s:376    .text:000000000000025c .L0 
     /tmp/cc2VyJIW.s:378    .text:0000000000000260 .L0 
     /tmp/cc2VyJIW.s:381    .text:0000000000000264 .L0 
     /tmp/cc2VyJIW.s:382    .text:0000000000000264 .L0 
     /tmp/cc2VyJIW.s:384    .text:000000000000026c .L0 
     /tmp/cc2VyJIW.s:387    .text:0000000000000274 .L0 
     /tmp/cc2VyJIW.s:389    .text:0000000000000278 .L0 
     /tmp/cc2VyJIW.s:393    .text:0000000000000284 .L0 
     /tmp/cc2VyJIW.s:397    .text:0000000000000288 .L0 
     /tmp/cc2VyJIW.s:398    .text:0000000000000288 .L0 
     /tmp/cc2VyJIW.s:399    .text:0000000000000288 .L0 
     /tmp/cc2VyJIW.s:404    .text:0000000000000290 .L0 
     /tmp/cc2VyJIW.s:405    .text:0000000000000290 .L0 
     /tmp/cc2VyJIW.s:408    .text:000000000000029c .L0 
     /tmp/cc2VyJIW.s:414    .text:00000000000002a0 .L0 
     /tmp/cc2VyJIW.s:415    .text:00000000000002a0 .L0 
     /tmp/cc2VyJIW.s:419    .text:00000000000002a4 .L0 
     /tmp/cc2VyJIW.s:420    .text:00000000000002a4 .L0 
     /tmp/cc2VyJIW.s:421    .text:00000000000002a4 .L0 
     /tmp/cc2VyJIW.s:423    .text:00000000000002ac .L0 
     /tmp/cc2VyJIW.s:427    .text:00000000000002b4 .L0 
     /tmp/cc2VyJIW.s:430    .text:00000000000002b8 .L0 
     /tmp/cc2VyJIW.s:434    .text:00000000000002c4 .L0 
     /tmp/cc2VyJIW.s:437    .text:00000000000002c8 .L0 
GAS LISTING /tmp/cc2VyJIW.s 			page 15


     /tmp/cc2VyJIW.s:441    .text:00000000000002cc .L0 
     /tmp/cc2VyJIW.s:442    .text:00000000000002cc .L0 
     /tmp/cc2VyJIW.s:443    .text:00000000000002cc .L0 
     /tmp/cc2VyJIW.s:447    .text:00000000000002d4 .L0 
     /tmp/cc2VyJIW.s:450    .text:00000000000002dc .L0 
     /tmp/cc2VyJIW.s:451    .text:00000000000002dc .L0 
     /tmp/cc2VyJIW.s:454    .text:00000000000002e8 .L0 
     /tmp/cc2VyJIW.s:458    .text:00000000000002ec .L0 
     /tmp/cc2VyJIW.s:462    .text:00000000000002f0 .L0 
     /tmp/cc2VyJIW.s:463    .text:00000000000002f4 .L0 
     /tmp/cc2VyJIW.s:464    .text:00000000000002f4 .L0 
     /tmp/cc2VyJIW.s:465    .text:00000000000002f4 .L0 
     /tmp/cc2VyJIW.s:467    .text:00000000000002f8 .L0 
     /tmp/cc2VyJIW.s:471    .text:00000000000002fc .L0 
     /tmp/cc2VyJIW.s:473    .text:00000000000002fc .L0 
     /tmp/cc2VyJIW.s:484    .text:000000000000030c .L0 
     /tmp/cc2VyJIW.s:490    .text:0000000000000314 .L0 
     /tmp/cc2VyJIW.s:495    .text:000000000000031c .L0 
     /tmp/cc2VyJIW.s:497    .text:0000000000000324 .L0 
     /tmp/cc2VyJIW.s:516    .bss:0000000000000010 _ZN6Memory9startHeapE
     /tmp/cc2VyJIW.s:512    .bss:0000000000000008 _ZN6Memory6memMapE
     /tmp/cc2VyJIW.s:508    .bss:0000000000000000 _ZN6Memory11numOfBlocksE
     /tmp/cc2VyJIW.s:505    .bss:0000000000000000 .LANCHOR0
     /tmp/cc2VyJIW.s:522    .text:0000000000000324 .L0 
     /tmp/cc2VyJIW.s:22     .text:000000000000000c .L0 
     /tmp/cc2VyJIW.s:24     .text:0000000000000018 .L0 
     /tmp/cc2VyJIW.s:33     .text:0000000000000034 .L0 
     /tmp/cc2VyJIW.s:64     .text:0000000000000068 .L0 
     /tmp/cc2VyJIW.s:69     .text:0000000000000078 .L0 
     /tmp/cc2VyJIW.s:119    .text:00000000000000c0 .L0 
     /tmp/cc2VyJIW.s:131    .text:00000000000000d4 .L0 
     /tmp/cc2VyJIW.s:159    .text:0000000000000110 .L0 
     /tmp/cc2VyJIW.s:234    .text:0000000000000174 .L0 
     /tmp/cc2VyJIW.s:239    .text:0000000000000184 .L0 
     /tmp/cc2VyJIW.s:297    .text:00000000000001cc .L0 
     /tmp/cc2VyJIW.s:302    .text:00000000000001dc .L0 
     /tmp/cc2VyJIW.s:344    .text:0000000000000214 .L0 
     /tmp/cc2VyJIW.s:348    .text:0000000000000220 .L0 
     /tmp/cc2VyJIW.s:369    .text:0000000000000248 .L0 
     /tmp/cc2VyJIW.s:382    .text:0000000000000264 .L0 
     /tmp/cc2VyJIW.s:405    .text:0000000000000290 .L0 
     /tmp/cc2VyJIW.s:421    .text:00000000000002a4 .L0 
     /tmp/cc2VyJIW.s:451    .text:00000000000002dc .L0 
     /tmp/cc2VyJIW.s:77     .text:0000000000000090 .L1
     /tmp/cc2VyJIW.s:62     .text:0000000000000068 .L3
     /tmp/cc2VyJIW.s:112    .text:00000000000000b8 .L6
     /tmp/cc2VyJIW.s:176    .text:0000000000000138 .L11
     /tmp/cc2VyJIW.s:183    .text:0000000000000140 .L12
     /tmp/cc2VyJIW.s:188    .text:0000000000000148 .L13
     /tmp/cc2VyJIW.s:143    .text:00000000000000f8 .L15
     /tmp/cc2VyJIW.s:125    .text:00000000000000d0 .L10
     /tmp/cc2VyJIW.s:156    .text:0000000000000110 .L9
     /tmp/cc2VyJIW.s:192    .text:000000000000014c .L5
     /tmp/cc2VyJIW.s:232    .text:0000000000000174 .L19
     /tmp/cc2VyJIW.s:249    .text:00000000000001a0 .L17
     /tmp/cc2VyJIW.s:227    .text:0000000000000170 .L18
     /tmp/cc2VyJIW.s:295    .text:00000000000001cc .L24
GAS LISTING /tmp/cc2VyJIW.s 			page 16


     /tmp/cc2VyJIW.s:312    .text:00000000000001f8 .L22
     /tmp/cc2VyJIW.s:290    .text:00000000000001c8 .L23
     /tmp/cc2VyJIW.s:470    .text:00000000000002fc .L31
     /tmp/cc2VyJIW.s:477    .text:0000000000000304 .L32
     /tmp/cc2VyJIW.s:482    .text:000000000000030c .L33
     /tmp/cc2VyJIW.s:488    .text:0000000000000314 .L34
     /tmp/cc2VyJIW.s:409    .text:00000000000002a0 .L29
     /tmp/cc2VyJIW.s:417    .text:00000000000002a4 .L30
     /tmp/cc2VyJIW.s:493    .text:000000000000031c .L35
     /tmp/cc2VyJIW.s:460    .text:00000000000002f0 .L28
     /tmp/cc2VyJIW.s:935    .debug_abbrev:0000000000000000 .Ldebug_abbrev0
     /tmp/cc2VyJIW.s:1716   .debug_str:0000000000000141 .LASF38
     /tmp/cc2VyJIW.s:1760   .debug_str:000000000000035c .LASF39
     /tmp/cc2VyJIW.s:1706   .debug_str:00000000000000e0 .LASF40
     /tmp/cc2VyJIW.s:5      .text:0000000000000000 .Ltext0
     /tmp/cc2VyJIW.s:519    .text:0000000000000324 .Letext0
     /tmp/cc2VyJIW.s:1674   .debug_line:0000000000000000 .Ldebug_line0
     /tmp/cc2VyJIW.s:1722   .debug_str:0000000000000249 .LASF0
     /tmp/cc2VyJIW.s:1708   .debug_str:0000000000000101 .LASF1
     /tmp/cc2VyJIW.s:1702   .debug_str:00000000000000c3 .LASF2
     /tmp/cc2VyJIW.s:1686   .debug_str:000000000000004c .LASF4
     /tmp/cc2VyJIW.s:1714   .debug_str:000000000000012f .LASF3
     /tmp/cc2VyJIW.s:1678   .debug_str:0000000000000013 .LASF5
     /tmp/cc2VyJIW.s:1676   .debug_str:0000000000000000 .LASF6
     /tmp/cc2VyJIW.s:1696   .debug_str:0000000000000097 .LASF7
     /tmp/cc2VyJIW.s:1730   .debug_str:0000000000000290 .LASF8
     /tmp/cc2VyJIW.s:1684   .debug_str:000000000000003e .LASF9
     /tmp/cc2VyJIW.s:1704   .debug_str:00000000000000d1 .LASF10
     /tmp/cc2VyJIW.s:1700   .debug_str:00000000000000b4 .LASF11
     /tmp/cc2VyJIW.s:1752   .debug_str:0000000000000337 .LASF12
     /tmp/cc2VyJIW.s:1734   .debug_str:00000000000002b6 .LASF13
     /tmp/cc2VyJIW.s:1710   .debug_str:0000000000000114 .LASF14
     /tmp/cc2VyJIW.s:1694   .debug_str:0000000000000081 .LASF15
     /tmp/cc2VyJIW.s:1732   .debug_str:00000000000002a0 .LASF16
     /tmp/cc2VyJIW.s:1750   .debug_str:0000000000000330 .LASF17
     /tmp/cc2VyJIW.s:1712   .debug_str:0000000000000120 .LASF19
     /tmp/cc2VyJIW.s:1692   .debug_str:000000000000007c .LASF41
     /tmp/cc2VyJIW.s:1740   .debug_str:00000000000002e2 .LASF42
     /tmp/cc2VyJIW.s:1754   .debug_str:0000000000000347 .LASF18
     /tmp/cc2VyJIW.s:1724   .debug_str:0000000000000256 .LASF20
     /tmp/cc2VyJIW.s:1736   .debug_str:00000000000002c6 .LASF21
     /tmp/cc2VyJIW.s:1680   .debug_str:000000000000001a .LASF22
     /tmp/cc2VyJIW.s:1738   .debug_str:00000000000002cf .LASF23
     /tmp/cc2VyJIW.s:1748   .debug_str:000000000000030f .LASF25
     /tmp/cc2VyJIW.s:1718   .debug_str:0000000000000205 .LASF24
     /tmp/cc2VyJIW.s:1720   .debug_str:0000000000000220 .LASF26
     /tmp/cc2VyJIW.s:1746   .debug_str:0000000000000303 .LASF27
     /tmp/cc2VyJIW.s:1744   .debug_str:00000000000002fc .LASF28
     /tmp/cc2VyJIW.s:1728   .debug_str:0000000000000286 .LASF29
     /tmp/cc2VyJIW.s:1726   .debug_str:000000000000026d .LASF30
     /tmp/cc2VyJIW.s:1690   .debug_str:0000000000000069 .LASF31
     /tmp/cc2VyJIW.s:1688   .debug_str:0000000000000053 .LASF32
     /tmp/cc2VyJIW.s:332    .text:0000000000000208 .LFB7
     /tmp/cc2VyJIW.s:498    .text:0000000000000324 .LFE7
     /tmp/cc2VyJIW.s:1405   .debug_loc:0000000000000000 .LLST7
     /tmp/cc2VyJIW.s:1758   .debug_str:0000000000000356 .LASF33
     /tmp/cc2VyJIW.s:1452   .debug_loc:00000000000000b4 .LLST8
GAS LISTING /tmp/cc2VyJIW.s 			page 17


     /tmp/cc2VyJIW.s:1463   .debug_loc:00000000000000ea .LLST9
     /tmp/cc2VyJIW.s:394    .text:0000000000000288 .LBB9
     /tmp/cc2VyJIW.s:410    .text:00000000000002a0 .LBE9
     /tmp/cc2VyJIW.s:1742   .debug_str:00000000000002f4 .LASF34
     /tmp/cc2VyJIW.s:1487   .debug_loc:000000000000015a .LLST10
     /tmp/cc2VyJIW.s:438    .text:00000000000002cc .LBB11
     /tmp/cc2VyJIW.s:455    .text:00000000000002ec .LBE11
     /tmp/cc2VyJIW.s:1510   .debug_loc:000000000000019c .LLST11
     /tmp/cc2VyJIW.s:270    .text:00000000000001b0 .LFB6
     /tmp/cc2VyJIW.s:326    .text:0000000000000208 .LFE6
     /tmp/cc2VyJIW.s:1682   .debug_str:0000000000000031 .LASF35
     /tmp/cc2VyJIW.s:1522   .debug_loc:00000000000001c4 .LLST5
     /tmp/cc2VyJIW.s:1660   .debug_ranges:0000000000000000 .Ldebug_ranges0
     /tmp/cc2VyJIW.s:1546   .debug_loc:0000000000000225 .LLST6
     /tmp/cc2VyJIW.s:207    .text:0000000000000158 .LFB5
     /tmp/cc2VyJIW.s:264    .text:00000000000001b0 .LFE5
     /tmp/cc2VyJIW.s:1698   .debug_str:00000000000000aa .LASF36
     /tmp/cc2VyJIW.s:1558   .debug_loc:000000000000025c .LLST3
     /tmp/cc2VyJIW.s:1582   .debug_loc:00000000000002bd .LLST4
     /tmp/cc2VyJIW.s:93     .text:000000000000009c .LFB4
     /tmp/cc2VyJIW.s:201    .text:0000000000000158 .LFE4
     /tmp/cc2VyJIW.s:1756   .debug_str:0000000000000351 .LASF37
     /tmp/cc2VyJIW.s:1594   .debug_loc:00000000000002f4 .LLST1
     /tmp/cc2VyJIW.s:122    .text:00000000000000cc .LBB3
     /tmp/cc2VyJIW.s:177    .text:0000000000000138 .LBE3
     /tmp/cc2VyJIW.s:1624   .debug_loc:0000000000000379 .LLST2
     /tmp/cc2VyJIW.s:10     .text:0000000000000000 .LFB3
     /tmp/cc2VyJIW.s:87     .text:000000000000009c .LFE3
     /tmp/cc2VyJIW.s:58     .text:0000000000000064 .LBB2
     /tmp/cc2VyJIW.s:78     .text:0000000000000090 .LBE2
     /tmp/cc2VyJIW.s:1635   .debug_loc:00000000000003af .LLST0
     /tmp/cc2VyJIW.s:335    .text:0000000000000208 .LVL28
     /tmp/cc2VyJIW.s:368    .text:0000000000000248 .LVL30
     /tmp/cc2VyJIW.s:469    .text:00000000000002fc .LVL41
     /tmp/cc2VyJIW.s:474    .text:0000000000000300 .LVL42
     /tmp/cc2VyJIW.s:476    .text:0000000000000304 .LVL43
     /tmp/cc2VyJIW.s:479    .text:0000000000000308 .LVL44
     /tmp/cc2VyJIW.s:481    .text:000000000000030c .LVL45
     /tmp/cc2VyJIW.s:485    .text:0000000000000310 .LVL46
     /tmp/cc2VyJIW.s:364    .text:0000000000000244 .LVL29
     /tmp/cc2VyJIW.s:445    .text:00000000000002d4 .LVL39
     /tmp/cc2VyJIW.s:487    .text:0000000000000314 .LVL47
     /tmp/cc2VyJIW.s:413    .text:00000000000002a0 .LVL34
     /tmp/cc2VyJIW.s:416    .text:00000000000002a4 .LVL35
     /tmp/cc2VyJIW.s:425    .text:00000000000002b4 .LVL36
     /tmp/cc2VyJIW.s:428    .text:00000000000002b8 .LVL37
     /tmp/cc2VyJIW.s:459    .text:00000000000002f0 .LVL40
     /tmp/cc2VyJIW.s:492    .text:000000000000031c .LVL48
     /tmp/cc2VyJIW.s:396    .text:0000000000000288 .LVL31
     /tmp/cc2VyJIW.s:400    .text:000000000000028c .LVL32
     /tmp/cc2VyJIW.s:402    .text:0000000000000290 .LVL33
     /tmp/cc2VyJIW.s:440    .text:00000000000002cc .LVL38
     /tmp/cc2VyJIW.s:280    .text:00000000000001bc .LVL22
     /tmp/cc2VyJIW.s:289    .text:00000000000001c8 .LVL23
     /tmp/cc2VyJIW.s:309    .text:00000000000001f4 .LVL25
     /tmp/cc2VyJIW.s:311    .text:00000000000001f8 .LVL26
     /tmp/cc2VyJIW.s:318    .text:00000000000001fc .LVL27
GAS LISTING /tmp/cc2VyJIW.s 			page 18


     /tmp/cc2VyJIW.s:217    .text:0000000000000164 .LVL16
     /tmp/cc2VyJIW.s:226    .text:0000000000000170 .LVL17
     /tmp/cc2VyJIW.s:252    .text:00000000000001a0 .LVL20
     /tmp/cc2VyJIW.s:256    .text:00000000000001a4 .LVL21
     /tmp/cc2VyJIW.s:96     .text:000000000000009c .LVL3
     /tmp/cc2VyJIW.s:108    .text:00000000000000b0 .LVL4
     /tmp/cc2VyJIW.s:115    .text:00000000000000bc .LVL5
     /tmp/cc2VyJIW.s:164    .text:0000000000000124 .LVL8
     /tmp/cc2VyJIW.s:175    .text:0000000000000138 .LVL10
     /tmp/cc2VyJIW.s:180    .text:000000000000013c .LVL11
     /tmp/cc2VyJIW.s:182    .text:0000000000000140 .LVL12
     /tmp/cc2VyJIW.s:185    .text:0000000000000144 .LVL13
     /tmp/cc2VyJIW.s:187    .text:0000000000000148 .LVL14
     /tmp/cc2VyJIW.s:191    .text:000000000000014c .LVL15
     /tmp/cc2VyJIW.s:126    .text:00000000000000d0 .LVL6
     /tmp/cc2VyJIW.s:171    .text:0000000000000130 .LVL9
     /tmp/cc2VyJIW.s:57     .text:0000000000000064 .LVL0
     /tmp/cc2VyJIW.s:61     .text:0000000000000068 .LVL1
     /tmp/cc2VyJIW.s:523    .debug_info:0000000000000000 .Ldebug_info0
     /tmp/cc2VyJIW.s:219    .text:0000000000000164 .LBB4
     /tmp/cc2VyJIW.s:222    .text:0000000000000168 .LBE4
     /tmp/cc2VyJIW.s:228    .text:0000000000000170 .LBB5
     /tmp/cc2VyJIW.s:250    .text:00000000000001a0 .LBE5
     /tmp/cc2VyJIW.s:282    .text:00000000000001bc .LBB6
     /tmp/cc2VyJIW.s:285    .text:00000000000001c0 .LBE6
     /tmp/cc2VyJIW.s:291    .text:00000000000001c8 .LBB7
     /tmp/cc2VyJIW.s:313    .text:00000000000001f8 .LBE7

UNDEFINED SYMBOLS
HEAP_START_ADDR
HEAP_END_ADDR
