GAS LISTING /tmp/ccIb6ZQh.s 			page 1


   1              		.file	"semaphore.cpp"
   2              		.option pic
   3              		.option norelax
   4              		.text
   5              	.Ltext0:
   6              		.align	2
   7              		.globl	_ZN3sem5blockEv
   9              	_ZN3sem5blockEv:
  10              	.LFB33:
  11              		.file 1 "src/semaphore.cpp"
   1:src/semaphore.cpp **** 
   2:src/semaphore.cpp **** 
   3:src/semaphore.cpp **** 
   4:src/semaphore.cpp **** #include "../h/semaphore.hpp"
   5:src/semaphore.cpp **** #include "../h/print.hpp"
   6:src/semaphore.cpp **** #include "../h/TCB.hpp"
   7:src/semaphore.cpp **** 
   8:src/semaphore.cpp **** 
   9:src/semaphore.cpp **** void sem::block() {
  12              		.loc 1 9 19
  13              		.cfi_startproc
  14              	.LVL0:
  15 0000 130101FE 		addi	sp,sp,-32
  16              		.cfi_def_cfa_offset 32
  17 0004 233C1100 		sd	ra,24(sp)
  18 0008 23388100 		sd	s0,16(sp)
  19 000c 23349100 		sd	s1,8(sp)
  20 0010 23302101 		sd	s2,0(sp)
  21              		.cfi_offset 1, -8
  22              		.cfi_offset 8, -16
  23              		.cfi_offset 9, -24
  24              		.cfi_offset 18, -32
  25 0014 13040102 		addi	s0,sp,32
  26              		.cfi_def_cfa 8, 0
  27 0018 93040500 		mv	s1,a0
  10:src/semaphore.cpp ****     counter++;
  28              		.loc 1 10 5
  29 001c 83270501 		lw	a5,16(a0)
  30              		.loc 1 10 12 is_stmt 0
  31 0020 9B871700 		addiw	a5,a5,1
  32 0024 2328F500 		sw	a5,16(a0)
  11:src/semaphore.cpp ****     TCB::running->setBlocked(true);
  33              		.loc 1 11 5 is_stmt 1
  34              		.loc 1 11 29 is_stmt 0
  35 0028 97070000 		la	a5,_ZN3TCB7runningE
  35      83B70700 
  36 0030 03B90700 		ld	s2,0(a5)
  37              	.LVL1:
  38              	.LBB21:
  39              	.LBB22:
  40              		.file 2 "src/../h/TCB.hpp"
   1:src/../h/TCB.hpp **** #ifndef OS_PROJECT_BASE_TCB_HPP
   2:src/../h/TCB.hpp **** #define OS_PROJECT_BASE_TCB_HPP
   3:src/../h/TCB.hpp **** 
   4:src/../h/TCB.hpp **** #include "../lib/hw.h"
   5:src/../h/TCB.hpp **** #include "scheduler.hpp"
   6:src/../h/TCB.hpp **** 
GAS LISTING /tmp/ccIb6ZQh.s 			page 2


   7:src/../h/TCB.hpp **** static int threadCounter = 0;
   8:src/../h/TCB.hpp **** 
   9:src/../h/TCB.hpp **** class TCB{
  10:src/../h/TCB.hpp **** public:
  11:src/../h/TCB.hpp ****     ~TCB() {
  12:src/../h/TCB.hpp ****         delete[] stack;
  13:src/../h/TCB.hpp ****     }
  14:src/../h/TCB.hpp **** 
  15:src/../h/TCB.hpp ****     bool isFinished() const {
  16:src/../h/TCB.hpp ****         return finished;
  17:src/../h/TCB.hpp ****     }
  18:src/../h/TCB.hpp ****     bool isBlocked() const {
  19:src/../h/TCB.hpp ****         return blocked;
  20:src/../h/TCB.hpp ****     }
  21:src/../h/TCB.hpp **** 
  22:src/../h/TCB.hpp ****     void setFinished(bool finished) {
  23:src/../h/TCB.hpp ****         TCB::finished = finished;
  24:src/../h/TCB.hpp ****     }
  25:src/../h/TCB.hpp **** 
  26:src/../h/TCB.hpp ****     void setBlocked(bool blocked) {
  27:src/../h/TCB.hpp ****         TCB::blocked = blocked;
  41              		.loc 2 27 9 is_stmt 1
  42              		.loc 2 27 22 is_stmt 0
  43 0034 93071000 		li	a5,1
  44 0038 A308F904 		sb	a5,81(s2)
  45              	.LVL2:
  46              	.LBE22:
  47              	.LBE21:
  12:src/semaphore.cpp ****     blocked.addLast(TCB::running);
  48              		.loc 1 12 5 is_stmt 1
  49              	.LBB23:
  50              	.LBB24:
  51              		.file 3 "src/../h/list.hpp"
   1:src/../h/list.hpp **** #ifndef OS_PROJECT_BASE_LIST_HPP
   2:src/../h/list.hpp **** #define OS_PROJECT_BASE_LIST_HPP
   3:src/../h/list.hpp **** 
   4:src/../h/list.hpp **** template<typename T>
   5:src/../h/list.hpp **** class List {
   6:src/../h/list.hpp **** public:
   7:src/../h/list.hpp ****     struct Elem {
   8:src/../h/list.hpp ****         T *data;
   9:src/../h/list.hpp ****         Elem *next;
  10:src/../h/list.hpp **** 
  11:src/../h/list.hpp ****         Elem(T *data, Elem *next) : data(data), next(next) {}
  12:src/../h/list.hpp ****     };
  13:src/../h/list.hpp **** 
  14:src/../h/list.hpp ****     List(): head(0), tail(0) {}
  15:src/../h/list.hpp **** 
  16:src/../h/list.hpp ****     List(const List<T> &) = delete;
  17:src/../h/list.hpp **** 
  18:src/../h/list.hpp ****     List<T> &operator=(const List<T> &) = delete;
  19:src/../h/list.hpp **** 
  20:src/../h/list.hpp ****     void addFirst(T *data) {
  21:src/../h/list.hpp ****         Elem *elem = new Elem(data,head);
  22:src/../h/list.hpp ****         head = elem;
  23:src/../h/list.hpp ****         if(!tail)
  24:src/../h/list.hpp ****             tail = head;
GAS LISTING /tmp/ccIb6ZQh.s 			page 3


  25:src/../h/list.hpp ****     }
  26:src/../h/list.hpp **** 
  27:src/../h/list.hpp ****     void addLast(T *data) {
  28:src/../h/list.hpp ****         Elem *elem = new Elem(data, 0);
  52              		.loc 3 28 22 is_stmt 0
  53 003c 13050001 		li	a0,16
  54              	.LVL3:
  55 0040 97000000 		call	_Znwm@plt
  55      E7800000 
  56              	.LVL4:
  57              	.LBB25:
  58              	.LBB26:
  11:src/../h/list.hpp ****     };
  59              		.loc 3 11 58
  60 0048 23302501 		sd	s2,0(a0)
  61 004c 23340500 		sd	zero,8(a0)
  62              	.LVL5:
  63              	.LBE26:
  64              	.LBE25:
  29:src/../h/list.hpp **** 
  30:src/../h/list.hpp ****         if(tail) {
  65              		.loc 3 30 12
  66 0050 83B70402 		ld	a5,32(s1)
  67              		.loc 3 30 9
  68 0054 63860702 		beqz	a5,.L2
  31:src/../h/list.hpp ****             tail->next = elem;
  69              		.loc 3 31 13
  70 0058 23B4A700 		sd	a0,8(a5)
  32:src/../h/list.hpp ****             tail = elem;
  71              		.loc 3 32 13
  72 005c 23B0A402 		sd	a0,32(s1)
  73              	.L3:
  74              	.LVL6:
  75              	.LBE24:
  76              	.LBE23:
  13:src/semaphore.cpp ****     TCB::dispatch();
  77              		.loc 1 13 5 is_stmt 1
  78              		.loc 1 13 18 is_stmt 0
  79 0060 97000000 		call	_ZN3TCB8dispatchEv@plt
  79      E7800000 
  80              	.LVL7:
  14:src/semaphore.cpp **** //    printString("///////////////////\n");
  15:src/semaphore.cpp **** //    Scheduler::printAllThreads();
  16:src/semaphore.cpp **** }
  81              		.loc 1 16 1
  82 0068 83308101 		ld	ra,24(sp)
  83              		.cfi_remember_state
  84              		.cfi_restore 1
  85 006c 03340101 		ld	s0,16(sp)
  86              		.cfi_restore 8
  87              		.cfi_def_cfa 2, 32
  88 0070 83348100 		ld	s1,8(sp)
  89              		.cfi_restore 9
  90              	.LVL8:
  91 0074 03390100 		ld	s2,0(sp)
  92              		.cfi_restore 18
  93 0078 13010102 		addi	sp,sp,32
GAS LISTING /tmp/ccIb6ZQh.s 			page 4


  94              		.cfi_def_cfa_offset 0
  95 007c 67800000 		jr	ra
  96              	.LVL9:
  97              	.L2:
  98              		.cfi_restore_state
  99              	.LBB28:
 100              	.LBB27:
  33:src/../h/list.hpp ****         } else {
  34:src/../h/list.hpp ****             head = tail = elem;
 101              		.loc 3 34 13
 102 0080 23B0A402 		sd	a0,32(s1)
 103 0084 23BCA400 		sd	a0,24(s1)
 104 0088 6FF09FFD 		j	.L3
 105              	.LBE27:
 106              	.LBE28:
 107              		.cfi_endproc
 108              	.LFE33:
 110              		.section	.rodata.str1.8,"aMS",@progbits,1
 111              		.align	3
 112              	.LC0:
 113 0000 4E656D61 		.string	"Nema blokiranih threadova..."
 113      20626C6F 
 113      6B697261 
 113      6E696820 
 113      74687265 
 114              		.text
 115              		.align	2
 116              		.globl	_ZN3sem7unblockEv
 118              	_ZN3sem7unblockEv:
 119              	.LFB34:
  17:src/semaphore.cpp **** 
  18:src/semaphore.cpp **** void sem::unblock(){
 120              		.loc 1 18 20 is_stmt 1
 121              		.cfi_startproc
 122              	.LVL10:
 123 008c 130101FE 		addi	sp,sp,-32
 124              		.cfi_def_cfa_offset 32
 125 0090 233C1100 		sd	ra,24(sp)
 126 0094 23388100 		sd	s0,16(sp)
 127 0098 23349100 		sd	s1,8(sp)
 128              		.cfi_offset 1, -8
 129              		.cfi_offset 8, -16
 130              		.cfi_offset 9, -24
 131 009c 13040102 		addi	s0,sp,32
 132              		.cfi_def_cfa 8, 0
 133 00a0 93070500 		mv	a5,a0
  19:src/semaphore.cpp ****     counter--;
 134              		.loc 1 19 5
 135 00a4 03270501 		lw	a4,16(a0)
 136              		.loc 1 19 12 is_stmt 0
 137 00a8 1B07F7FF 		addiw	a4,a4,-1
 138 00ac 2328E500 		sw	a4,16(a0)
  20:src/semaphore.cpp ****     TCB* newThread = blocked.removeFirst();
 139              		.loc 1 20 5 is_stmt 1
 140              	.LVL11:
 141              	.LBB29:
 142              	.LBB30:
GAS LISTING /tmp/ccIb6ZQh.s 			page 5


  35:src/../h/list.hpp ****         }
  36:src/../h/list.hpp ****     }
  37:src/../h/list.hpp **** 
  38:src/../h/list.hpp ****     T *removeFirst() {
  39:src/../h/list.hpp ****         if(!head)
 143              		.loc 3 39 13 is_stmt 0
 144 00b0 03358501 		ld	a0,24(a0)
 145              	.LVL12:
 146              		.loc 3 39 9
 147 00b4 63060504 		beqz	a0,.L6
 148              	.LVL13:
  40:src/../h/list.hpp ****             return 0;
  41:src/../h/list.hpp **** 
  42:src/../h/list.hpp ****         Elem *elem = head;
  43:src/../h/list.hpp ****         head = head->next;
 149              		.loc 3 43 22
 150 00b8 03378500 		ld	a4,8(a0)
 151              		.loc 3 43 9
 152 00bc 23BCE700 		sd	a4,24(a5)
  44:src/../h/list.hpp ****         if(!head)
 153              		.loc 3 44 9
 154 00c0 630C0702 		beqz	a4,.L11
 155              	.L7:
  45:src/../h/list.hpp ****             tail = 0;
  46:src/../h/list.hpp **** 
  47:src/../h/list.hpp ****         T *ret = elem->data;
 156              		.loc 3 47 12
 157 00c4 83340500 		ld	s1,0(a0)
 158              	.LVL14:
  48:src/../h/list.hpp ****         delete elem;
 159              		.loc 3 48 9
 160 00c8 97000000 		call	_ZdlPv@plt
 160      E7800000 
 161              	.LVL15:
 162              	.LBE30:
 163              	.LBE29:
  21:src/semaphore.cpp ****     if(newThread == nullptr) {
 164              		.loc 1 21 5 is_stmt 1
 165 00d0 63880402 		beqz	s1,.L6
  22:src/semaphore.cpp ****         printString("Nema blokiranih threadova...");
  23:src/semaphore.cpp ****         return;
  24:src/semaphore.cpp ****     }
  25:src/semaphore.cpp **** 
  26:src/semaphore.cpp ****     newThread->setBlocked(false);
 166              		.loc 1 26 5
 167              	.LVL16:
 168              	.LBB32:
 169              	.LBB33:
 170              		.loc 2 27 9
 171              		.loc 2 27 22 is_stmt 0
 172 00d4 A3880404 		sb	zero,81(s1)
 173              	.LVL17:
 174              	.LBE33:
 175              	.LBE32:
  27:src/semaphore.cpp ****     Scheduler::put(newThread);
 176              		.loc 1 27 5 is_stmt 1
 177              		.loc 1 27 19 is_stmt 0
GAS LISTING /tmp/ccIb6ZQh.s 			page 6


 178 00d8 13850400 		mv	a0,s1
 179 00dc 97000000 		call	_ZN9Scheduler3putEP3TCB@plt
 179      E7800000 
 180              	.LVL18:
 181              	.L5:
  28:src/semaphore.cpp **** //    printString("///////////////////\n");
  29:src/semaphore.cpp **** //    Scheduler::printAllThreads();
  30:src/semaphore.cpp **** 
  31:src/semaphore.cpp **** }
 182              		.loc 1 31 1
 183 00e4 83308101 		ld	ra,24(sp)
 184              		.cfi_remember_state
 185              		.cfi_restore 1
 186 00e8 03340101 		ld	s0,16(sp)
 187              		.cfi_restore 8
 188              		.cfi_def_cfa 2, 32
 189 00ec 83348100 		ld	s1,8(sp)
 190              		.cfi_restore 9
 191 00f0 13010102 		addi	sp,sp,32
 192              		.cfi_def_cfa_offset 0
 193 00f4 67800000 		jr	ra
 194              	.LVL19:
 195              	.L11:
 196              		.cfi_restore_state
 197              	.LBB34:
 198              	.LBB31:
  45:src/../h/list.hpp **** 
 199              		.loc 3 45 13
 200 00f8 23B00702 		sd	zero,32(a5)
 201 00fc 6FF09FFC 		j	.L7
 202              	.LVL20:
 203              	.L6:
 204              	.LBE31:
 205              	.LBE34:
  22:src/semaphore.cpp ****         return;
 206              		.loc 1 22 9 is_stmt 1
  22:src/semaphore.cpp ****         return;
 207              		.loc 1 22 20 is_stmt 0
 208 0100 17050000 		lla	a0,.LC0
 208      13050500 
 209 0108 97000000 		call	printString@plt
 209      E7800000 
 210              	.LVL21:
  23:src/semaphore.cpp ****     }
 211              		.loc 1 23 9 is_stmt 1
 212 0110 6FF05FFD 		j	.L5
 213              		.cfi_endproc
 214              	.LFE34:
 216              		.align	2
 217              		.globl	_ZN3sem4waitEv
 219              	_ZN3sem4waitEv:
 220              	.LFB35:
  32:src/semaphore.cpp **** 
  33:src/semaphore.cpp **** int sem::wait() {
 221              		.loc 1 33 17
 222              		.cfi_startproc
 223              	.LVL22:
GAS LISTING /tmp/ccIb6ZQh.s 			page 7


  34:src/semaphore.cpp ****     value -= 1;
 224              		.loc 1 34 5
 225              		.loc 1 34 11 is_stmt 0
 226 0114 83278500 		lw	a5,8(a0)
 227 0118 9B87F7FF 		addiw	a5,a5,-1
 228 011c 2324F500 		sw	a5,8(a0)
  35:src/semaphore.cpp ****     if(value < 0) block();
 229              		.loc 1 35 5 is_stmt 1
 230              		.loc 1 35 8 is_stmt 0
 231 0120 83278500 		lw	a5,8(a0)
 232              		.loc 1 35 5
 233 0124 13970702 		slli	a4,a5,32
 234 0128 63460700 		bltz	a4,.L18
  36:src/semaphore.cpp ****     return 0;
 235              		.loc 1 36 5 is_stmt 1
  37:src/semaphore.cpp **** }
 236              		.loc 1 37 1 is_stmt 0
 237 012c 13050000 		li	a0,0
 238              	.LVL23:
 239 0130 67800000 		ret
 240              	.LVL24:
 241              	.L18:
  33:src/semaphore.cpp ****     value -= 1;
 242              		.loc 1 33 17 discriminator 1
 243 0134 130101FF 		addi	sp,sp,-16
 244              		.cfi_def_cfa_offset 16
 245 0138 23341100 		sd	ra,8(sp)
 246 013c 23308100 		sd	s0,0(sp)
 247              		.cfi_offset 1, -8
 248              		.cfi_offset 8, -16
 249 0140 13040101 		addi	s0,sp,16
 250              		.cfi_def_cfa 8, 0
  35:src/semaphore.cpp ****     return 0;
 251              		.loc 1 35 19 is_stmt 1 discriminator 1
  35:src/semaphore.cpp ****     return 0;
 252              		.loc 1 35 24 is_stmt 0 discriminator 1
 253 0144 97000000 		call	_ZN3sem5blockEv
 253      E7800000 
 254              	.LVL25:
  36:src/semaphore.cpp **** }
 255              		.loc 1 36 5 is_stmt 1 discriminator 1
 256              		.loc 1 37 1 is_stmt 0 discriminator 1
 257 014c 13050000 		li	a0,0
 258 0150 83308100 		ld	ra,8(sp)
 259              		.cfi_restore 1
 260 0154 03340100 		ld	s0,0(sp)
 261              		.cfi_restore 8
 262              		.cfi_def_cfa 2, 16
 263 0158 13010101 		addi	sp,sp,16
 264              		.cfi_def_cfa_offset 0
 265 015c 67800000 		jr	ra
 266              		.cfi_endproc
 267              	.LFE35:
 269              		.align	2
 270              		.globl	_ZN3sem6signalEb
 272              	_ZN3sem6signalEb:
 273              	.LFB36:
GAS LISTING /tmp/ccIb6ZQh.s 			page 8


  38:src/semaphore.cpp **** 
  39:src/semaphore.cpp **** int sem::signal(bool miki) {
 274              		.loc 1 39 28 is_stmt 1
 275              		.cfi_startproc
 276              	.LVL26:
  40:src/semaphore.cpp ****     value += 1;
 277              		.loc 1 40 5
 278              		.loc 1 40 11 is_stmt 0
 279 0160 83278500 		lw	a5,8(a0)
 280 0164 9B871700 		addiw	a5,a5,1
 281 0168 2324F500 		sw	a5,8(a0)
  41:src/semaphore.cpp ****     if(value <= 0)  {
 282              		.loc 1 41 5 is_stmt 1
 283              		.loc 1 41 8 is_stmt 0
 284 016c 83278500 		lw	a5,8(a0)
 285 0170 9B870700 		sext.w	a5,a5
 286              		.loc 1 41 5
 287 0174 6356F000 		blez	a5,.L25
  42:src/semaphore.cpp ****         unblock();
  43:src/semaphore.cpp ****         if (miki)
  44:src/semaphore.cpp ****             TCB::dispatch();
  45:src/semaphore.cpp ****     }
  46:src/semaphore.cpp **** 
  47:src/semaphore.cpp ****     return 0;
 288              		.loc 1 47 5 is_stmt 1
  48:src/semaphore.cpp **** }
 289              		.loc 1 48 1 is_stmt 0
 290 0178 13050000 		li	a0,0
 291              	.LVL27:
 292 017c 67800000 		ret
 293              	.LVL28:
 294              	.L25:
  39:src/semaphore.cpp ****     value += 1;
 295              		.loc 1 39 28
 296 0180 130101FE 		addi	sp,sp,-32
 297              		.cfi_def_cfa_offset 32
 298 0184 233C1100 		sd	ra,24(sp)
 299 0188 23388100 		sd	s0,16(sp)
 300 018c 23349100 		sd	s1,8(sp)
 301              		.cfi_offset 1, -8
 302              		.cfi_offset 8, -16
 303              		.cfi_offset 9, -24
 304 0190 13040102 		addi	s0,sp,32
 305              		.cfi_def_cfa 8, 0
 306 0194 93840500 		mv	s1,a1
  42:src/semaphore.cpp ****         unblock();
 307              		.loc 1 42 9 is_stmt 1
  42:src/semaphore.cpp ****         unblock();
 308              		.loc 1 42 16 is_stmt 0
 309 0198 97000000 		call	_ZN3sem7unblockEv
 309      E7800000 
 310              	.LVL29:
  43:src/semaphore.cpp ****             TCB::dispatch();
 311              		.loc 1 43 9 is_stmt 1
 312 01a0 639E0400 		bnez	s1,.L26
 313              	.L20:
  47:src/semaphore.cpp **** }
GAS LISTING /tmp/ccIb6ZQh.s 			page 9


 314              		.loc 1 47 5
 315              		.loc 1 48 1 is_stmt 0
 316 01a4 13050000 		li	a0,0
 317 01a8 83308101 		ld	ra,24(sp)
 318              		.cfi_remember_state
 319              		.cfi_restore 1
 320 01ac 03340101 		ld	s0,16(sp)
 321              		.cfi_restore 8
 322              		.cfi_def_cfa 2, 32
 323 01b0 83348100 		ld	s1,8(sp)
 324              		.cfi_restore 9
 325 01b4 13010102 		addi	sp,sp,32
 326              		.cfi_def_cfa_offset 0
 327 01b8 67800000 		jr	ra
 328              	.L26:
 329              		.cfi_restore_state
  44:src/semaphore.cpp ****     }
 330              		.loc 1 44 13 is_stmt 1
  44:src/semaphore.cpp ****     }
 331              		.loc 1 44 26 is_stmt 0
 332 01bc 97000000 		call	_ZN3TCB8dispatchEv@plt
 332      E7800000 
 333              	.LVL30:
 334 01c4 6FF01FFE 		j	.L20
 335              		.cfi_endproc
 336              	.LFE36:
 338              		.align	2
 339              		.globl	_ZN3sem5closeEv
 341              	_ZN3sem5closeEv:
 342              	.LFB37:
  49:src/semaphore.cpp **** 
  50:src/semaphore.cpp **** int sem::close() {
 343              		.loc 1 50 18 is_stmt 1
 344              		.cfi_startproc
 345              	.LVL31:
 346 01c8 130101FE 		addi	sp,sp,-32
 347              		.cfi_def_cfa_offset 32
 348 01cc 233C1100 		sd	ra,24(sp)
 349 01d0 23388100 		sd	s0,16(sp)
 350 01d4 23349100 		sd	s1,8(sp)
 351 01d8 23302101 		sd	s2,0(sp)
 352              		.cfi_offset 1, -8
 353              		.cfi_offset 8, -16
 354              		.cfi_offset 9, -24
 355              		.cfi_offset 18, -32
 356 01dc 13040102 		addi	s0,sp,32
 357              		.cfi_def_cfa 8, 0
 358 01e0 93040500 		mv	s1,a0
  51:src/semaphore.cpp ****     //printString("jebeni closed\n");
  52:src/semaphore.cpp **** 
  53:src/semaphore.cpp **** //    if (closed)
  54:src/semaphore.cpp **** //        return -2; //sem closed
  55:src/semaphore.cpp ****     closed = true;
 359              		.loc 1 55 5
 360              		.loc 1 55 12 is_stmt 0
 361 01e4 93071000 		li	a5,1
 362 01e8 2306F500 		sb	a5,12(a0)
GAS LISTING /tmp/ccIb6ZQh.s 			page 10


 363 01ec 6F000002 		j	.L30
 364              	.LVL32:
 365              	.L32:
 366              	.LBB35:
 367              	.LBB36:
 368              	.LBB37:
  45:src/../h/list.hpp **** 
 369              		.loc 3 45 13
 370 01f0 23B00402 		sd	zero,32(s1)
 371              	.L29:
  47:src/../h/list.hpp ****         delete elem;
 372              		.loc 3 47 12
 373 01f4 03390500 		ld	s2,0(a0)
 374              	.LVL33:
 375              		.loc 3 48 9
 376 01f8 97000000 		call	_ZdlPv@plt
 376      E7800000 
 377              	.LVL34:
 378              	.LBE37:
 379              	.LBE36:
  56:src/semaphore.cpp ****     while(blocked.peekFirst()) {
  57:src/semaphore.cpp ****         TCB* thread = blocked.removeFirst();
  58:src/semaphore.cpp ****         Scheduler::put(thread);
 380              		.loc 1 58 9 is_stmt 1
 381              		.loc 1 58 23 is_stmt 0
 382 0200 13050900 		mv	a0,s2
 383 0204 97000000 		call	_ZN9Scheduler3putEP3TCB@plt
 383      E7800000 
 384              	.LVL35:
 385              	.L30:
 386              	.LBE35:
  56:src/semaphore.cpp ****     while(blocked.peekFirst()) {
 387              		.loc 1 56 5 is_stmt 1
  56:src/semaphore.cpp ****     while(blocked.peekFirst()) {
 388              		.loc 1 56 29
 389              	.LBB40:
 390              	.LBB41:
  49:src/../h/list.hpp ****         return ret;
  50:src/../h/list.hpp ****     }
  51:src/../h/list.hpp **** 
  52:src/../h/list.hpp ****     T *peekFirst() {
  53:src/../h/list.hpp ****         if(!head)
 391              		.loc 3 53 13 is_stmt 0
 392 020c 03B58401 		ld	a0,24(s1)
 393              		.loc 3 53 9
 394 0210 630E0500 		beqz	a0,.L28
  54:src/../h/list.hpp ****             return 0;
  55:src/../h/list.hpp ****         return head->data;
 395              		.loc 3 55 22
 396 0214 83370500 		ld	a5,0(a0)
 397              	.LVL36:
 398              	.LBE41:
 399              	.LBE40:
  56:src/semaphore.cpp ****         TCB* thread = blocked.removeFirst();
 400              		.loc 1 56 29
 401 0218 638A0700 		beqz	a5,.L28
 402              	.LBB42:
GAS LISTING /tmp/ccIb6ZQh.s 			page 11


  57:src/semaphore.cpp ****         Scheduler::put(thread);
 403              		.loc 1 57 9 is_stmt 1
 404              	.LVL37:
 405              	.LBB39:
 406              	.LBB38:
  43:src/../h/list.hpp ****         if(!head)
 407              		.loc 3 43 22 is_stmt 0
 408 021c 83378500 		ld	a5,8(a0)
  43:src/../h/list.hpp ****         if(!head)
 409              		.loc 3 43 9
 410 0220 23BCF400 		sd	a5,24(s1)
  44:src/../h/list.hpp ****             tail = 0;
 411              		.loc 3 44 9
 412 0224 E39807FC 		bnez	a5,.L29
 413 0228 6FF09FFC 		j	.L32
 414              	.LVL38:
 415              	.L28:
 416              	.LBE38:
 417              	.LBE39:
 418              	.LBE42:
  59:src/semaphore.cpp ****     }
  60:src/semaphore.cpp ****     TCB::dispatch();
 419              		.loc 1 60 5 is_stmt 1
 420              		.loc 1 60 18 is_stmt 0
 421 022c 97000000 		call	_ZN3TCB8dispatchEv@plt
 421      E7800000 
 422              	.LVL39:
  61:src/semaphore.cpp ****     return 0;
 423              		.loc 1 61 5 is_stmt 1
  62:src/semaphore.cpp **** }
 424              		.loc 1 62 1 is_stmt 0
 425 0234 13050000 		li	a0,0
 426 0238 83308101 		ld	ra,24(sp)
 427              		.cfi_restore 1
 428 023c 03340101 		ld	s0,16(sp)
 429              		.cfi_restore 8
 430              		.cfi_def_cfa 2, 32
 431 0240 83348100 		ld	s1,8(sp)
 432              		.cfi_restore 9
 433              	.LVL40:
 434 0244 03390100 		ld	s2,0(sp)
 435              		.cfi_restore 18
 436 0248 13010102 		addi	sp,sp,32
 437              		.cfi_def_cfa_offset 0
 438 024c 67800000 		jr	ra
 439              		.cfi_endproc
 440              	.LFE37:
 442              		.align	2
 443              		.globl	_ZN3semD2Ev
 445              	_ZN3semD2Ev:
 446              	.LFB39:
  63:src/semaphore.cpp **** 
  64:src/semaphore.cpp **** sem::~sem(){
 447              		.loc 1 64 1 is_stmt 1
 448              		.cfi_startproc
 449              		.cfi_personality 0x9b,DW.ref.__gxx_personality_v0
 450              		.cfi_lsda 0x1b,.LLSDA39
GAS LISTING /tmp/ccIb6ZQh.s 			page 12


 451              	.LVL41:
 452 0250 130101FF 		addi	sp,sp,-16
 453              		.cfi_def_cfa_offset 16
 454 0254 23341100 		sd	ra,8(sp)
 455 0258 23308100 		sd	s0,0(sp)
 456              		.cfi_offset 1, -8
 457              		.cfi_offset 8, -16
 458 025c 13040101 		addi	s0,sp,16
 459              		.cfi_def_cfa 8, 0
 460              	.LBB43:
  65:src/semaphore.cpp ****     close();
 461              		.loc 1 65 5
 462              		.loc 1 65 10 is_stmt 0
 463 0260 97000000 		call	_ZN3sem5closeEv
 463      E7800000 
 464              	.LVL42:
 465              	.LBE43:
  66:src/semaphore.cpp **** }
 466              		.loc 1 66 1
 467 0268 83308100 		ld	ra,8(sp)
 468              		.cfi_restore 1
 469 026c 03340100 		ld	s0,0(sp)
 470              		.cfi_restore 8
 471              		.cfi_def_cfa 2, 16
 472 0270 13010101 		addi	sp,sp,16
 473              		.cfi_def_cfa_offset 0
 474 0274 67800000 		jr	ra
 475              		.cfi_endproc
 476              	.LFE39:
 477              		.globl	__gxx_personality_v0
 478              		.section	.gcc_except_table,"a",@progbits
 479              	.LLSDA39:
 480 0000 FF       		.byte	0xff
 481 0001 FF       		.byte	0xff
 482 0002 03       		.byte	0x3
 483 0003 00       		.byte	0
 484              		.text
 486              		.globl	_ZN3semD1Ev
 487              		.set	_ZN3semD1Ev,_ZN3semD2Ev
 488              	.Letext0:
 489              		.file 4 "src/../h/../lib/hw.h"
 490              		.file 5 "src/../h/syscall_c.hpp"
 491              		.file 6 "src/../h/semaphore.hpp"
 492              		.file 7 "src/../h/scheduler.hpp"
 493              		.file 8 "src/../h/print.hpp"
 3804              		.align	3
 3807              	DW.ref.__gxx_personality_v0:
 3808 0000 00000000 		.dword	__gxx_personality_v0
 3808      00000000 
 3809              		.ident	"GCC: (Ubuntu 9.4.0-1ubuntu1~20.04) 9.4.0"
 3810              		.section	.note.GNU-stack,"",@progbits
GAS LISTING /tmp/ccIb6ZQh.s 			page 13


DEFINED SYMBOLS
                            *ABS*:0000000000000000 semaphore.cpp
     /tmp/ccIb6ZQh.s:9      .text:0000000000000000 _ZN3sem5blockEv
     /tmp/ccIb6ZQh.s:13     .text:0000000000000000 .L0 
     /tmp/ccIb6ZQh.s:15     .text:0000000000000000 .L0 
     /tmp/ccIb6ZQh.s:16     .text:0000000000000004 .L0 
     /tmp/ccIb6ZQh.s:21     .text:0000000000000014 .L0 
     /tmp/ccIb6ZQh.s:22     .text:0000000000000014 .L0 
     /tmp/ccIb6ZQh.s:23     .text:0000000000000014 .L0 
     /tmp/ccIb6ZQh.s:24     .text:0000000000000014 .L0 
     /tmp/ccIb6ZQh.s:26     .text:0000000000000018 .L0 
     /tmp/ccIb6ZQh.s:29     .text:000000000000001c .L0 
     /tmp/ccIb6ZQh.s:31     .text:0000000000000020 .L0 
     /tmp/ccIb6ZQh.s:34     .text:0000000000000028 .L0 
     /tmp/ccIb6ZQh.s:35     .text:0000000000000028 .L0 
     /tmp/ccIb6ZQh.s:42     .text:0000000000000034 .L0 
     /tmp/ccIb6ZQh.s:43     .text:0000000000000034 .L0 
     /tmp/ccIb6ZQh.s:52     .text:000000000000003c .L0 
     /tmp/ccIb6ZQh.s:53     .text:000000000000003c .L0 
     /tmp/ccIb6ZQh.s:60     .text:0000000000000048 .L0 
     /tmp/ccIb6ZQh.s:66     .text:0000000000000050 .L0 
     /tmp/ccIb6ZQh.s:68     .text:0000000000000054 .L0 
     /tmp/ccIb6ZQh.s:70     .text:0000000000000058 .L0 
     /tmp/ccIb6ZQh.s:72     .text:000000000000005c .L0 
     /tmp/ccIb6ZQh.s:78     .text:0000000000000060 .L0 
     /tmp/ccIb6ZQh.s:79     .text:0000000000000060 .L0 
     /tmp/ccIb6ZQh.s:82     .text:0000000000000068 .L0 
     /tmp/ccIb6ZQh.s:83     .text:000000000000006c .L0 
     /tmp/ccIb6ZQh.s:84     .text:000000000000006c .L0 
     /tmp/ccIb6ZQh.s:86     .text:0000000000000070 .L0 
     /tmp/ccIb6ZQh.s:87     .text:0000000000000070 .L0 
     /tmp/ccIb6ZQh.s:89     .text:0000000000000074 .L0 
     /tmp/ccIb6ZQh.s:92     .text:0000000000000078 .L0 
     /tmp/ccIb6ZQh.s:94     .text:000000000000007c .L0 
     /tmp/ccIb6ZQh.s:98     .text:0000000000000080 .L0 
     /tmp/ccIb6ZQh.s:102    .text:0000000000000080 .L0 
     /tmp/ccIb6ZQh.s:107    .text:000000000000008c .L0 
     /tmp/ccIb6ZQh.s:118    .text:000000000000008c _ZN3sem7unblockEv
     /tmp/ccIb6ZQh.s:121    .text:000000000000008c .L0 
     /tmp/ccIb6ZQh.s:123    .text:000000000000008c .L0 
     /tmp/ccIb6ZQh.s:124    .text:0000000000000090 .L0 
     /tmp/ccIb6ZQh.s:128    .text:000000000000009c .L0 
     /tmp/ccIb6ZQh.s:129    .text:000000000000009c .L0 
     /tmp/ccIb6ZQh.s:130    .text:000000000000009c .L0 
     /tmp/ccIb6ZQh.s:132    .text:00000000000000a0 .L0 
     /tmp/ccIb6ZQh.s:135    .text:00000000000000a4 .L0 
     /tmp/ccIb6ZQh.s:137    .text:00000000000000a8 .L0 
     /tmp/ccIb6ZQh.s:143    .text:00000000000000b0 .L0 
     /tmp/ccIb6ZQh.s:144    .text:00000000000000b0 .L0 
     /tmp/ccIb6ZQh.s:147    .text:00000000000000b4 .L0 
     /tmp/ccIb6ZQh.s:150    .text:00000000000000b8 .L0 
     /tmp/ccIb6ZQh.s:152    .text:00000000000000bc .L0 
     /tmp/ccIb6ZQh.s:154    .text:00000000000000c0 .L0 
     /tmp/ccIb6ZQh.s:157    .text:00000000000000c4 .L0 
     /tmp/ccIb6ZQh.s:160    .text:00000000000000c8 .L0 
     /tmp/ccIb6ZQh.s:165    .text:00000000000000d0 .L0 
     /tmp/ccIb6ZQh.s:170    .text:00000000000000d4 .L0 
GAS LISTING /tmp/ccIb6ZQh.s 			page 14


     /tmp/ccIb6ZQh.s:171    .text:00000000000000d4 .L0 
     /tmp/ccIb6ZQh.s:172    .text:00000000000000d4 .L0 
     /tmp/ccIb6ZQh.s:177    .text:00000000000000d8 .L0 
     /tmp/ccIb6ZQh.s:178    .text:00000000000000d8 .L0 
     /tmp/ccIb6ZQh.s:183    .text:00000000000000e4 .L0 
     /tmp/ccIb6ZQh.s:184    .text:00000000000000e8 .L0 
     /tmp/ccIb6ZQh.s:185    .text:00000000000000e8 .L0 
     /tmp/ccIb6ZQh.s:187    .text:00000000000000ec .L0 
     /tmp/ccIb6ZQh.s:188    .text:00000000000000ec .L0 
     /tmp/ccIb6ZQh.s:190    .text:00000000000000f0 .L0 
     /tmp/ccIb6ZQh.s:192    .text:00000000000000f4 .L0 
     /tmp/ccIb6ZQh.s:196    .text:00000000000000f8 .L0 
     /tmp/ccIb6ZQh.s:200    .text:00000000000000f8 .L0 
     /tmp/ccIb6ZQh.s:207    .text:0000000000000100 .L0 
     /tmp/ccIb6ZQh.s:208    .text:0000000000000100 .L0 
     /tmp/ccIb6ZQh.s:212    .text:0000000000000110 .L0 
     /tmp/ccIb6ZQh.s:213    .text:0000000000000114 .L0 
     /tmp/ccIb6ZQh.s:219    .text:0000000000000114 _ZN3sem4waitEv
     /tmp/ccIb6ZQh.s:222    .text:0000000000000114 .L0 
     /tmp/ccIb6ZQh.s:224    .text:0000000000000114 .L0 
     /tmp/ccIb6ZQh.s:225    .text:0000000000000114 .L0 
     /tmp/ccIb6ZQh.s:226    .text:0000000000000114 .L0 
     /tmp/ccIb6ZQh.s:230    .text:0000000000000120 .L0 
     /tmp/ccIb6ZQh.s:231    .text:0000000000000120 .L0 
     /tmp/ccIb6ZQh.s:233    .text:0000000000000124 .L0 
     /tmp/ccIb6ZQh.s:236    .text:000000000000012c .L0 
     /tmp/ccIb6ZQh.s:237    .text:000000000000012c .L0 
     /tmp/ccIb6ZQh.s:243    .text:0000000000000134 .L0 
     /tmp/ccIb6ZQh.s:244    .text:0000000000000138 .L0 
     /tmp/ccIb6ZQh.s:247    .text:0000000000000140 .L0 
     /tmp/ccIb6ZQh.s:248    .text:0000000000000140 .L0 
     /tmp/ccIb6ZQh.s:250    .text:0000000000000144 .L0 
     /tmp/ccIb6ZQh.s:252    .text:0000000000000144 .L0 
     /tmp/ccIb6ZQh.s:253    .text:0000000000000144 .L0 
     /tmp/ccIb6ZQh.s:256    .text:000000000000014c .L0 
     /tmp/ccIb6ZQh.s:257    .text:000000000000014c .L0 
     /tmp/ccIb6ZQh.s:259    .text:0000000000000154 .L0 
     /tmp/ccIb6ZQh.s:261    .text:0000000000000158 .L0 
     /tmp/ccIb6ZQh.s:262    .text:0000000000000158 .L0 
     /tmp/ccIb6ZQh.s:264    .text:000000000000015c .L0 
     /tmp/ccIb6ZQh.s:266    .text:0000000000000160 .L0 
     /tmp/ccIb6ZQh.s:272    .text:0000000000000160 _ZN3sem6signalEb
     /tmp/ccIb6ZQh.s:275    .text:0000000000000160 .L0 
     /tmp/ccIb6ZQh.s:277    .text:0000000000000160 .L0 
     /tmp/ccIb6ZQh.s:278    .text:0000000000000160 .L0 
     /tmp/ccIb6ZQh.s:279    .text:0000000000000160 .L0 
     /tmp/ccIb6ZQh.s:283    .text:000000000000016c .L0 
     /tmp/ccIb6ZQh.s:284    .text:000000000000016c .L0 
     /tmp/ccIb6ZQh.s:287    .text:0000000000000174 .L0 
     /tmp/ccIb6ZQh.s:289    .text:0000000000000178 .L0 
     /tmp/ccIb6ZQh.s:290    .text:0000000000000178 .L0 
     /tmp/ccIb6ZQh.s:296    .text:0000000000000180 .L0 
     /tmp/ccIb6ZQh.s:297    .text:0000000000000184 .L0 
     /tmp/ccIb6ZQh.s:301    .text:0000000000000190 .L0 
     /tmp/ccIb6ZQh.s:302    .text:0000000000000190 .L0 
     /tmp/ccIb6ZQh.s:303    .text:0000000000000190 .L0 
     /tmp/ccIb6ZQh.s:305    .text:0000000000000194 .L0 
GAS LISTING /tmp/ccIb6ZQh.s 			page 15


     /tmp/ccIb6ZQh.s:308    .text:0000000000000198 .L0 
     /tmp/ccIb6ZQh.s:309    .text:0000000000000198 .L0 
     /tmp/ccIb6ZQh.s:312    .text:00000000000001a0 .L0 
     /tmp/ccIb6ZQh.s:315    .text:00000000000001a4 .L0 
     /tmp/ccIb6ZQh.s:316    .text:00000000000001a4 .L0 
     /tmp/ccIb6ZQh.s:318    .text:00000000000001ac .L0 
     /tmp/ccIb6ZQh.s:319    .text:00000000000001ac .L0 
     /tmp/ccIb6ZQh.s:321    .text:00000000000001b0 .L0 
     /tmp/ccIb6ZQh.s:322    .text:00000000000001b0 .L0 
     /tmp/ccIb6ZQh.s:324    .text:00000000000001b4 .L0 
     /tmp/ccIb6ZQh.s:326    .text:00000000000001b8 .L0 
     /tmp/ccIb6ZQh.s:329    .text:00000000000001bc .L0 
     /tmp/ccIb6ZQh.s:331    .text:00000000000001bc .L0 
     /tmp/ccIb6ZQh.s:332    .text:00000000000001bc .L0 
     /tmp/ccIb6ZQh.s:335    .text:00000000000001c8 .L0 
     /tmp/ccIb6ZQh.s:341    .text:00000000000001c8 _ZN3sem5closeEv
     /tmp/ccIb6ZQh.s:344    .text:00000000000001c8 .L0 
     /tmp/ccIb6ZQh.s:346    .text:00000000000001c8 .L0 
     /tmp/ccIb6ZQh.s:347    .text:00000000000001cc .L0 
     /tmp/ccIb6ZQh.s:352    .text:00000000000001dc .L0 
     /tmp/ccIb6ZQh.s:353    .text:00000000000001dc .L0 
     /tmp/ccIb6ZQh.s:354    .text:00000000000001dc .L0 
     /tmp/ccIb6ZQh.s:355    .text:00000000000001dc .L0 
     /tmp/ccIb6ZQh.s:357    .text:00000000000001e0 .L0 
     /tmp/ccIb6ZQh.s:360    .text:00000000000001e4 .L0 
     /tmp/ccIb6ZQh.s:361    .text:00000000000001e4 .L0 
     /tmp/ccIb6ZQh.s:370    .text:00000000000001f0 .L0 
     /tmp/ccIb6ZQh.s:373    .text:00000000000001f4 .L0 
     /tmp/ccIb6ZQh.s:376    .text:00000000000001f8 .L0 
     /tmp/ccIb6ZQh.s:381    .text:0000000000000200 .L0 
     /tmp/ccIb6ZQh.s:382    .text:0000000000000200 .L0 
     /tmp/ccIb6ZQh.s:388    .text:000000000000020c .L0 
     /tmp/ccIb6ZQh.s:391    .text:000000000000020c .L0 
     /tmp/ccIb6ZQh.s:392    .text:000000000000020c .L0 
     /tmp/ccIb6ZQh.s:394    .text:0000000000000210 .L0 
     /tmp/ccIb6ZQh.s:396    .text:0000000000000214 .L0 
     /tmp/ccIb6ZQh.s:401    .text:0000000000000218 .L0 
     /tmp/ccIb6ZQh.s:407    .text:000000000000021c .L0 
     /tmp/ccIb6ZQh.s:408    .text:000000000000021c .L0 
     /tmp/ccIb6ZQh.s:410    .text:0000000000000220 .L0 
     /tmp/ccIb6ZQh.s:412    .text:0000000000000224 .L0 
     /tmp/ccIb6ZQh.s:420    .text:000000000000022c .L0 
     /tmp/ccIb6ZQh.s:421    .text:000000000000022c .L0 
     /tmp/ccIb6ZQh.s:424    .text:0000000000000234 .L0 
     /tmp/ccIb6ZQh.s:425    .text:0000000000000234 .L0 
     /tmp/ccIb6ZQh.s:427    .text:000000000000023c .L0 
     /tmp/ccIb6ZQh.s:429    .text:0000000000000240 .L0 
     /tmp/ccIb6ZQh.s:430    .text:0000000000000240 .L0 
     /tmp/ccIb6ZQh.s:432    .text:0000000000000244 .L0 
     /tmp/ccIb6ZQh.s:435    .text:0000000000000248 .L0 
     /tmp/ccIb6ZQh.s:437    .text:000000000000024c .L0 
     /tmp/ccIb6ZQh.s:439    .text:0000000000000250 .L0 
     /tmp/ccIb6ZQh.s:445    .text:0000000000000250 _ZN3semD2Ev
     /tmp/ccIb6ZQh.s:448    .text:0000000000000250 .L0 
     /tmp/ccIb6ZQh.s:3807   .data.rel.local.DW.ref.__gxx_personality_v0:0000000000000000 DW.ref.__gxx_personality_v0
     /tmp/ccIb6ZQh.s:452    .text:0000000000000250 .L0 
     /tmp/ccIb6ZQh.s:453    .text:0000000000000254 .L0 
GAS LISTING /tmp/ccIb6ZQh.s 			page 16


     /tmp/ccIb6ZQh.s:456    .text:000000000000025c .L0 
     /tmp/ccIb6ZQh.s:457    .text:000000000000025c .L0 
     /tmp/ccIb6ZQh.s:459    .text:0000000000000260 .L0 
     /tmp/ccIb6ZQh.s:462    .text:0000000000000260 .L0 
     /tmp/ccIb6ZQh.s:463    .text:0000000000000260 .L0 
     /tmp/ccIb6ZQh.s:467    .text:0000000000000268 .L0 
     /tmp/ccIb6ZQh.s:468    .text:000000000000026c .L0 
     /tmp/ccIb6ZQh.s:470    .text:0000000000000270 .L0 
     /tmp/ccIb6ZQh.s:471    .text:0000000000000270 .L0 
     /tmp/ccIb6ZQh.s:473    .text:0000000000000274 .L0 
     /tmp/ccIb6ZQh.s:475    .text:0000000000000278 .L0 
     /tmp/ccIb6ZQh.s:445    .text:0000000000000250 _ZN3semD1Ev
     /tmp/ccIb6ZQh.s:494    .text:0000000000000278 .L0 
     /tmp/ccIb6ZQh.s:35     .text:0000000000000028 .L0 
     /tmp/ccIb6ZQh.s:112    .rodata.str1.8:0000000000000000 .LC0
     /tmp/ccIb6ZQh.s:208    .text:0000000000000100 .L0 
     /tmp/ccIb6ZQh.s:97     .text:0000000000000080 .L2
     /tmp/ccIb6ZQh.s:73     .text:0000000000000060 .L3
     /tmp/ccIb6ZQh.s:203    .text:0000000000000100 .L6
     /tmp/ccIb6ZQh.s:195    .text:00000000000000f8 .L11
     /tmp/ccIb6ZQh.s:155    .text:00000000000000c4 .L7
     /tmp/ccIb6ZQh.s:181    .text:00000000000000e4 .L5
     /tmp/ccIb6ZQh.s:241    .text:0000000000000134 .L18
     /tmp/ccIb6ZQh.s:294    .text:0000000000000180 .L25
     /tmp/ccIb6ZQh.s:328    .text:00000000000001bc .L26
     /tmp/ccIb6ZQh.s:313    .text:00000000000001a4 .L20
     /tmp/ccIb6ZQh.s:385    .text:000000000000020c .L30
     /tmp/ccIb6ZQh.s:415    .text:000000000000022c .L28
     /tmp/ccIb6ZQh.s:371    .text:00000000000001f4 .L29
     /tmp/ccIb6ZQh.s:365    .text:00000000000001f0 .L32
     /tmp/ccIb6ZQh.s:1987   .debug_abbrev:0000000000000000 .Ldebug_abbrev0
     /tmp/ccIb6ZQh.s:3751   .debug_str:000000000000073c .LASF133
     /tmp/ccIb6ZQh.s:3603   .debug_str:0000000000000303 .LASF134
     /tmp/ccIb6ZQh.s:3541   .debug_str:0000000000000139 .LASF135
     /tmp/ccIb6ZQh.s:5      .text:0000000000000000 .Ltext0
     /tmp/ccIb6ZQh.s:488    .text:0000000000000278 .Letext0
     /tmp/ccIb6ZQh.s:3497   .debug_line:0000000000000000 .Ldebug_line0
     /tmp/ccIb6ZQh.s:3675   .debug_str:0000000000000509 .LASF0
     /tmp/ccIb6ZQh.s:3691   .debug_str:0000000000000579 .LASF1
     /tmp/ccIb6ZQh.s:3651   .debug_str:000000000000046e .LASF2
     /tmp/ccIb6ZQh.s:3613   .debug_str:0000000000000364 .LASF4
     /tmp/ccIb6ZQh.s:3733   .debug_str:000000000000069c .LASF3
     /tmp/ccIb6ZQh.s:3525   .debug_str:00000000000000cd .LASF5
     /tmp/ccIb6ZQh.s:3561   .debug_str:00000000000001b9 .LASF6
     /tmp/ccIb6ZQh.s:3693   .debug_str:000000000000058c .LASF7
     /tmp/ccIb6ZQh.s:3673   .debug_str:00000000000004f6 .LASF8
     /tmp/ccIb6ZQh.s:3767   .debug_str:0000000000000881 .LASF9
     /tmp/ccIb6ZQh.s:3595   .debug_str:00000000000002bb .LASF10
     /tmp/ccIb6ZQh.s:3705   .debug_str:00000000000005d8 .LASF11
     /tmp/ccIb6ZQh.s:3757   .debug_str:0000000000000811 .LASF12
     /tmp/ccIb6ZQh.s:3529   .debug_str:00000000000000dc .LASF13
     /tmp/ccIb6ZQh.s:3505   .debug_str:000000000000003d .LASF14
     /tmp/ccIb6ZQh.s:3539   .debug_str:000000000000012d .LASF15
     /tmp/ccIb6ZQh.s:3725   .debug_str:0000000000000654 .LASF16
     /tmp/ccIb6ZQh.s:3551   .debug_str:0000000000000182 .LASF17
     /tmp/ccIb6ZQh.s:3511   .debug_str:000000000000005d .LASF136
     /tmp/ccIb6ZQh.s:3571   .debug_str:0000000000000215 .LASF22
GAS LISTING /tmp/ccIb6ZQh.s 			page 17


     /tmp/ccIb6ZQh.s:3715   .debug_str:0000000000000622 .LASF24
     /tmp/ccIb6ZQh.s:3695   .debug_str:000000000000059f .LASF18
     /tmp/ccIb6ZQh.s:3593   .debug_str:00000000000002a4 .LASF20
     /tmp/ccIb6ZQh.s:3509   .debug_str:0000000000000053 .LASF19
     /tmp/ccIb6ZQh.s:3631   .debug_str:00000000000003d1 .LASF21
     /tmp/ccIb6ZQh.s:3653   .debug_str:000000000000047c .LASF23
     /tmp/ccIb6ZQh.s:3607   .debug_str:0000000000000320 .LASF25
     /tmp/ccIb6ZQh.s:3617   .debug_str:0000000000000374 .LASF26
     /tmp/ccIb6ZQh.s:3761   .debug_str:0000000000000836 .LASF27
     /tmp/ccIb6ZQh.s:3641   .debug_str:0000000000000439 .LASF28
     /tmp/ccIb6ZQh.s:3523   .debug_str:00000000000000b4 .LASF29
     /tmp/ccIb6ZQh.s:3591   .debug_str:000000000000029b .LASF30
     /tmp/ccIb6ZQh.s:3513   .debug_str:0000000000000065 .LASF31
     /tmp/ccIb6ZQh.s:3681   .debug_str:000000000000052b .LASF32
     /tmp/ccIb6ZQh.s:3763   .debug_str:000000000000084c .LASF33
     /tmp/ccIb6ZQh.s:3587   .debug_str:0000000000000283 .LASF34
     /tmp/ccIb6ZQh.s:3501   .debug_str:0000000000000008 .LASF35
     /tmp/ccIb6ZQh.s:3625   .debug_str:0000000000000399 .LASF36
     /tmp/ccIb6ZQh.s:3689   .debug_str:0000000000000559 .LASF37
     /tmp/ccIb6ZQh.s:3719   .debug_str:0000000000000633 .LASF39
     /tmp/ccIb6ZQh.s:3637   .debug_str:00000000000003fb .LASF38
     /tmp/ccIb6ZQh.s:3545   .debug_str:0000000000000168 .LASF40
     /tmp/ccIb6ZQh.s:3535   .debug_str:0000000000000102 .LASF41
     /tmp/ccIb6ZQh.s:3639   .debug_str:0000000000000417 .LASF42
     /tmp/ccIb6ZQh.s:3727   .debug_str:000000000000066a .LASF43
     /tmp/ccIb6ZQh.s:3661   .debug_str:000000000000049d .LASF45
     /tmp/ccIb6ZQh.s:3577   .debug_str:0000000000000226 .LASF137
     /tmp/ccIb6ZQh.s:3547   .debug_str:0000000000000170 .LASF59
     /tmp/ccIb6ZQh.s:3679   .debug_str:0000000000000522 .LASF44
     /tmp/ccIb6ZQh.s:3581   .debug_str:0000000000000250 .LASF46
     /tmp/ccIb6ZQh.s:3623   .debug_str:000000000000038d .LASF47
     /tmp/ccIb6ZQh.s:3701   .debug_str:00000000000005c3 .LASF48
     /tmp/ccIb6ZQh.s:3563   .debug_str:00000000000001c0 .LASF49
     /tmp/ccIb6ZQh.s:3697   .debug_str:00000000000005aa .LASF50
     /tmp/ccIb6ZQh.s:3621   .debug_str:0000000000000388 .LASF51
     /tmp/ccIb6ZQh.s:3687   .debug_str:000000000000054f .LASF52
     /tmp/ccIb6ZQh.s:3795   .debug_str:0000000000000976 .LASF53
     /tmp/ccIb6ZQh.s:3683   .debug_str:0000000000000535 .LASF54
     /tmp/ccIb6ZQh.s:3619   .debug_str:000000000000037f .LASF55
     /tmp/ccIb6ZQh.s:3499   .debug_str:0000000000000000 .LASF56
     /tmp/ccIb6ZQh.s:3799   .debug_str:0000000000000988 .LASF57
     /tmp/ccIb6ZQh.s:3517   .debug_str:000000000000007e .LASF58
     /tmp/ccIb6ZQh.s:3643   .debug_str:0000000000000446 .LASF138
     /tmp/ccIb6ZQh.s:3601   .debug_str:00000000000002ea .LASF139
     /tmp/ccIb6ZQh.s:3735   .debug_str:00000000000006ae .LASF60
     /tmp/ccIb6ZQh.s:3779   .debug_str:00000000000008ef .LASF108
     /tmp/ccIb6ZQh.s:3609   .debug_str:0000000000000337 .LASF110
     /tmp/ccIb6ZQh.s:3633   .debug_str:00000000000003e6 .LASF61
     /tmp/ccIb6ZQh.s:3605   .debug_str:0000000000000315 .LASF62
     /tmp/ccIb6ZQh.s:3575   .debug_str:0000000000000220 .LASF63
     /tmp/ccIb6ZQh.s:3677   .debug_str:0000000000000516 .LASF140
     /tmp/ccIb6ZQh.s:3783   .debug_str:0000000000000905 .LASF64
     /tmp/ccIb6ZQh.s:3797   .debug_str:000000000000097c .LASF65
     /tmp/ccIb6ZQh.s:3531   .debug_str:00000000000000ec .LASF66
     /tmp/ccIb6ZQh.s:3565   .debug_str:00000000000001d6 .LASF67
     /tmp/ccIb6ZQh.s:3699   .debug_str:00000000000005bc .LASF68
     /tmp/ccIb6ZQh.s:3533   .debug_str:00000000000000f1 .LASF69
GAS LISTING /tmp/ccIb6ZQh.s 			page 18


     /tmp/ccIb6ZQh.s:3713   .debug_str:0000000000000618 .LASF70
     /tmp/ccIb6ZQh.s:3771   .debug_str:00000000000008af .LASF71
     /tmp/ccIb6ZQh.s:3781   .debug_str:00000000000008fd .LASF72
     /tmp/ccIb6ZQh.s:3685   .debug_str:000000000000053d .LASF73
     /tmp/ccIb6ZQh.s:3777   .debug_str:00000000000008e9 .LASF74
     /tmp/ccIb6ZQh.s:3583   .debug_str:0000000000000263 .LASF75
     /tmp/ccIb6ZQh.s:3573   .debug_str:000000000000021a .LASF76
     /tmp/ccIb6ZQh.s:3521   .debug_str:00000000000000a4 .LASF77
     /tmp/ccIb6ZQh.s:3527   .debug_str:00000000000000d4 .LASF78
     /tmp/ccIb6ZQh.s:3773   .debug_str:00000000000008c3 .LASF79
     /tmp/ccIb6ZQh.s:3669   .debug_str:00000000000004e6 .LASF80
     /tmp/ccIb6ZQh.s:3553   .debug_str:0000000000000198 .LASF81
     /tmp/ccIb6ZQh.s:3649   .debug_str:0000000000000467 .LASF82
     /tmp/ccIb6ZQh.s:3655   .debug_str:0000000000000488 .LASF83
     /tmp/ccIb6ZQh.s:3703   .debug_str:00000000000005ce .LASF84
     /tmp/ccIb6ZQh.s:3775   .debug_str:00000000000008d5 .LASF85
     /tmp/ccIb6ZQh.s:3629   .debug_str:00000000000003c1 .LASF86
     /tmp/ccIb6ZQh.s:3569   .debug_str:0000000000000201 .LASF141
     /tmp/ccIb6ZQh.s:3537   .debug_str:0000000000000115 .LASF142
     /tmp/ccIb6ZQh.s:3555   .debug_str:000000000000019e .LASF87
     /tmp/ccIb6ZQh.s:3747   .debug_str:0000000000000712 .LASF143
     /tmp/ccIb6ZQh.s:3789   .debug_str:0000000000000932 .LASF88
     /tmp/ccIb6ZQh.s:3769   .debug_str:0000000000000891 .LASF89
     /tmp/ccIb6ZQh.s:3585   .debug_str:0000000000000273 .LASF90
     /tmp/ccIb6ZQh.s:3765   .debug_str:0000000000000860 .LASF91
     /tmp/ccIb6ZQh.s:3759   .debug_str:0000000000000820 .LASF92
     /tmp/ccIb6ZQh.s:3729   .debug_str:0000000000000670 .LASF93
     /tmp/ccIb6ZQh.s:3635   .debug_str:00000000000003f1 .LASF94
     /tmp/ccIb6ZQh.s:3611   .debug_str:000000000000035f .LASF95
     /tmp/ccIb6ZQh.s:3745   .debug_str:00000000000006ff .LASF96
     /tmp/ccIb6ZQh.s:3723   .debug_str:000000000000063d .LASF97
     /tmp/ccIb6ZQh.s:3665   .debug_str:00000000000004cc .LASF144
     /tmp/ccIb6ZQh.s:3599   .debug_str:00000000000002d3 .LASF145
     /tmp/ccIb6ZQh.s:3749   .debug_str:0000000000000733 .LASF98
     /tmp/ccIb6ZQh.s:3793   .debug_str:0000000000000959 .LASF99
     /tmp/ccIb6ZQh.s:3657   .debug_str:0000000000000490 .LASF100
     /tmp/ccIb6ZQh.s:3567   .debug_str:00000000000001e5 .LASF101
     /tmp/ccIb6ZQh.s:3753   .debug_str:0000000000000800 .LASF102
     /tmp/ccIb6ZQh.s:3503   .debug_str:000000000000001f .LASF103
     /tmp/ccIb6ZQh.s:3597   .debug_str:00000000000002c9 .LASF104
     /tmp/ccIb6ZQh.s:3627   .debug_str:00000000000003a6 .LASF105
     /tmp/ccIb6ZQh.s:3559   .debug_str:00000000000001b4 .LASF109
     /tmp/ccIb6ZQh.s:3721   .debug_str:0000000000000638 .LASF106
     /tmp/ccIb6ZQh.s:3755   .debug_str:000000000000080c .LASF107
     /tmp/ccIb6ZQh.s:3663   .debug_str:00000000000004ad .LASF111
     /tmp/ccIb6ZQh.s:3667   .debug_str:00000000000004d6 .LASF112
     /tmp/ccIb6ZQh.s:3579   .debug_str:000000000000022e .LASF113
     /tmp/ccIb6ZQh.s:3557   .debug_str:00000000000001a9 .LASF114
     /tmp/ccIb6ZQh.s:3519   .debug_str:0000000000000087 .LASF115
     /tmp/ccIb6ZQh.s:3615   .debug_str:000000000000036b .LASF116
     /tmp/ccIb6ZQh.s:3791   .debug_str:000000000000093f .LASF117
     /tmp/ccIb6ZQh.s:3737   .debug_str:00000000000006bf .LASF118
     /tmp/ccIb6ZQh.s:3709   .debug_str:00000000000005f1 .LASF119
     /tmp/ccIb6ZQh.s:3549   .debug_str:000000000000017d .LASF120
     /tmp/ccIb6ZQh.s:3659   .debug_str:0000000000000498 .LASF121
     /tmp/ccIb6ZQh.s:3787   .debug_str:0000000000000917 .LASF146
     /tmp/ccIb6ZQh.s:3543   .debug_str:000000000000015a .LASF122
GAS LISTING /tmp/ccIb6ZQh.s 			page 19


     /tmp/ccIb6ZQh.s:3515   .debug_str:0000000000000079 .LASF123
     /tmp/ccIb6ZQh.s:3711   .debug_str:0000000000000613 .LASF124
     /tmp/ccIb6ZQh.s:3741   .debug_str:00000000000006d6 .LASF147
     /tmp/ccIb6ZQh.s:3717   .debug_str:000000000000062e .LASF125
     /tmp/ccIb6ZQh.s:3707   .debug_str:00000000000005e7 .LASF126
     /tmp/ccIb6ZQh.s:3645   .debug_str:0000000000000454 .LASF148
     /tmp/ccIb6ZQh.s:446    .text:0000000000000250 .LFB39
     /tmp/ccIb6ZQh.s:476    .text:0000000000000278 .LFE39
     /tmp/ccIb6ZQh.s:3112   .debug_loc:0000000000000000 .LLST25
     /tmp/ccIb6ZQh.s:464    .text:0000000000000268 .LVL42
     /tmp/ccIb6ZQh.s:342    .text:00000000000001c8 .LFB37
     /tmp/ccIb6ZQh.s:440    .text:0000000000000250 .LFE37
     /tmp/ccIb6ZQh.s:3126   .debug_loc:0000000000000039 .LLST19
     /tmp/ccIb6ZQh.s:3471   .debug_ranges:0000000000000000 .Ldebug_ranges0
     /tmp/ccIb6ZQh.s:3671   .debug_str:00000000000004ef .LASF127
     /tmp/ccIb6ZQh.s:3144   .debug_loc:0000000000000085 .LLST20
     /tmp/ccIb6ZQh.s:367    .text:00000000000001f0 .LBB36
     /tmp/ccIb6ZQh.s:3151   .debug_loc:00000000000000a8 .LLST21
     /tmp/ccIb6ZQh.s:3166   .debug_loc:00000000000000e2 .LLST22
     /tmp/ccIb6ZQh.s:3177   .debug_loc:0000000000000118 .LLST23
     /tmp/ccIb6ZQh.s:377    .text:0000000000000200 .LVL34
     /tmp/ccIb6ZQh.s:384    .text:000000000000020c .LVL35
     /tmp/ccIb6ZQh.s:389    .text:000000000000020c .LBB40
     /tmp/ccIb6ZQh.s:399    .text:0000000000000218 .LBE40
     /tmp/ccIb6ZQh.s:3184   .debug_loc:000000000000013b .LLST24
     /tmp/ccIb6ZQh.s:422    .text:0000000000000234 .LVL39
     /tmp/ccIb6ZQh.s:273    .text:0000000000000160 .LFB36
     /tmp/ccIb6ZQh.s:336    .text:00000000000001c8 .LFE36
     /tmp/ccIb6ZQh.s:3193   .debug_loc:0000000000000160 .LLST17
     /tmp/ccIb6ZQh.s:3731   .debug_str:0000000000000697 .LASF149
     /tmp/ccIb6ZQh.s:3218   .debug_loc:00000000000001c2 .LLST18
     /tmp/ccIb6ZQh.s:310    .text:00000000000001a0 .LVL29
     /tmp/ccIb6ZQh.s:333    .text:00000000000001c4 .LVL30
     /tmp/ccIb6ZQh.s:220    .text:0000000000000114 .LFB35
     /tmp/ccIb6ZQh.s:267    .text:0000000000000160 .LFE35
     /tmp/ccIb6ZQh.s:3232   .debug_loc:00000000000001fb .LLST16
     /tmp/ccIb6ZQh.s:254    .text:000000000000014c .LVL25
     /tmp/ccIb6ZQh.s:119    .text:000000000000008c .LFB34
     /tmp/ccIb6ZQh.s:214    .text:0000000000000114 .LFE34
     /tmp/ccIb6ZQh.s:3257   .debug_loc:000000000000025d .LLST9
     /tmp/ccIb6ZQh.s:3743   .debug_str:00000000000006f5 .LASF128
     /tmp/ccIb6ZQh.s:3286   .debug_loc:00000000000002d2 .LLST10
     /tmp/ccIb6ZQh.s:141    .text:00000000000000b0 .LBB29
     /tmp/ccIb6ZQh.s:3293   .debug_loc:00000000000002f5 .LLST11
     /tmp/ccIb6ZQh.s:3323   .debug_loc:000000000000035c .LLST12
     /tmp/ccIb6ZQh.s:3334   .debug_loc:0000000000000392 .LLST13
     /tmp/ccIb6ZQh.s:161    .text:00000000000000d0 .LVL15
     /tmp/ccIb6ZQh.s:168    .text:00000000000000d4 .LBB32
     /tmp/ccIb6ZQh.s:175    .text:00000000000000d8 .LBE32
     /tmp/ccIb6ZQh.s:3341   .debug_loc:00000000000003b5 .LLST14
     /tmp/ccIb6ZQh.s:3349   .debug_loc:00000000000003d9 .LLST15
     /tmp/ccIb6ZQh.s:180    .text:00000000000000e4 .LVL18
     /tmp/ccIb6ZQh.s:210    .text:0000000000000110 .LVL21
     /tmp/ccIb6ZQh.s:10     .text:0000000000000000 .LFB33
     /tmp/ccIb6ZQh.s:108    .text:000000000000008c .LFE33
     /tmp/ccIb6ZQh.s:3356   .debug_loc:00000000000003fc .LLST0
     /tmp/ccIb6ZQh.s:38     .text:0000000000000034 .LBB21
GAS LISTING /tmp/ccIb6ZQh.s 			page 20


     /tmp/ccIb6ZQh.s:47     .text:000000000000003c .LBE21
     /tmp/ccIb6ZQh.s:3378   .debug_loc:000000000000045b .LLST1
     /tmp/ccIb6ZQh.s:3386   .debug_loc:000000000000047f .LLST2
     /tmp/ccIb6ZQh.s:49     .text:000000000000003c .LBB23
     /tmp/ccIb6ZQh.s:3393   .debug_loc:00000000000004a2 .LLST3
     /tmp/ccIb6ZQh.s:3404   .debug_loc:00000000000004d8 .LLST4
     /tmp/ccIb6ZQh.s:3425   .debug_loc:0000000000000527 .LLST5
     /tmp/ccIb6ZQh.s:57     .text:0000000000000048 .LBB25
     /tmp/ccIb6ZQh.s:64     .text:0000000000000050 .LBE25
     /tmp/ccIb6ZQh.s:3436   .debug_loc:000000000000055d .LLST6
     /tmp/ccIb6ZQh.s:3444   .debug_loc:0000000000000581 .LLST7
     /tmp/ccIb6ZQh.s:3451   .debug_loc:00000000000005a4 .LLST8
     /tmp/ccIb6ZQh.s:56     .text:0000000000000048 .LVL4
     /tmp/ccIb6ZQh.s:80     .text:0000000000000068 .LVL7
     /tmp/ccIb6ZQh.s:3647   .debug_str:0000000000000460 .LASF129
     /tmp/ccIb6ZQh.s:3739   .debug_str:00000000000006c6 .LASF131
     /tmp/ccIb6ZQh.s:3589   .debug_str:000000000000028f .LASF150
     /tmp/ccIb6ZQh.s:3507   .debug_str:000000000000004d .LASF130
     /tmp/ccIb6ZQh.s:3785   .debug_str:000000000000090a .LASF132
     /tmp/ccIb6ZQh.s:451    .text:0000000000000250 .LVL41
     /tmp/ccIb6ZQh.s:345    .text:00000000000001c8 .LVL31
     /tmp/ccIb6ZQh.s:364    .text:00000000000001f0 .LVL32
     /tmp/ccIb6ZQh.s:433    .text:0000000000000244 .LVL40
     /tmp/ccIb6ZQh.s:404    .text:000000000000021c .LVL37
     /tmp/ccIb6ZQh.s:414    .text:000000000000022c .LVL38
     /tmp/ccIb6ZQh.s:374    .text:00000000000001f8 .LVL33
     /tmp/ccIb6ZQh.s:397    .text:0000000000000218 .LVL36
     /tmp/ccIb6ZQh.s:276    .text:0000000000000160 .LVL26
     /tmp/ccIb6ZQh.s:291    .text:000000000000017c .LVL27
     /tmp/ccIb6ZQh.s:293    .text:0000000000000180 .LVL28
     /tmp/ccIb6ZQh.s:223    .text:0000000000000114 .LVL22
     /tmp/ccIb6ZQh.s:238    .text:0000000000000130 .LVL23
     /tmp/ccIb6ZQh.s:240    .text:0000000000000134 .LVL24
     /tmp/ccIb6ZQh.s:122    .text:000000000000008c .LVL10
     /tmp/ccIb6ZQh.s:145    .text:00000000000000b4 .LVL12
     /tmp/ccIb6ZQh.s:194    .text:00000000000000f8 .LVL19
     /tmp/ccIb6ZQh.s:202    .text:0000000000000100 .LVL20
     /tmp/ccIb6ZQh.s:140    .text:00000000000000b0 .LVL11
     /tmp/ccIb6ZQh.s:148    .text:00000000000000b8 .LVL13
     /tmp/ccIb6ZQh.s:158    .text:00000000000000c8 .LVL14
     /tmp/ccIb6ZQh.s:167    .text:00000000000000d4 .LVL16
     /tmp/ccIb6ZQh.s:173    .text:00000000000000d8 .LVL17
     /tmp/ccIb6ZQh.s:14     .text:0000000000000000 .LVL0
     /tmp/ccIb6ZQh.s:54     .text:0000000000000040 .LVL3
     /tmp/ccIb6ZQh.s:90     .text:0000000000000074 .LVL8
     /tmp/ccIb6ZQh.s:96     .text:0000000000000080 .LVL9
     /tmp/ccIb6ZQh.s:37     .text:0000000000000034 .LVL1
     /tmp/ccIb6ZQh.s:45     .text:000000000000003c .LVL2
     /tmp/ccIb6ZQh.s:74     .text:0000000000000060 .LVL6
     /tmp/ccIb6ZQh.s:62     .text:0000000000000050 .LVL5
     /tmp/ccIb6ZQh.s:495    .debug_info:0000000000000000 .Ldebug_info0
     /tmp/ccIb6ZQh.s:76     .text:0000000000000060 .LBE23
     /tmp/ccIb6ZQh.s:99     .text:0000000000000080 .LBB28
     /tmp/ccIb6ZQh.s:106    .text:000000000000008c .LBE28
     /tmp/ccIb6ZQh.s:163    .text:00000000000000d0 .LBE29
     /tmp/ccIb6ZQh.s:197    .text:00000000000000f8 .LBB34
     /tmp/ccIb6ZQh.s:205    .text:0000000000000100 .LBE34
GAS LISTING /tmp/ccIb6ZQh.s 			page 21


     /tmp/ccIb6ZQh.s:366    .text:00000000000001f0 .LBB35
     /tmp/ccIb6ZQh.s:386    .text:000000000000020c .LBE35
     /tmp/ccIb6ZQh.s:402    .text:000000000000021c .LBB42
     /tmp/ccIb6ZQh.s:418    .text:000000000000022c .LBE42
     /tmp/ccIb6ZQh.s:379    .text:0000000000000200 .LBE36
     /tmp/ccIb6ZQh.s:405    .text:000000000000021c .LBB39
     /tmp/ccIb6ZQh.s:417    .text:000000000000022c .LBE39
     /tmp/ccIb6ZQh.s:479    .gcc_except_table:0000000000000000 .LLSDA39

UNDEFINED SYMBOLS
_ZN3TCB7runningE
_Znwm
_ZN3TCB8dispatchEv
_ZdlPv
_ZN9Scheduler3putEP3TCB
printString
__gxx_personality_v0
